12-23 14:20:22.238 I/IJKMEDIA( 3677): 
12-23 14:20:22.238 I/IJKMEDIA( 3677):       HANDLER_NAME    : 
12-23 14:20:22.238 I/IJKMEDIA( 3677): Alias Data Handler
12-23 14:20:22.238 I/IJKMEDIA( 3677): 
12-23 14:20:22.238 I/IJKMEDIA( 3677):       ENCODER         : 
12-23 14:20:22.238 I/IJKMEDIA( 3677): Lavc56.39.101 libx264
12-23 14:20:22.238 I/IJKMEDIA( 3677): 
12-23 14:20:22.238 I/IJKMEDIA( 3677): degrade not needed
12-23 14:20:22.243 D/IJKMEDIA( 3677): ffpipenode_create_video_decoder_from_android_mediacodec()
12-23 14:20:22.243 I/IJKMEDIA( 3677): select_android_mediacodec: MediaCodec: H264_HIGH: enabled
12-23 14:20:22.243 I/IJKMEDIA( 3677): AMediaFormat: video/avc, 1280x1440
12-23 14:20:22.243 D/IJKMEDIA( 3677): SDL_AMediaFormatJava_createVideoFormat
12-23 14:20:22.243 I/IJKMEDIA( 3677): amc: rotate notify: 0
12-23 14:20:22.243 D/IJKMEDIA( 3677): ffpipeline_select_mediacodec_l
12-23 14:20:22.243 D/IJKMEDIA( 3677): FFP_MSG_VIDEO_ROTATION_CHANGED: 0
12-23 14:20:22.243 I/tv.danmaku.ijk.media.player.IjkMediaPlayer( 3677): onSelectCodec: mime=video/avc, profile=100, level=40
12-23 14:20:22.243 D/tv.danmaku.ijk.media.player.IjkMediaPlayer( 3677):   found codec: OMX.realtek.video.dec.avc
12-23 14:20:22.243 D/tv.danmaku.ijk.media.player.IjkMediaPlayer( 3677):     mime: video/avc
12-23 14:20:22.244 I/tv.danmaku.ijk.media.player.IjkMediaPlayer( 3677): candidate codec: OMX.realtek.video.dec.avc rank=700
12-23 14:20:22.245 I/IjkMediaCodecInfo( 3677):  High Profile Level 42 (8,8192)
12-23 14:20:22.245 D/tv.danmaku.ijk.media.player.IjkMediaPlayer( 3677):   found codec: OMX.realtek.video.dec.mpeg4
12-23 14:20:22.245 D/tv.danmaku.ijk.media.player.IjkMediaPlayer( 3677):     mime: video/mp4v-es
12-23 14:20:22.246 D/tv.danmaku.ijk.media.player.IjkMediaPlayer( 3677):   found codec: OMX.realtek.video.dec.vp8
12-23 14:20:22.246 D/tv.danmaku.ijk.media.player.IjkMediaPlayer( 3677):     mime: video/x-vnd.on2.vp8
12-23 14:20:22.246 D/tv.danmaku.ijk.media.player.IjkMediaPlayer( 3677):   found codec: OMX.realtek.video.dec.3gpp
12-23 14:20:22.246 D/tv.danmaku.ijk.media.player.IjkMediaPlayer( 3677):     mime: video/3gpp
12-23 14:20:22.246 D/tv.danmaku.ijk.media.player.IjkMediaPlayer( 3677):   found codec: OMX.realtek.video.dec.mpeg2
12-23 14:20:22.246 D/tv.danmaku.ijk.media.player.IjkMediaPlayer( 3677):     mime: video/mpeg2
12-23 14:20:22.246 D/tv.danmaku.ijk.media.player.IjkMediaPlayer( 3677):   found codec: OMX.realtek.video.dec.raw
12-23 14:20:22.246 D/tv.danmaku.ijk.media.player.IjkMediaPlayer( 3677):     mime: video/raw
12-23 14:20:22.246 D/tv.danmaku.ijk.media.player.IjkMediaPlayer( 3677):   found codec: OMX.realtek.video.dec.vc1
12-23 14:20:22.246 D/tv.danmaku.ijk.media.player.IjkMediaPlayer( 3677):     mime: video/vc1
12-23 14:20:22.246 D/tv.danmaku.ijk.media.player.IjkMediaPlayer( 3677):   found codec: OMX.realtek.video.dec.divx3
12-23 14:20:22.246 D/tv.danmaku.ijk.media.player.IjkMediaPlayer( 3677):     mime: video/divx3
12-23 14:20:22.246 D/tv.danmaku.ijk.media.player.IjkMediaPlayer( 3677):   found codec: OMX.realtek.video.dec.avs
12-23 14:20:22.246 D/tv.danmaku.ijk.media.player.IjkMediaPlayer( 3677):     mime: video/avs-video
12-23 14:20:22.246 D/tv.danmaku.ijk.media.player.IjkMediaPlayer( 3677):   found codec: OMX.realtek.video.dec.mjpg
12-23 14:20:22.246 D/tv.danmaku.ijk.media.player.IjkMediaPlayer( 3677):     mime: video/x-motion-jpeg
12-23 14:20:22.246 D/tv.danmaku.ijk.media.player.IjkMediaPlayer( 3677):   found codec: OMX.realtek.video.dec.hevc
12-23 14:20:22.246 D/tv.danmaku.ijk.media.player.IjkMediaPlayer( 3677):     mime: video/hevc
12-23 14:20:22.246 D/tv.danmaku.ijk.media.player.IjkMediaPlayer( 3677):   found codec: OMX.realtek.video.dec.wvc1
12-23 14:20:22.246 D/tv.danmaku.ijk.media.player.IjkMediaPlayer( 3677):     mime: video/wvc1
12-23 14:20:22.246 D/tv.danmaku.ijk.media.player.IjkMediaPlayer( 3677):   found codec: OMX.realtek.video.dec.wmv3
12-23 14:20:22.246 D/tv.danmaku.ijk.media.player.IjkMediaPlayer( 3677):     mime: video/wmv3
12-23 14:20:22.246 D/tv.danmaku.ijk.media.player.IjkMediaPlayer( 3677):   found codec: OMX.realtek.video.dec.wmv
12-23 14:20:22.246 D/tv.danmaku.ijk.media.player.IjkMediaPlayer( 3677):     mime: video/x-ms-wmv
12-23 14:20:22.246 D/tv.danmaku.ijk.media.player.IjkMediaPlayer( 3677):   found codec: OMX.realtek.video.dec.mp43
12-23 14:20:22.246 D/tv.danmaku.ijk.media.player.IjkMediaPlayer( 3677):     mime: video/mp43
12-23 14:20:22.246 D/tv.danmaku.ijk.media.player.IjkMediaPlayer( 3677):   found codec: OMX.realtek.video.dec.flv
12-23 14:20:22.246 D/tv.danmaku.ijk.media.player.IjkMediaPlayer( 3677):     mime: video/x-flv
12-23 14:20:22.246 D/tv.danmaku.ijk.media.player.IjkMediaPlayer( 3677):   found codec: OMX.realtek.video.dec.rv30
12-23 14:20:22.246 D/tv.danmaku.ijk.media.player.IjkMediaPlayer( 3677):     mime: video/rv30
12-23 14:20:22.246 D/tv.danmaku.ijk.media.player.IjkMediaPlayer( 3677):   found codec: OMX.realtek.video.dec.rv40
12-23 14:20:22.246 D/tv.danmaku.ijk.media.player.IjkMediaPlayer( 3677):     mime: video/rv40
12-23 14:20:22.246 D/tv.danmaku.ijk.media.player.IjkMediaPlayer( 3677):   found codec: OMX.realtek.video.dec.vp9
12-23 14:20:22.246 D/tv.danmaku.ijk.media.player.IjkMediaPlayer( 3677):     mime: video/x-vnd.on2.vp9
12-23 14:20:22.246 D/tv.danmaku.ijk.media.player.IjkMediaPlayer( 3677):   found codec: OMX.realtek.image.dec
12-23 14:20:22.246 D/tv.danmaku.ijk.media.player.IjkMediaPlayer( 3677):     mime: image/jpeg
12-23 14:20:22.246 D/tv.danmaku.ijk.media.player.IjkMediaPlayer( 3677):   found codec: OMX.realtek.video.enc.avc
12-23 14:20:22.246 D/tv.danmaku.ijk.media.player.IjkMediaPlayer( 3677):   found codec: OMX.realtek.video.enc.mpeg4
12-23 14:20:22.246 D/tv.danmaku.ijk.media.player.IjkMediaPlayer( 3677):   found codec: OMX.realtek.image.enc
12-23 14:20:22.246 D/tv.danmaku.ijk.media.player.IjkMediaPlayer( 3677):   found codec: OMX.google.aac.decoder
12-23 14:20:22.246 D/tv.danmaku.ijk.media.player.IjkMediaPlayer( 3677):     mime: audio/mp4a-latm
12-23 14:20:22.247 D/tv.danmaku.ijk.media.player.IjkMediaPlayer( 3677):   found codec: OMX.google.mp3.decoder
12-23 14:20:22.247 D/tv.danmaku.ijk.media.player.IjkMediaPlayer( 3677):     mime: audio/mpeg
12-23 14:20:22.247 D/tv.danmaku.ijk.media.player.IjkMediaPlayer( 3677):   found codec: OMX.google.raw.decoder
12-23 14:20:22.247 D/tv.danmaku.ijk.media.player.IjkMediaPlayer( 3677):     mime: audio/raw
12-23 14:20:22.247 D/tv.danmaku.ijk.media.player.IjkMediaPlayer( 3677):   found codec: OMX.realtek.audio.dec
12-23 14:20:22.247 D/tv.danmaku.ijk.media.player.IjkMediaPlayer( 3677):     mime: audio/3gpp
12-23 14:20:22.247 D/tv.danmaku.ijk.media.player.IjkMediaPlayer( 3677):     mime: audio/aac-latm
12-23 14:20:22.247 D/tv.danmaku.ijk.media.player.IjkMediaPlayer( 3677):     mime: audio/ac3
12-23 14:20:22.247 D/tv.danmaku.ijk.media.player.IjkMediaPlayer( 3677):     mime: audio/adpcm
12-23 14:20:22.247 D/tv.danmaku.ijk.media.player.IjkMediaPlayer( 3677):     mime: audio/alac_caff
12-23 14:20:22.247 D/tv.danmaku.ijk.media.player.IjkMediaPlayer( 3677):     mime: audio/amr-wb
12-23 14:20:22.247 D/tv.danmaku.ijk.media.player.IjkMediaPlayer( 3677):     mime: audio/ape
12-23 14:20:22.247 D/tv.danmaku.ijk.media.player.IjkMediaPlayer( 3677):     mime: audio/dsd-dsf
12-23 14:20:22.247 D/tv.danmaku.ijk.media.player.IjkMediaPlayer( 3677):     mime: audio/dts
12-23 14:20:22.247 D/tv.danmaku.ijk.media.player.IjkMediaPlayer( 3677):     mime: audio/dts-hd
12-23 14:20:22.247 D/tv.danmaku.ijk.media.player.IjkMediaPlayer( 3677):     mime: audio/eac3
12-23 14:20:22.247 D/tv.danmaku.ijk.media.player.IjkMediaPlayer( 3677):     mime: audio/flac
12-23 14:20:22.247 D/tv.danmaku.ijk.media.player.IjkMediaPlayer( 3677):     mime: audio/g711-mlaw
12-23 14:20:22.247 D/tv.danmaku.ijk.media.player.IjkMediaPlayer( 3677):     mime: audio/mlp
12-23 14:20:22.247 D/tv.danmaku.ijk.media.player.IjkMediaPlayer( 3677):     mime: audio/mp4a-latm
12-23 14:20:22.247 D/tv.danmaku.ijk.media.player.IjkMediaPlayer( 3677):     mime: audio/mpeg
12-23 14:20:22.247 D/tv.danmaku.ijk.media.player.IjkMediaPlayer( 3677):     mime: audio/mpeg-L1
12-23 14:20:22.247 D/tv.danmaku.ijk.media.player.IjkMediaPlayer( 3677):     mime: audio/mpeg-L2
12-23 14:20:22.247 D/tv.danmaku.ijk.media.player.IjkMediaPlayer( 3677):     mime: audio/wma
12-23 14:20:22.247 D/tv.danmaku.ijk.media.player.IjkMediaPlayer( 3677):     mime: audio/wmapro
12-23 14:20:22.247 D/tv.danmaku.ijk.media.player.IjkMediaPlayer( 3677):     mime: audio/x-pcm
12-23 14:20:22.247 D/tv.danmaku.ijk.media.player.IjkMediaPlayer( 3677):   found codec: OMX.google.mpeg4.decoder
12-23 14:20:22.247 D/tv.danmaku.ijk.media.player.IjkMediaPlayer( 3677):     mime: video/mp4v-es
12-23 14:20:22.247 D/tv.danmaku.ijk.media.player.IjkMediaPlayer( 3677):   found codec: OMX.google.h263.decoder
12-23 14:20:22.247 D/tv.danmaku.ijk.media.player.IjkMediaPlayer( 3677):     mime: video/3gpp
12-23 14:20:22.247 D/tv.danmaku.ijk.media.player.IjkMediaPlayer( 3677):   found codec: OMX.google.h264.decoder
12-23 14:20:22.247 D/tv.danmaku.ijk.media.player.IjkMediaPlayer( 3677):     mime: video/avc
12-23 14:20:22.247 I/tv.danmaku.ijk.media.player.IjkMediaPlayer( 3677): candidate codec: OMX.google.h264.decoder rank=200
12-23 14:20:22.248 I/IjkMediaCodecInfo( 3677):  High Profile Level 52 (8,65536)
12-23 14:20:22.248 D/tv.danmaku.ijk.media.player.IjkMediaPlayer( 3677):   found codec: OMX.google.hevc.decoder
12-23 14:20:22.248 D/tv.danmaku.ijk.media.player.IjkMediaPlayer( 3677):     mime: video/hevc
12-23 14:20:22.248 D/tv.danmaku.ijk.media.player.IjkMediaPlayer( 3677):   found codec: OMX.google.vp8.decoder
12-23 14:20:22.248 D/tv.danmaku.ijk.media.player.IjkMediaPlayer( 3677):     mime: video/x-vnd.on2.vp8
12-23 14:20:22.248 D/tv.danmaku.ijk.media.player.IjkMediaPlayer( 3677):   found codec: OMX.google.vp9.decoder
12-23 14:20:22.248 D/tv.danmaku.ijk.media.player.IjkMediaPlayer( 3677):     mime: video/x-vnd.on2.vp9
12-23 14:20:22.248 D/tv.danmaku.ijk.media.player.IjkMediaPlayer( 3677):   found codec: OMX.google.h263.encoder
12-23 14:20:22.248 D/tv.danmaku.ijk.media.player.IjkMediaPlayer( 3677):   found codec: OMX.google.h264.encoder
12-23 14:20:22.248 D/tv.danmaku.ijk.media.player.IjkMediaPlayer( 3677):   found codec: OMX.google.mpeg4.encoder
12-23 14:20:22.248 D/tv.danmaku.ijk.media.player.IjkMediaPlayer( 3677):   found codec: OMX.google.vp8.encoder
12-23 14:20:22.248 D/tv.danmaku.ijk.media.player.IjkMediaPlayer( 3677):   found codec: OMX.google.amrnb.decoder
12-23 14:20:22.248 D/tv.danmaku.ijk.media.player.IjkMediaPlayer( 3677):     mime: audio/3gpp
12-23 14:20:22.248 D/tv.danmaku.ijk.media.player.IjkMediaPlayer( 3677):   found codec: OMX.google.amrwb.decoder
12-23 14:20:22.248 D/tv.danmaku.ijk.media.player.IjkMediaPlayer( 3677):     mime: audio/amr-wb
12-23 14:20:22.248 D/tv.danmaku.ijk.media.player.IjkMediaPlayer( 3677):   found codec: OMX.google.g711.alaw.decoder
12-23 14:20:22.249 D/tv.danmaku.ijk.media.player.IjkMediaPlayer( 3677):     mime: audio/g711-alaw
12-23 14:20:22.249 D/tv.danmaku.ijk.media.player.IjkMediaPlayer( 3677):   found codec: OMX.google.g711.mlaw.decoder
12-23 14:20:22.249 D/tv.danmaku.ijk.media.player.IjkMediaPlayer( 3677):     mime: audio/g711-mlaw
12-23 14:20:22.249 D/tv.danmaku.ijk.media.player.IjkMediaPlayer( 3677):   found codec: OMX.google.vorbis.decoder
12-23 14:20:22.249 D/tv.danmaku.ijk.media.player.IjkMediaPlayer( 3677):     mime: audio/vorbis
12-23 14:20:22.249 D/tv.danmaku.ijk.media.player.IjkMediaPlayer( 3677):   found codec: OMX.google.opus.decoder
12-23 14:20:22.249 D/tv.danmaku.ijk.media.player.IjkMediaPlayer( 3677):     mime: audio/opus
12-23 14:20:22.249 D/tv.danmaku.ijk.media.player.IjkMediaPlayer( 3677):   found codec: OMX.google.aac.encoder
12-23 14:20:22.249 D/tv.danmaku.ijk.media.player.IjkMediaPlayer( 3677):   found codec: OMX.google.amrnb.encoder
12-23 14:20:22.249 D/tv.danmaku.ijk.media.player.IjkMediaPlayer( 3677):   found codec: OMX.google.amrwb.encoder
12-23 14:20:22.249 D/tv.danmaku.ijk.media.player.IjkMediaPlayer( 3677):   found codec: OMX.google.flac.encoder
12-23 14:20:22.249 I/tv.danmaku.ijk.media.player.IjkMediaPlayer( 3677): selected codec: OMX.realtek.video.dec.avc rank=700
12-23 14:20:22.249 D/IJKMEDIA( 3677): SDL_AMediaCodecJava_createByCodecName
12-23 14:20:22.251 I/OMXClient( 3677): Using client-side OMX mux.
12-23 14:20:22.252 D/RTK_omx_core( 2494): Component name OMX.realtek.video.dec.avc(OMX.realtek.video.decoder.avc)
12-23 14:20:22.252 W/RTK_OMX_VDecoder( 2494): [DBGT] rtkdec compiled without trace support (ENABLE_DBGT_TRACE switch not enabled)
12-23 14:20:22.253 I/RTK_OMX_DEC_VIDEO( 2494): eCompressionFormat:7, bUseOutputBeDecoded:0, bUseProtectBuffer:0
12-23 14:20:22.253 D/RTK_OMX_DEC_VIDEO( 2494): In[RTKHwDecOmx_decoder_create_video][7404] create VDecDecodingThread success
12-23 14:20:22.253 I/RTK_OMX_DEC_VIDEO( 2494): In[RTKHwDecOmx_decoder_create_video][7438]  decoder_ext_decode_video with nHevcOutputMode:0
12-23 14:20:22.253 I/RTK_OMX_DEC_VIDEO( 2494): In[RTKHwDecOmx_decoder_create_video][7497] isRTKExtractor:0 nEnableDeInterlace:0 bSetSearchIFrm:0 bEnableTunnelMode:0 bIsThumbnail:0 scale_enable:0, wxh:1920x1088
12-23 14:20:22.254 D/RPCProxy( 2494): DispatchRPCRequest:58 rpc(programID=99 versionID=99) reg(programID=300 versionID=0)
12-23 14:20:22.254 D/RPCProxy( 2494): DispatchRPCRequest:58 rpc(programID=99 versionID=99) reg(programID=202 versionID=0)
12-23 14:20:22.254 D/RPCProxy( 2494): DispatchRPCRequest:52 dispatch for opt:7 program:99 version:99 procedure:0 task:0 tid:0 pid:0 size:72 context:0
12-23 14:20:22.254 I/VPUAPI  ( 2494): [0;31mpAttr->supportDecoders : 0x00000a9f, support_vtype : 0x00001a9f[m
12-23 14:20:22.254 I/RTK_OMX_DEC_VIDEO( 2494): VPU_Init success
12-23 14:20:22.254 I/RTK_OMX_DEC_VIDEO( 2494): vpu->instIdx : 1
12-23 14:20:22.254 I/RTK_OMX_DEC_VIDEO( 2494): 2 allocate bitstream buffer size = 4194304
12-23 14:20:22.254 I/VPUAPI  ( 2494): [VDI] vdi_attach_dma_memory, physaddr=0x59fc000, virtaddr=0xee0f6000, size=4194304, index=13
12-23 14:20:22.254 I/RTK_OMX_DEC_VIDEO( 2494): In[VDecAdjustDecOpenParam][2008]  eColorFormat:0
12-23 14:20:22.255 D/RPCProxy( 2494): DispatchRPCRequest:58 rpc(programID=99 versionID=99) reg(programID=300 versionID=0)
12-23 14:20:22.255 D/RPCProxy( 2494): DispatchRPCRequest:58 rpc(programID=99 versionID=99) reg(programID=202 versionID=0)
12-23 14:20:22.255 D/RPCProxy( 2494): DispatchRPCRequest:52 dispatch for opt:7 program:99 version:99 procedure:0 task:0 tid:0 pid:0 size:72 context:0
12-23 14:20:22.255 I/VPUAPI  ( 2494): [0;31mpAttr->supportDecoders : 0x00000a9f, support_vtype : 0x00001a9f[m
12-23 14:20:22.255 I/VPUAPI  ( 2494): [VDI] vdi_allocate_dma_memory, physaddr=0x5dfc000, virtaddr=0xedf9a000~0xee0f6000, size=1425408
12-23 14:20:22.255 I/VPUAPI  ( 2494): [VDI]  Internal_vdi_get_rtk_clk_rate, 2815... coreIdx:0, clk_rate:459000000
12-23 14:20:22.255 I/RTK_OMX_DEC_VIDEO( 2494): ====== In[decoder_destroy_video][5612] =======
12-23 14:20:22.256 W/RTK_OMX_DEC_VIDEO( 2494): In[decoder_destroy_video][5638] WAIT pThreadDec 
12-23 14:20:22.256 I/VPUAPI  ( 2494): [VDI] vdi_dettach_dma_memory, physaddr=0x59fc000, virtaddr=0xee0f6000, size=4194304, index=13
12-23 14:20:22.258 I/VPUAPI  ( 2494): [VDI] vdi_free_dma_memory, physaddr=0x5dfc000, virtaddr=0xedf9a000, size=1425408
12-23 14:20:22.260 D/IJKMEDIA( 3677): SDL_AMediaCodecJava_init
12-23 14:20:22.260 D/IJKMEDIA( 3677): SDL_AMediaCodec_increaseReference(): ref=1
12-23 14:20:22.260 D/IJKMEDIA( 3677): SDL_AMediaCodecJava_configure_surface
12-23 14:20:22.260 E/IJKMEDIA( 3677): configure acodec:0x200656 format:0x10067a: surface:0x666
12-23 14:20:22.261 I/MediaCodec( 3677): [OMX.realtek.video.dec.avc] setting surface generation to 3765359
12-23 14:20:22.261 D/RTK_OMX_VDecoder( 2494): ********** StoreMetaDataInBuffers: true **********
12-23 14:20:22.262 I/RTK_OMX_VDecoder( 2494): decoder_get_parameter: OutputVideoPortFormat: fmt:50
12-23 14:20:22.262 I/RTK_OMX_VDecoder( 2494): decoder_set_parameter: OutputVideoPortFormat: fmt:50
12-23 14:20:22.262 D/RTK_OMX_VDecoder( 2494): In[decoder_get_parameter][2350]  param->nPortIndex:0
12-23 14:20:22.263 D/RTK_OMX_VDecoder( 2494): In[decoder_get_parameter][2350]  param->nPortIndex:1
12-23 14:20:22.263 I/RTK_OMX_VDecoder( 2494): 2380 decoder_get_parameter: OutputPortDefinition: 0x0 fmt:50 org:50
12-23 14:20:22.263 D/RTK_OMX_VDecoder( 2494): [0;31mGET dec->out.def.nBufferCountMin:4[m
12-23 14:20:22.263 D/RTK_OMX_VDecoder( 2494): [0;31mGET dec->out.def.nBufferCountActual:4[m
12-23 14:20:22.263 D/RTK_OMX_VDecoder( 2494): [0;31mGET dec->out.nTempBufferCountActual:4[m
12-23 14:20:22.263 D/RTK_OMX_VDecoder( 2494): [0;31mGET dec->nMinOutputUndequeueCount:0[m
12-23 14:20:22.263 I/RTK_OMX_VDecoder( 2494): decoder_set_parameter: OutputPortDefinition: 1280x1440 fmt:50
12-23 14:20:22.263 D/RTK_OMX_VDecoder( 2494): [0;33mSET dec->out.def.nBufferCountMin:4[m
12-23 14:20:22.263 D/RTK_OMX_VDecoder( 2494): [0;33mSET dec->out.def.nBufferCountActual:4[m
12-23 14:20:22.263 D/RTK_OMX_VDecoder( 2494): [0;33mSET dec->out.nTempBufferCountActual:4[m
12-23 14:20:22.263 D/RTK_OMX_VDecoder( 2494): [0;33mSET dec->nMinOutputUndequeueCount:0[m
12-23 14:20:22.263 I/ACodec  ( 3677): [getProcessInfo] 1024 .personaltailor 
12-23 14:20:22.263 I/RTK_OMX_VDecoder( 2494): [.personaltailor] PID:3677 TID:25704
12-23 14:20:22.264 D/RTK_OMX_VDecoder( 2494): [0;32m#### decoder_set_parameter:2166 set VideoSearch I frame to 1 ######[m
12-23 14:20:22.264 D/ACodec  ( 3677): [0;35m In configureCodec:2524 setSearchIFrm index :0x6f800004 and send notify done [m
12-23 14:20:22.264 D/RTK_OMX_VDecoder( 2494): ********** enableAndroidNativeBuffers: true **********
12-23 14:20:22.264 D/RTK_OMX_VDecoder( 2494): In[decoder_get_parameter][2350]  param->nPortIndex:0
12-23 14:20:22.265 D/RTK_OMX_VDecoder( 2494): In[decoder_get_parameter][2350]  param->nPortIndex:0
12-23 14:20:22.265 D/RTK_OMX_VDecoder( 2494): In[decoder_get_parameter][2350]  param->nPortIndex:1
12-23 14:20:22.265 I/RTK_OMX_VDecoder( 2494): 2380 decoder_get_parameter: OutputPortDefinition: 1280x1440 fmt:50 org:50
12-23 14:20:22.265 D/RTK_OMX_VDecoder( 2494): [0;31mGET dec->out.def.nBufferCountMin:4[m
12-23 14:20:22.265 D/RTK_OMX_VDecoder( 2494): [0;31mGET dec->out.def.nBufferCountActual:4[m
12-23 14:20:22.265 D/RTK_OMX_VDecoder( 2494): [0;31mGET dec->out.nTempBufferCountActual:4[m
12-23 14:20:22.265 D/RTK_OMX_VDecoder( 2494): [0;31mGET dec->nMinOutputUndequeueCount:0[m
12-23 14:20:22.265 D/RTK_OMX_VDecoder( 2494): In[decoder_get_parameter][2750] getFrameRate 0.000000 
12-23 14:20:22.265 D/RTK_OMX_VDecoder( 2494): In[decoder_get_parameter][2776] getIsProg -1 
12-23 14:20:22.265 D/RTK_OMX_VDecoder( 2494): In[decoder_get_parameter][2782] getIsHdr -1 
12-23 14:20:22.266 D/RTK_OMX_VDecoder( 2494): In[decoder_get_parameter][2788] getIsMVC -1 
12-23 14:20:22.266 D/IJKMEDIA( 3677): SDL_AMediaCodecJava_start
12-23 14:20:22.267 D/RTK_OMX_VDecoder( 2494): In[decoder_get_parameter][2350]  param->nPortIndex:0
12-23 14:20:22.267 D/ACodec  ( 3677): [OMX.realtek.video.dec.avc] Allocating 3 buffers of size 3774873/3774873 (from 3774873 using Invalid) on input port
12-23 14:20:22.268 D/RTK_OMX_VDecoder( 2494): API: allocated buffer size:3774873 @physical addr:0x00000000 @logical addr:0xef6c0000 pid:2494 tid:3141
12-23 14:20:22.268 D/RTK_OMX_VDecoder( 2494): [0;32m ##  In decoder_allocate_buffer:1480 physical nPortIndex:Input address is 00000000 ionFd:-1 ionhdl:0 sharedFd:-1 buff:0xf64ec104 allocsize:3774873 ##[m
12-23 14:20:22.269 D/RTK_OMX_VDecoder( 2494): API: allocated buffer size:3774873 @physical addr:0x00000000 @logical addr:0xefac0000 pid:2494 tid:5385
12-23 14:20:22.269 D/RTK_OMX_VDecoder( 2494): [0;32m ##  In decoder_allocate_buffer:1480 physical nPortIndex:Input address is 00000000 ionFd:-1 ionhdl:0 sharedFd:-1 buff:0xf64ecf04 allocsize:3774873 ##[m
12-23 14:20:22.269 D/RTK_OMX_VDecoder( 2494): API: allocated buffer size:3774873 @physical addr:0x00000000 @logical addr:0xe9e80000 pid:2494 tid:3140
12-23 14:20:22.270 D/RTK_OMX_VDecoder( 2494): [0;32m ##  In decoder_allocate_buffer:1480 physical nPortIndex:Input address is 00000000 ionFd:-1 ionhdl:0 sharedFd:-1 buff:0xf64ec9c4 allocsize:3774873 ##[m
12-23 14:20:22.272 D/RTK_OMX_VDecoder( 2494): In[decoder_get_parameter][2350]  param->nPortIndex:1
12-23 14:20:22.272 I/RTK_OMX_VDecoder( 2494): 2380 decoder_get_parameter: OutputPortDefinition: 1280x1440 fmt:50 org:50
12-23 14:20:22.272 D/RTK_OMX_VDecoder( 2494): [0;31mGET dec->out.def.nBufferCountMin:4[m
12-23 14:20:22.272 D/RTK_OMX_VDecoder( 2494): [0;31mGET dec->out.def.nBufferCountActual:4[m
12-23 14:20:22.272 D/RTK_OMX_VDecoder( 2494): [0;31mGET dec->out.nTempBufferCountActual:4[m
12-23 14:20:22.272 D/RTK_OMX_VDecoder( 2494): [0;31mGET dec->nMinOutputUndequeueCount:0[m
12-23 14:20:22.272 D/RTK_OMX_VDecoder( 2494): In[decoder_get_parameter][2350]  param->nPortIndex:1
12-23 14:20:22.273 I/RTK_OMX_VDecoder( 2494): 2380 decoder_get_parameter: OutputPortDefinition: 1280x1440 fmt:50 org:50
12-23 14:20:22.273 D/RTK_OMX_VDecoder( 2494): [0;31mGET dec->out.def.nBufferCountMin:4[m
12-23 14:20:22.273 D/RTK_OMX_VDecoder( 2494): [0;31mGET dec->out.def.nBufferCountActual:4[m
12-23 14:20:22.273 D/RTK_OMX_VDecoder( 2494): [0;31mGET dec->out.nTempBufferCountActual:4[m
12-23 14:20:22.273 D/RTK_OMX_VDecoder( 2494): [0;31mGET dec->nMinOutputUndequeueCount:0[m
12-23 14:20:22.273 D/SurfaceUtils( 3677): set up nativeWindow 0xd5947708 for 32x32, color 0x32, rotation 0, usage 0x2002b00
12-23 14:20:22.273 I/RTK_OMX_VDecoder( 2494): decoder_set_parameter: OutputPortDefinition: 1280x1440 fmt:50
12-23 14:20:22.273 D/RTK_OMX_VDecoder( 2494): [0;33mSET dec->out.def.nBufferCountMin:4[m
12-23 14:20:22.273 D/RTK_OMX_VDecoder( 2494): [0;33mSET dec->out.def.nBufferCountActual:9[m
12-23 14:20:22.273 D/RTK_OMX_VDecoder( 2494): [0;33mSET dec->out.nTempBufferCountActual:9[m
12-23 14:20:22.273 D/RTK_OMX_VDecoder( 2494): [0;33mSET dec->nMinOutputUndequeueCount:5[m
12-23 14:20:22.273 I/gralloc ( 2469): [alloc_backend_alloc] handle:0xefd94340 addr:0x10502a000 size:4096
12-23 14:20:22.276 I/gralloc ( 2469): [alloc_backend_alloc] handle:0xec65d240 addr:0x10502b000 size:4096
12-23 14:20:22.279 I/gralloc ( 2469): [alloc_backend_alloc] handle:0xec6589a0 addr:0x10502c000 size:4096
12-23 14:20:22.281 I/gralloc ( 2469): [alloc_backend_alloc] handle:0xefd93700 addr:0x10502d000 size:4096
12-23 14:20:22.283 I/gralloc ( 2469): [alloc_backend_alloc] handle:0xec658b60 addr:0x10502e000 size:4096
12-23 14:20:22.286 I/gralloc ( 2469): [alloc_backend_alloc] handle:0xefd93700 addr:0x10502f000 size:4096
12-23 14:20:22.288 I/gralloc ( 2469): [alloc_backend_alloc] handle:0xec6589a0 addr:0x105030000 size:4096
12-23 14:20:22.289 I/gralloc ( 2469): [alloc_backend_alloc] handle:0xec65d240 addr:0x105031000 size:4096
12-23 14:20:22.293 I/gralloc ( 2469): [alloc_backend_alloc] handle:0xec6589a0 addr:0x105032000 size:4096
12-23 14:20:22.297 D/ACodec  ( 3677): --- In allocateOutputMetadataBuffers:1438 send back buffer count : 9 totalAllocBufferCount:9 ----
12-23 14:20:22.297 I/RTK_OMX_DEC_VIDEO( 2494): eCompressionFormat:7, bUseOutputBeDecoded:1, bUseProtectBuffer:0
12-23 14:20:22.297 D/RTK_OMX_DEC_VIDEO( 2494): In[RTKHwDecOmx_decoder_create_video][7404] create VDecDecodingThread success
12-23 14:20:22.298 I/RTK_OMX_DEC_VIDEO( 2494): In[RTKHwDecOmx_decoder_create_video][7438]  decoder_ext_decode_video with nHevcOutputMode:0
12-23 14:20:22.298 I/RTK_OMX_DEC_VIDEO( 2494): In[RTKHwDecOmx_decoder_create_video][7497] isRTKExtractor:0 nEnableDeInterlace:0 bSetSearchIFrm:1 bEnableTunnelMode:0 bIsThumbnail:0 scale_enable:0, wxh:1920x1088
12-23 14:20:22.298 D/RTK_OMX_VDecoder( 2494): [0;32m#### decoder_set_parameter:2146 convertHandleT2Physical ######[m
12-23 14:20:22.298 D/RTK_OMX_VDecoder( 2494): In convertHandleT2Physical:7367, UseStoreMetaDataInBuffer:1 UseGrallocBuffer:1 nBufferCountActual:9
12-23 14:20:22.298 D/RPCProxy( 2494): DispatchRPCRequest:58 rpc(programID=99 versionID=99) reg(programID=300 versionID=0)
12-23 14:20:22.298 D/RPCProxy( 2494): DispatchRPCRequest:58 rpc(programID=99 versionID=99) reg(programID=202 versionID=0)
12-23 14:20:22.298 D/RPCProxy( 2494): DispatchRPCRequest:52 dispatch for opt:7 program:99 version:99 procedure:0 task:0 tid:0 pid:0 size:72 context:7
12-23 14:20:22.298 I/VPUAPI  ( 2494): [0;31mpAttr->supportDecoders : 0x00000a9f, support_vtype : 0x00001a9f[m
12-23 14:20:22.298 I/RTK_OMX_DEC_VIDEO( 2494): VPU_Init success
12-23 14:20:22.298 I/RTK_OMX_DEC_VIDEO( 2494): vpu->instIdx : 1
12-23 14:20:22.298 I/RTK_OMX_DEC_VIDEO( 2494): 2 allocate bitstream buffer size = 4194304
12-23 14:20:22.299 I/VPUAPI  ( 2494): [VDI] vdi_attach_dma_memory, physaddr=0x59fc000, virtaddr=0xedff7000, size=4194304, index=13
12-23 14:20:22.299 I/RTK_OMX_DEC_VIDEO( 2494): In[VDecAdjustDecOpenParam][2008]  eColorFormat:50
12-23 14:20:22.299 D/RPCProxy( 2494): DispatchRPCRequest:58 rpc(programID=99 versionID=99) reg(programID=300 versionID=0)
12-23 14:20:22.299 D/RPCProxy( 2494): DispatchRPCRequest:58 rpc(programID=99 versionID=99) reg(programID=202 versionID=0)
12-23 14:20:22.299 D/RPCProxy( 2494): DispatchRPCRequest:52 dispatch for opt:7 program:99 version:99 procedure:0 task:0 tid:0 pid:0 size:72 context:7
12-23 14:20:22.300 I/VPUAPI  ( 2494): [0;31mpAttr->supportDecoders : 0x00000a9f, support_vtype : 0x00001a9f[m
12-23 14:20:22.300 I/VPUAPI  ( 2494): [VDI] vdi_allocate_dma_memory, physaddr=0x5dfc000, virtaddr=0xede9b000~0xedff7000, size=1425408
12-23 14:20:22.300 I/VPUAPI  ( 2494): [VDI]  Internal_vdi_get_rtk_clk_rate, 2815... coreIdx:0, clk_rate:459000000
12-23 14:20:22.300 D/ACodec  ( 3677): In allocateOutputMetadataBuffers:1449 notifyBufferAllocDone index :0x6f800004 and send notify done err:0 by using OMX_IndexParamConsumerUsageBits 
12-23 14:20:22.303 I/IJKMEDIA( 3677): reconfigure_codec_l:new acodec: 0xef819860
12-23 14:20:22.303 D/IJKMEDIA( 3677): SDL_AMediaCodec_increaseReference(): ref=2
12-23 14:20:22.303 I/IJKMEDIA( 3677): VideoCodec: MediaCodec, OMX.realtek.video.dec.avc
12-23 14:20:22.303 W/IJKMEDIA( 3677): fps: 25.000000 (normal)
12-23 14:20:22.303 W/IJKMEDIA( 3677): tbr: 25.000000 (normal)
12-23 14:20:22.303 I/IJKMEDIA( 3677): SDL_RunThread: [25710] ff_video_dec
12-23 14:20:22.303 D/IJKMEDIA( 3677): FFP_MSG_COMPONENT_OPEN:
12-23 14:20:22.303 D/IJKMEDIA( 3677): FFP_MSG_VIDEO_SIZE_CHANGED: 1280, 1440
12-23 14:20:22.303 D/IJKMEDIA( 3677): FFP_MSG_SAR_CHANGED: 0, 1
12-23 14:20:22.303 D/IJKMEDIA( 3677): ijkmp_get_msg: FFP_MSG_PREPARED
12-23 14:20:22.303 D/IJKMEDIA( 3677): FFP_MSG_PREPARED:
12-23 14:20:22.303 D/IJKMEDIA( 3677): IjkMediaPlayer_setLoopCount
12-23 14:20:22.303 D/IJKMEDIA( 3677): IjkMediaPlayer_setVolume
12-23 14:20:22.303 D/IJKMEDIA( 3677): ijkmp_android_set_volume(0.000000, 0.000000)
12-23 14:20:22.303 D/IJKMEDIA( 3677): ffpipeline_set_volume
12-23 14:20:22.303 D/IJKMEDIA( 3677): ijkmp_android_set_volume(0.000000, 0.000000)=void
12-23 14:20:22.303 D/IJKMEDIA( 3677): IjkMediaPlayer_start
12-23 14:20:22.303 D/IJKMEDIA( 3677): ijkmp_start()
12-23 14:20:22.303 D/IJKMEDIA( 3677): ijkmp_start()=0
12-23 14:20:22.303 D/IJKMEDIA( 3677): ijkmp_get_msg: FFP_REQ_START
12-23 14:20:22.304 I/IJKMEDIA( 3677): SDL_RunThread: [25711] amc_input_th
12-23 14:20:22.323 D/IJKMEDIA( 3677): ijkmp_get_msg: FFP_REQ_START
12-23 14:20:22.405 D/IJKMEDIA( 3677): ffpipeline_set_surface_need_reconfigure_l(0)
12-23 14:20:22.405 I/IJKMEDIA( 3677): feed_input_buffer: same surface, reuse previous surface
12-23 14:20:22.408 D/RTK_OMX_VDecoder( 2494): Change outputPortChangeState OMX_PORT_CHANGE_SETTING_RECEIVED
12-23 14:20:22.408 D/RTK_OMX_DEC_VIDEO( 2494): pVpu->initialInfo.interlace:0, s_dec_config.bRenderToV1:1, pVpu->bIsThumbnail:0
12-23 14:20:22.408 D/RTK_OMX_DEC_VIDEO( 2494): [0;37mIn[VDecSettingNormal][2105][m
12-23 14:20:22.408 I/RTK_OMX_DEC_VIDEO( 2494): VPU_DecRegisterFrameBuffer() : fbCount=12, stride=1280, height=1440
12-23 14:20:22.409 I/RTK_OMX_DEC_VIDEO( 2494): * Dec InitialInfo =>
12-23 14:20:22.409 I/RTK_OMX_DEC_VIDEO( 2494):  instance #1, 
12-23 14:20:22.409 I/RTK_OMX_DEC_VIDEO( 2494):  minframeBuffercount: 6
12-23 14:20:22.409 I/RTK_OMX_DEC_VIDEO( 2494):  
12-23 14:20:22.409 I/RTK_OMX_DEC_VIDEO( 2494): maxNumRefFrm: 4
12-23 14:20:22.409 I/RTK_OMX_DEC_VIDEO( 2494):  
12-23 14:20:22.409 I/RTK_OMX_DEC_VIDEO( 2494): picWidth: 1280(1280)
12-23 14:20:22.409 I/RTK_OMX_DEC_VIDEO( 2494):  picHeight: 1440(1440)
12-23 14:20:22.409 I/RTK_OMX_DEC_VIDEO( 2494):  
12-23 14:20:22.409 I/RTK_OMX_DEC_VIDEO( 2494): frRes: 50
12-23 14:20:22.409 I/RTK_OMX_DEC_VIDEO( 2494):  frDiv: 2
12-23 14:20:22.409 I/RTK_OMX_DEC_VIDEO( 2494): In[decoder_getinfo_video][6384]  width:1280(1280), height:1440(1440), framesize:2764800
12-23 14:20:22.409 I/RTK_OMX_VDecoder( 2494): ASYNC: video props: width: 1280 height: 1440 buffersize: 2764800 stride: 1280 sliceheight: 1440 color_format: 0x35
12-23 14:20:22.409 I/RTK_OMX_VDecoder( 2494): ASYNC: num_buffer: 12
12-23 14:20:22.409 I/RTK_OMX_VDecoder( 2494): ASYNC: Output port video resolution changed
12-23 14:20:22.409 D/RTK_OMX_DEC_VIDEO( 2494): [0;36mBUFFERCMD_RESET_BUF, pVpu->nRegCount : 0, phyAddress : 0x05032000, bDttachMemory : 0[m
12-23 14:20:22.410 D/RTK_OMX_DEC_VIDEO( 2494): [0;36mBUFFERCMD_RESET_BUF, pVpu->nRegCount : 0, phyAddress : 0x05031000, bDttachMemory : 0[m
12-23 14:20:22.410 I/RTK_OMX_VDecoder( 2494): ASYNC: has cmd!!! break the decoded while loop!!in 7043 datalen:2443 EOS:0 
12-23 14:20:22.410 D/RTK_OMX_DEC_VIDEO( 2494): [0;36mBUFFERCMD_RESET_BUF, pVpu->nRegCount : 0, phyAddress : 0x05030000, bDttachMemory : 0[m
12-23 14:20:22.410 D/RTK_OMX_VDecoder( 2494): Set outputPortChangeState OMX_PORT_CHANGE_BUFFER_RETURNED
12-23 14:20:22.410 D/RTK_OMX_DEC_VIDEO( 2494): [0;36mBUFFERCMD_RESET_BUF, pVpu->nRegCount : 0, phyAddress : 0x0502f000, bDttachMemory : 0[m
12-23 14:20:22.411 D/RTK_OMX_DEC_VIDEO( 2494): [0;36mBUFFERCMD_RESET_BUF, pVpu->nRegCount : 0, phyAddress : 0x0502e000, bDttachMemory : 0[m
12-23 14:20:22.411 D/RTK_OMX_DEC_VIDEO( 2494): [0;36mBUFFERCMD_RESET_BUF, pVpu->nRegCount : 0, phyAddress : 0x0502a000, bDttachMemory : 0[m
12-23 14:20:22.411 D/RTK_OMX_DEC_VIDEO( 2494): [0;36mBUFFERCMD_RESET_BUF, pVpu->nRegCount : 0, phyAddress : 0x0502b000, bDttachMemory : 0[m
12-23 14:20:22.412 D/RTK_OMX_DEC_VIDEO( 2494): [0;36mBUFFERCMD_RESET_BUF, pVpu->nRegCount : 0, phyAddress : 0x0502c000, bDttachMemory : 0[m
12-23 14:20:22.412 D/RTK_OMX_DEC_VIDEO( 2494): [0;36mBUFFERCMD_RESET_BUF, pVpu->nRegCount : 0, phyAddress : 0x0502d000, bDttachMemory : 0[m
12-23 14:20:22.416 D/RTK_OMX_VDecoder( 2494): In[decoder_get_parameter][2350]  param->nPortIndex:1
12-23 14:20:22.416 I/RTK_OMX_VDecoder( 2494): 2380 decoder_get_parameter: OutputPortDefinition: 1280x1440 fmt:53 org:53
12-23 14:20:22.416 D/RTK_OMX_VDecoder( 2494): [0;31mGET dec->out.def.nBufferCountMin:7[m
12-23 14:20:22.416 D/RTK_OMX_VDecoder( 2494): [0;31mGET dec->out.def.nBufferCountActual:12[m
12-23 14:20:22.416 D/RTK_OMX_VDecoder( 2494): [0;31mGET dec->out.nTempBufferCountActual:12[m
12-23 14:20:22.416 D/RTK_OMX_VDecoder( 2494): [0;31mGET dec->nMinOutputUndequeueCount:5[m
12-23 14:20:22.417 D/RTK_OMX_VDecoder( 2494): In[decoder_get_parameter][2350]  param->nPortIndex:1
12-23 14:20:22.417 I/RTK_OMX_VDecoder( 2494): 2380 decoder_get_parameter: OutputPortDefinition: 1280x1440 fmt:53 org:53
12-23 14:20:22.417 D/RTK_OMX_VDecoder( 2494): [0;31mGET dec->out.def.nBufferCountMin:7[m
12-23 14:20:22.417 D/RTK_OMX_VDecoder( 2494): [0;31mGET dec->out.def.nBufferCountActual:12[m
12-23 14:20:22.417 D/RTK_OMX_VDecoder( 2494): [0;31mGET dec->out.nTempBufferCountActual:12[m
12-23 14:20:22.417 D/RTK_OMX_VDecoder( 2494): [0;31mGET dec->nMinOutputUndequeueCount:5[m
12-23 14:20:22.417 D/SurfaceUtils( 3677): set up nativeWindow 0xd5947708 for 1280x1440, color 0x35, rotation 0, usage 0x2002b00
12-23 14:20:22.417 I/RTK_OMX_VDecoder( 2494): decoder_set_parameter: OutputPortDefinition: 1280x1440 fmt:53
12-23 14:20:22.417 D/RTK_OMX_VDecoder( 2494): [0;33mSET dec->out.def.nBufferCountMin:7[m
12-23 14:20:22.417 D/RTK_OMX_VDecoder( 2494): [0;33mSET dec->out.def.nBufferCountActual:12[m
12-23 14:20:22.417 D/RTK_OMX_VDecoder( 2494): [0;33mSET dec->out.nTempBufferCountActual:12[m
12-23 14:20:22.417 D/RTK_OMX_VDecoder( 2494): [0;33mSET dec->nMinOutputUndequeueCount:5[m
12-23 14:20:22.419 I/gralloc ( 2469): [alloc_backend_alloc] handle:0xec658b60 addr:0x106125000 size:2764800
12-23 14:20:22.426 I/gralloc ( 2469): [alloc_backend_alloc] handle:0xec658b60 addr:0x1063c8000 size:2764800
12-23 14:20:22.429 I/gralloc ( 2469): [alloc_backend_alloc] handle:0xefd94340 addr:0x10666b000 size:2764800
12-23 14:20:22.432 I/gralloc ( 2469): [alloc_backend_alloc] handle:0xec658b60 addr:0x10690e000 size:2764800
12-23 14:20:22.436 I/gralloc ( 2469): [alloc_backend_alloc] handle:0xec658b60 addr:0x106bb1000 size:2764800
12-23 14:20:22.439 I/gralloc ( 2469): [alloc_backend_alloc] handle:0xec65d240 addr:0x106e54000 size:2764800
12-23 14:20:22.443 I/gralloc ( 2469): [alloc_backend_alloc] handle:0xec658b60 addr:0x1070f7000 size:2764800
12-23 14:20:22.446 I/gralloc ( 2469): [alloc_backend_alloc] handle:0xefd94340 addr:0x10739a000 size:2764800
12-23 14:20:22.448 I/gralloc ( 2469): [alloc_backend_alloc] handle:0xec6589a0 addr:0x107769000 size:2764800
12-23 14:20:22.450 I/gralloc ( 2469): [alloc_backend_alloc] handle:0xefd93e00 addr:0x107a0c000 size:2764800
12-23 14:20:22.454 I/gralloc ( 2469): [alloc_backend_alloc] handle:0xefd93ee0 addr:0x107caf000 size:2764800
12-23 14:20:22.457 I/gralloc ( 2469): [alloc_backend_alloc] handle:0xefd93e00 addr:0x107f52000 size:2764800
12-23 14:20:22.461 D/ACodec  ( 3677): --- In allocateOutputMetadataBuffers:1438 send back buffer count : 12 totalAllocBufferCount:12 ----
12-23 14:20:22.462 D/RTK_OMX_VDecoder( 2494): [0;32m#### decoder_set_parameter:2146 convertHandleT2Physical ######[m
12-23 14:20:22.462 D/RTK_OMX_VDecoder( 2494): In convertHandleT2Physical:7367, UseStoreMetaDataInBuffer:1 UseGrallocBuffer:1 nBufferCountActual:12
12-23 14:20:22.463 D/RTK_OMX_DEC_VIDEO( 2494): [0;36mpVpu->nRegCount : 0, phyAddress : 0x06125000[m
12-23 14:20:22.463 I/VPUAPI  ( 2494): [VDI] vdi_attach_dma_memory, physaddr=0x6125000, virtaddr=0xeca03000, size=2764800, index=15
12-23 14:20:22.464 D/RTK_OMX_DEC_VIDEO( 2494): [0;36mpVpu->nRegCount : 1, phyAddress : 0x063c8000[m
12-23 14:20:22.464 I/VPUAPI  ( 2494): [VDI] vdi_attach_dma_memory, physaddr=0x63c8000, virtaddr=0xec760000, size=2764800, index=16
12-23 14:20:22.464 D/RTK_OMX_DEC_VIDEO( 2494): [0;36mpVpu->nRegCount : 2, phyAddress : 0x0666b000[m
12-23 14:20:22.464 I/VPUAPI  ( 2494): [VDI] vdi_attach_dma_memory, physaddr=0x666b000, virtaddr=0xec4bd000, size=2764800, index=17
12-23 14:20:22.465 D/RTK_OMX_DEC_VIDEO( 2494): [0;36mpVpu->nRegCount : 3, phyAddress : 0x0690e000[m
12-23 14:20:22.465 I/VPUAPI  ( 2494): [VDI] vdi_attach_dma_memory, physaddr=0x690e000, virtaddr=0xec21a000, size=2764800, index=18
12-23 14:20:22.465 D/RTK_OMX_DEC_VIDEO( 2494): [0;36mpVpu->nRegCount : 4, phyAddress : 0x06bb1000[m
12-23 14:20:22.465 I/VPUAPI  ( 2494): [VDI] vdi_attach_dma_memory, physaddr=0x6bb1000, virtaddr=0xebf77000, size=2764800, index=19
12-23 14:20:22.465 D/RTK_OMX_DEC_VIDEO( 2494): [0;36mpVpu->nRegCount : 5, phyAddress : 0x06e54000[m
12-23 14:20:22.465 I/VPUAPI  ( 2494): [VDI] vdi_attach_dma_memory, physaddr=0x6e54000, virtaddr=0xebcd4000, size=2764800, index=20
12-23 14:20:22.466 D/RTK_OMX_DEC_VIDEO( 2494): [0;36mpVpu->nRegCount : 6, phyAddress : 0x070f7000[m
12-23 14:20:22.466 I/VPUAPI  ( 2494): [VDI] vdi_attach_dma_memory, physaddr=0x70f7000, virtaddr=0xeb80d000, size=2764800, index=21
12-23 14:20:22.466 D/RTK_OMX_DEC_VIDEO( 2494): [0;36mpVpu->nRegCount : 7, phyAddress : 0x0739a000[m
12-23 14:20:22.466 I/VPUAPI  ( 2494): [VDI] vdi_attach_dma_memory, physaddr=0x739a000, virtaddr=0xeb56a000, size=2764800, index=22
12-23 14:20:22.467 D/RTK_OMX_DEC_VIDEO( 2494): [0;36mpVpu->nRegCount : 8, phyAddress : 0x07769000[m
12-23 14:20:22.467 I/VPUAPI  ( 2494): [VDI] vdi_attach_dma_memory, physaddr=0x7769000, virtaddr=0xeb2c7000, size=2764800, index=23
12-23 14:20:22.467 D/RTK_OMX_DEC_VIDEO( 2494): [0;36mpVpu->nRegCount : 9, phyAddress : 0x07a0c000[m
12-23 14:20:22.467 I/VPUAPI  ( 2494): [VDI] vdi_attach_dma_memory, physaddr=0x7a0c000, virtaddr=0xeb024000, size=2764800, index=24
12-23 14:20:22.468 D/RTK_OMX_DEC_VIDEO( 2494): [0;36mpVpu->nRegCount : 10, phyAddress : 0x07caf000[m
12-23 14:20:22.468 I/VPUAPI  ( 2494): [VDI] vdi_attach_dma_memory, physaddr=0x7caf000, virtaddr=0xead81000, size=2764800, index=25
12-23 14:20:22.468 D/RTK_OMX_DEC_VIDEO( 2494): [0;36mpVpu->nRegCount : 11, phyAddress : 0x07f52000[m
12-23 14:20:22.468 I/VPUAPI  ( 2494): [VDI] vdi_attach_dma_memory, physaddr=0x7f52000, virtaddr=0xe9bdd000, size=2764800, index=26
12-23 14:20:22.468 D/RTK_OMX_DEC_VIDEO( 2494): [0;36mpVpu->nRegCount : 12, nStartRegCount : 0[m
12-23 14:20:22.469 I/VPUAPI  ( 2494): [VDI] vdi_allocate_dma_memory, physaddr=0x81f5000, virtaddr=0xe9589000~0xe9bdd000, size=6635520
12-23 14:20:22.470 I/VPUAPI  ( 2494): [VDI] vdi_allocate_dma_memory, physaddr=0x9107000, virtaddr=0xe8ec9000~0xe9589000, size=7077888
12-23 14:20:22.470 D/ACodec  ( 3677): In allocateOutputMetadataBuffers:1449 notifyBufferAllocDone index :0x6f800004 and send notify done err:0 by using OMX_IndexParamConsumerUsageBits 
12-23 14:20:22.470 D/RTK_OMX_VDecoder( 2494): decoder_fill_this_buffer dec->out.bufferqueue.size 0 dec->out.buffers.size 12 
12-23 14:20:22.471 D/RTK_OMX_VDecoder( 2494): decoder_fill_this_buffer dec->out.bufferqueue.size 1 dec->out.buffers.size 12 
12-23 14:20:22.472 D/RTK_OMX_VDecoder( 2494): decoder_fill_this_buffer dec->out.bufferqueue.size 2 dec->out.buffers.size 12 
12-23 14:20:22.473 D/RTK_OMX_VDecoder( 2494): decoder_fill_this_buffer dec->out.bufferqueue.size 3 dec->out.buffers.size 12 
12-23 14:20:22.474 D/RTK_OMX_VDecoder( 2494): decoder_fill_this_buffer dec->out.bufferqueue.size 4 dec->out.buffers.size 12 
12-23 14:20:22.475 D/RTK_OMX_VDecoder( 2494): decoder_fill_this_buffer dec->out.bufferqueue.size 5 dec->out.buffers.size 12 
12-23 14:20:22.476 D/RTK_OMX_VDecoder( 2494): decoder_fill_this_buffer dec->out.bufferqueue.size 6 dec->out.buffers.size 12 
12-23 14:20:22.476 D/RTK_OMX_VDecoder( 2494): Set outputPortChangeState OMX_PORT_CHANGE_READY
12-23 14:20:22.486 D/RTK_OMX_DEC_VIDEO( 2494): [OMX_VDEC] search I....,indexFrameDecoded: 0, picType: 5(6)
12-23 14:20:22.486 D/RTK_OMX_DEC_VIDEO( 2494): [OMX_VDEC] got I frame!! 5
12-23 14:20:22.506 I/IJKMEDIA( 3677): SDL_AMediaCodecJava_dequeueOutputBuffer: INFO_OUTPUT_BUFFERS_CHANGED
12-23 14:20:22.523 D/RTK_OMX_DEC_VIDEO( 2494): [OMX_VDEC] DropAndWaitDispIFrm, got I, idx:0!!
12-23 14:20:22.527 D/RTK_OMX_VDecoder( 2494): In[decoder_get_parameter][2350]  param->nPortIndex:1
12-23 14:20:22.527 I/RTK_OMX_VDecoder( 2494): 2380 decoder_get_parameter: OutputPortDefinition: 1280x1440 fmt:53 org:53
12-23 14:20:22.527 D/RTK_OMX_VDecoder( 2494): [0;31mGET dec->out.def.nBufferCountMin:7[m
12-23 14:20:22.527 D/RTK_OMX_VDecoder( 2494): [0;31mGET dec->out.def.nBufferCountActual:12[m
12-23 14:20:22.527 D/RTK_OMX_VDecoder( 2494): [0;31mGET dec->out.nTempBufferCountActual:12[m
12-23 14:20:22.527 D/RTK_OMX_VDecoder( 2494): [0;31mGET dec->nMinOutputUndequeueCount:5[m
12-23 14:20:22.528 D/RTK_OMX_VDecoder( 2494): In[decoder_get_parameter][2750] getFrameRate 25.000000 
12-23 14:20:22.528 D/RTK_OMX_VDecoder( 2494): In[decoder_get_parameter][2776] getIsProg 1 
12-23 14:20:22.528 D/RTK_OMX_VDecoder( 2494): In[decoder_get_parameter][2782] getIsHdr 0 
12-23 14:20:22.529 D/RTK_OMX_VDecoder( 2494): In[decoder_get_parameter][2788] getIsMVC -1 
12-23 14:20:22.529 I/IJKMEDIA( 3677): SDL_AMediaCodecJava_dequeueOutputBuffer: INFO_OUTPUT_FORMAT_CHANGED
12-23 14:20:22.529 I/IJKMEDIA( 3677): AMEDIACODEC__INFO_OUTPUT_FORMAT_CHANGED
12-23 14:20:22.530 D/IJKMEDIA( 3677): SDL_AMediaFormatJava_init
12-23 14:20:22.530 I/IJKMEDIA( 3677): AMEDIACODEC__INFO_OUTPUT_FORMAT_CHANGED
12-23 14:20:22.530 I/IJKMEDIA( 3677):     width-height: (1280 x 1440)
12-23 14:20:22.530 I/IJKMEDIA( 3677):     color-format: (FormatUnknown: 0x35)
12-23 14:20:22.530 I/IJKMEDIA( 3677):     stride:       (1280)
12-23 14:20:22.530 I/IJKMEDIA( 3677):     slice-height: (1440)
12-23 14:20:22.530 I/IJKMEDIA( 3677):     crop:         (0, 0, 1279, 1439)
12-23 14:20:22.530 D/IJKMEDIA( 3677): FFP_MSG_VIDEO_SIZE_CHANGED: 1280, 1440
12-23 14:20:22.530 D/IJKMEDIA( 3677): SDL_VoutAMediaCodec_CreateOverlay(w=1280, h=1440, fmt=_AMC vout=0xd431a1a0)
12-23 14:20:22.530 D/IJKMEDIA( 3677): FFP_MSG_VIDEO_SIZE_CHANGED: 1280, 1440
12-23 14:20:22.530 D/IJKMEDIA( 3677): Video: first frame decoded
12-23 14:20:22.530 D/IJKMEDIA( 3677): FFP_MSG_VIDEO_DECODED_START:
12-23 14:20:22.533 D/IJKMEDIA( 3677): SDL_VoutAMediaCodec_CreateOverlay(w=1280, h=1440, fmt=_AMC vout=0xd431a1a0)
12-23 14:20:22.533 D/IJKMEDIA( 3677): FFP_MSG_VIDEO_SIZE_CHANGED: 1280, 1440
12-23 14:20:22.537 D/IJKMEDIA( 3677): FFP_MSG_VIDEO_RENDERING_START:
12-23 14:20:22.537 I/tv.danmaku.ijk.media.player.IjkMediaPlayer( 3677): Info: MEDIA_INFO_VIDEO_RENDERING_START
12-23 14:20:22.537 D/PersonalTailorRender( 3677): MEDIA_INFO_VIDEO_RENDERING_START
12-23 14:20:22.540 D/PersonalTailorRender( 3677): setVideoAreaList
12-23 14:20:22.541 D/PersonalTailorRender( 3677): show plane size 3
12-23 14:20:22.544 I/chromium( 3941): [INFO:CONSOLE(22)] "--------trigger request keepAlive--------", source: http://192.168.96.40:81/Vod/public/Vod/common/js/toVodApi.js?ver=14 (22)
12-23 14:20:22.545 I/chromium( 3941): [INFO:CONSOLE(36)] "[KMSplit:kmtvgame:28626] [OpenJS] recv data: {"cmdid":"keepAlive","sessionid":1000,"data":{},"tvgameid":"smartscreen"}", source: http://192.168.96.40:81/KMGame/public/split/dist/bundle.js?a4f58a91a09970ad7268 (36)
12-23 14:20:22.546 I/chromium( 3941): [INFO:CONSOLE(36)] "[KMSplit:kmtvgame:28626] [OpenJS] recv resp: {"cmdid":"cb_keepAlive","sessionid":1000,"errorcode":"0","errormessage":"success","data":{}}", source: http://192.168.96.40:81/KMGame/public/split/dist/bundle.js?a4f58a91a09970ad7268 (36)
12-23 14:20:22.548 I/chromium( 3941): [INFO:CONSOLE(45)] "[object Object]", source: http://192.168.96.40:81/Vod/public/Vod/common/js/toVodApi.js?ver=14 (45)
12-23 14:20:22.550 I/chromium( 3941): [INFO:CONSOLE(49)] "--------recv:cb_keepAlive--------", source: http://192.168.96.40:81/Vod/public/Vod/common/js/toVodApi.js?ver=14 (49)
12-23 14:20:22.550 D/IJKMEDIA( 3677): FFP_MSG_VIDEO_SIZE_CHANGED: 1280, 1440
12-23 14:20:22.550 D/IJKMEDIA( 3677): SDL_VoutAMediaCodec_CreateOverlay(w=1280, h=1440, fmt=_AMC vout=0xd431a1a0)
12-23 14:20:22.748 I/chromium( 3941): [INFO:CONSOLE(22)] "--------trigger request keepAlive--------", source: http://192.168.96.40:81/Vod/public/Vod/common/js/toVodApi.js?ver=14 (22)
12-23 14:20:22.750 I/chromium( 3941): [INFO:CONSOLE(36)] "[KMSplit:kmtvgame:28626] [OpenJS] recv data: {"cmdid":"keepAlive","sessionid":1000,"data":{},"tvgameid":"smartscreen"}", source: http://192.168.96.40:81/KMGame/public/split/dist/bundle.js?a4f58a91a09970ad7268 (36)
12-23 14:20:22.750 I/chromium( 3941): [INFO:CONSOLE(36)] "[KMSplit:kmtvgame:28626] [OpenJS] recv resp: {"cmdid":"cb_keepAlive","sessionid":1000,"errorcode":"0","errormessage":"success","data":{}}", source: http://192.168.96.40:81/KMGame/public/split/dist/bundle.js?a4f58a91a09970ad7268 (36)
12-23 14:20:22.751 I/chromium( 3941): [INFO:CONSOLE(45)] "[object Object]", source: http://192.168.96.40:81/Vod/public/Vod/common/js/toVodApi.js?ver=14 (45)
12-23 14:20:22.752 I/chromium( 3941): [INFO:CONSOLE(49)] "--------recv:cb_keepAlive--------", source: http://192.168.96.40:81/Vod/public/Vod/common/js/toVodApi.js?ver=14 (49)
12-23 14:20:22.978 E/CameraFactory( 3829): loop the CameraFactory
12-23 14:20:22.979 V/EvLog   ( 3829): [TCPClient.java::sendMessage::31]sendmsg {"cmd":"Heart0","stbversion":"6.2.1","fengyunServer":"192.168.96.73:9166;","gatewayServer":"192.168.96.72:9266","ktvInfo":"Miié‡è´©KTV"}
12-23 14:20:23.039 E/EvLog   ( 4137): [UdpClient.java::run::116]udpè¯·æ±‚æŽ¥æ”¶æ•°æ®è¶…æ—¶
12-23 14:20:23.040 E/EvLog   ( 4137): [WineClient.java::ensureEnvValid::100]mRoomInfo == null || mRoomInfo.roomId == null
12-23 14:20:23.303 I/chromium( 3941): [INFO:CONSOLE(36)] "[KMSplit:kmtvgame:28626] [OpenJS] recv data: {"cmdid":"keepAlive","sessionid":1000,"tvgameid":"dicegame"}", source: http://192.168.96.40:81/KMGame/public/split/dist/bundle.js?a4f58a91a09970ad7268 (36)
12-23 14:20:23.303 I/chromium( 3941): [INFO:CONSOLE(36)] "[KMSplit:kmtvgame:28626] [OpenJS] recv resp: {"cmdid":"cb_keepAlive","sessionid":1000,"errorcode":"0","errormessage":"success","data":{}}", source: http://192.168.96.40:81/KMGame/public/split/dist/bundle.js?a4f58a91a09970ad7268 (36)
12-23 14:20:24.004 E/reportDevLog  QueryDeviceInfoThread( 4236): mInfoSerialNum =1326
12-23 14:20:24.004 I/DevicesInfoUtil( 4236): mstb broadcastMessage msg= {"msgType":"W010","serialNum":1326}
12-23 14:20:24.005 D/FROM_JNI( 3659): [2021/12/23 14:20:24.005][Debug][Cbb][compatible_mstb.cpp:HandleMessage:35] xml message(id: 1000003) before converted: {"msgType":"W010","serialNum":1326}
12-23 14:20:24.005 W/FROM_JNI( 3659): [2021/12/23 14:20:24.005][Warn][Cbb][message_processor.cpp:ToSlaveMessage:74] no matched processor for this xml message. id:1000003
12-23 14:20:24.005 D/FROM_JNI( 3659): [2021/12/23 14:20:24.005][Debug][Cbb][mstb_client_private.cpp:HandleMessage:50] the message(1000003) has no function to handle.
12-23 14:20:24.007 E/FROM_JNI( 3659): [2021/12/23 14:20:24.007][Error][Cbb][light_ctrl_server_private.cpp:GetVersion:1910] device not opened!
12-23 14:20:24.009 W/ContextImpl( 4236): Calling a method in the system process without a qualified user: android.app.ContextImpl.sendBroadcast:763 android.content.ContextWrapper.sendBroadcast:396 com.evideo.devicesinfo.DeviceInfoService.queryNotNetChildDevice:120 com.evideo.devicesinfo.DeviceInfoService.access$400:29 com.evideo.devicesinfo.DeviceInfoService$QueryDeviceInfoThread.run:89 
12-23 14:20:24.013 E/DeviceInfoReceiver( 3829): recev need deviceInfo receiver
12-23 14:20:24.019 E/reportDevLog  BackDeviceInoReceiver( 4236): recv camera info =null
12-23 14:20:24.643 I/chromium( 3941): [INFO:CONSOLE(22)] "--------trigger request keepAlive--------", source: http://192.168.96.40:81/Vod/public/Vod/common/js/toVodApi.js?ver=14 (22)
12-23 14:20:24.645 I/chromium( 3941): [INFO:CONSOLE(36)] "[KMSplit:kmtvgame:28626] [OpenJS] recv data: {"cmdid":"keepAlive","sessionid":1000,"data":{},"tvgameid":"smartscreen"}", source: http://192.168.96.40:81/KMGame/public/split/dist/bundle.js?a4f58a91a09970ad7268 (36)
12-23 14:20:24.646 I/chromium( 3941): [INFO:CONSOLE(36)] "[KMSplit:kmtvgame:28626] [OpenJS] recv resp: {"cmdid":"cb_keepAlive","sessionid":1000,"errorcode":"0","errormessage":"success","data":{}}", source: http://192.168.96.40:81/KMGame/public/split/dist/bundle.js?a4f58a91a09970ad7268 (36)
12-23 14:20:24.647 I/chromium( 3941): [INFO:CONSOLE(45)] "[object Object]", source: http://192.168.96.40:81/Vod/public/Vod/common/js/toVodApi.js?ver=14 (45)
12-23 14:20:24.647 I/chromium( 3941): [INFO:CONSOLE(49)] "--------recv:cb_keepAlive--------", source: http://192.168.96.40:81/Vod/public/Vod/common/js/toVodApi.js?ver=14 (49)
12-23 14:20:24.778 I/chromium( 3941): [INFO:CONSOLE(22)] "--------trigger request keepAlive--------", source: http://192.168.96.40:81/Vod/public/Vod/common/js/toVodApi.js?ver=14 (22)
12-23 14:20:24.778 I/chromium( 3941): [INFO:CONSOLE(36)] "[KMSplit:kmtvgame:28626] [OpenJS] recv data: {"cmdid":"keepAlive","sessionid":1000,"data":{},"tvgameid":"smartscreen"}", source: http://192.168.96.40:81/KMGame/public/split/dist/bundle.js?a4f58a91a09970ad7268 (36)
12-23 14:20:24.779 I/chromium( 3941): [INFO:CONSOLE(36)] "[KMSplit:kmtvgame:28626] [OpenJS] recv resp: {"cmdid":"cb_keepAlive","sessionid":1000,"errorcode":"0","errormessage":"success","data":{}}", source: http://192.168.96.40:81/KMGame/public/split/dist/bundle.js?a4f58a91a09970ad7268 (36)
12-23 14:20:24.779 I/chromium( 3941): [INFO:CONSOLE(45)] "[object Object]", source: http://192.168.96.40:81/Vod/public/Vod/common/js/toVodApi.js?ver=14 (45)
12-23 14:20:24.780 I/chromium( 3941): [INFO:CONSOLE(49)] "--------recv:cb_keepAlive--------", source: http://192.168.96.40:81/Vod/public/Vod/common/js/toVodApi.js?ver=14 (49)
12-23 14:20:24.982 E/EvLog   ( 3829): [TCPClient.java::sendMessage::65]send message failed
12-23 14:20:24.983 V/EvLog   ( 3829): [KankanClient.java::testEnable::155]inform connect timeout 79606
12-23 14:20:24.983 I/EvLog   ( 3829): [KankanClient.java::testEnable::177]Kankan Enable false
12-23 14:20:24.996 I/chromium( 3941): [INFO:CONSOLE(36)] "[KMSplit:kmtvgame:28626] [OpenJS] recv data: {"cmdid":"keepAlive","sessionid":1000,"tvgameid":"dicegame"}", source: http://192.168.96.40:81/KMGame/public/split/dist/bundle.js?a4f58a91a09970ad7268 (36)
12-23 14:20:24.996 I/chromium( 3941): [INFO:CONSOLE(36)] "[KMSplit:kmtvgame:28626] [OpenJS] recv resp: {"cmdid":"cb_keepAlive","sessionid":1000,"errorcode":"0","errormessage":"success","data":{}}", source: http://192.168.96.40:81/KMGame/public/split/dist/bundle.js?a4f58a91a09970ad7268 (36)
12-23 14:20:25.818 D/WSServer( 3771): [WSServer.java onMessage (68)] onMessage()ç½‘é¡µç«¯æ¥çš„æ¶ˆæ¯->ã€/127.0.0.1:52199ã€‘{"cmd":"heartbeat","connid":"homeplugin_1640160854070","body":{}}
12-23 14:20:25.819 I/KmTrigger( 3771): [WSServer.java updateHeartbeat (183)] update heartbeat,connid=homeplugin_1640160854070
12-23 14:20:26.357 W/ContextImpl( 3677): Calling a method in the system process without a qualified user: android.app.ContextImpl.sendBroadcast:763 android.content.ContextWrapper.sendBroadcast:396 com.evideostb.kdroid.app.personaltailor.managers.a.m:664 com.evideostb.kdroid.app.personaltailor.rajawali3d.a$15.onAnimationEnd:1829 org.rajawali3d.animation.Animation.eventEnd:334 
12-23 14:20:26.358 D/MiniKMaxReceiver( 4137): onReceive
