12-23 14:20:03.353 D/IJKMEDIA( 3677): IjkMediaPlayer_start
12-23 14:20:03.353 D/IJKMEDIA( 3677): ijkmp_start()
12-23 14:20:03.353 D/IJKMEDIA( 3677): ijkmp_start()=0
12-23 14:20:03.353 D/IJKMEDIA( 3677): ijkmp_get_msg: FFP_REQ_START
12-23 14:20:03.356 I/IJKMEDIA( 3677): SDL_RunThread: [25659] ff_video_dec
12-23 14:20:03.358 I/IJKMEDIA( 3677): SDL_RunThread: [25660] amc_input_th
12-23 14:20:03.373 D/IJKMEDIA( 3677): ijkmp_get_msg: FFP_REQ_START
12-23 14:20:03.458 D/IJKMEDIA( 3677): ffpipeline_set_surface_need_reconfigure_l(0)
12-23 14:20:03.458 I/IJKMEDIA( 3677): feed_input_buffer: same surface, reuse previous surface
12-23 14:20:03.463 D/RTK_OMX_VDecoder( 2494): Change outputPortChangeState OMX_PORT_CHANGE_SETTING_RECEIVED
12-23 14:20:03.463 D/RTK_OMX_DEC_VIDEO( 2494): pVpu->initialInfo.interlace:0, s_dec_config.bRenderToV1:1, pVpu->bIsThumbnail:0
12-23 14:20:03.463 D/RTK_OMX_DEC_VIDEO( 2494): [0;37mIn[VDecSettingNormal][2105][m
12-23 14:20:03.463 I/RTK_OMX_DEC_VIDEO( 2494): VPU_DecRegisterFrameBuffer() : fbCount=12, stride=1280, height=1440
12-23 14:20:03.463 I/RTK_OMX_DEC_VIDEO( 2494): * Dec InitialInfo =>
12-23 14:20:03.463 I/RTK_OMX_DEC_VIDEO( 2494):  instance #2, 
12-23 14:20:03.463 I/RTK_OMX_DEC_VIDEO( 2494):  minframeBuffercount: 6
12-23 14:20:03.463 I/RTK_OMX_DEC_VIDEO( 2494):  
12-23 14:20:03.463 I/RTK_OMX_DEC_VIDEO( 2494): maxNumRefFrm: 4
12-23 14:20:03.463 I/RTK_OMX_DEC_VIDEO( 2494):  
12-23 14:20:03.463 I/RTK_OMX_DEC_VIDEO( 2494): picWidth: 1280(1280)
12-23 14:20:03.463 I/RTK_OMX_DEC_VIDEO( 2494):  picHeight: 1440(1440)
12-23 14:20:03.463 I/RTK_OMX_DEC_VIDEO( 2494):  
12-23 14:20:03.463 I/RTK_OMX_DEC_VIDEO( 2494): frRes: 50
12-23 14:20:03.463 I/RTK_OMX_DEC_VIDEO( 2494):  frDiv: 2
12-23 14:20:03.463 I/RTK_OMX_DEC_VIDEO( 2494): In[decoder_getinfo_video][6384]  width:1280(1280), height:1440(1440), framesize:2764800
12-23 14:20:03.463 I/RTK_OMX_VDecoder( 2494): ASYNC: video props: width: 1280 height: 1440 buffersize: 2764800 stride: 1280 sliceheight: 1440 color_format: 0x35
12-23 14:20:03.463 I/RTK_OMX_VDecoder( 2494): ASYNC: num_buffer: 12
12-23 14:20:03.463 I/RTK_OMX_VDecoder( 2494): ASYNC: Output port video resolution changed
12-23 14:20:03.464 D/RTK_OMX_DEC_VIDEO( 2494): [0;36mBUFFERCMD_RESET_BUF, pVpu->nRegCount : 0, phyAddress : 0x05036000, bDttachMemory : 0[m
12-23 14:20:03.464 D/RTK_OMX_DEC_VIDEO( 2494): [0;36mBUFFERCMD_RESET_BUF, pVpu->nRegCount : 0, phyAddress : 0x05035000, bDttachMemory : 0[m
12-23 14:20:03.465 I/RTK_OMX_VDecoder( 2494): ASYNC: has cmd!!! break the decoded while loop!!in 7043 datalen:1566 EOS:0 
12-23 14:20:03.465 D/RTK_OMX_DEC_VIDEO( 2494): [0;36mBUFFERCMD_RESET_BUF, pVpu->nRegCount : 0, phyAddress : 0x05034000, bDttachMemory : 0[m
12-23 14:20:03.465 D/RTK_OMX_VDecoder( 2494): Set outputPortChangeState OMX_PORT_CHANGE_BUFFER_RETURNED
12-23 14:20:03.465 D/RTK_OMX_DEC_VIDEO( 2494): [0;36mBUFFERCMD_RESET_BUF, pVpu->nRegCount : 0, phyAddress : 0x05033000, bDttachMemory : 0[m
12-23 14:20:03.465 D/RTK_OMX_DEC_VIDEO( 2494): [0;36mBUFFERCMD_RESET_BUF, pVpu->nRegCount : 0, phyAddress : 0x05032000, bDttachMemory : 0[m
12-23 14:20:03.465 D/RTK_OMX_DEC_VIDEO( 2494): [0;36mBUFFERCMD_RESET_BUF, pVpu->nRegCount : 0, phyAddress : 0x0502e000, bDttachMemory : 0[m
12-23 14:20:03.466 D/RTK_OMX_DEC_VIDEO( 2494): [0;36mBUFFERCMD_RESET_BUF, pVpu->nRegCount : 0, phyAddress : 0x0502f000, bDttachMemory : 0[m
12-23 14:20:03.466 D/RTK_OMX_DEC_VIDEO( 2494): [0;36mBUFFERCMD_RESET_BUF, pVpu->nRegCount : 0, phyAddress : 0x05030000, bDttachMemory : 0[m
12-23 14:20:03.466 D/RTK_OMX_DEC_VIDEO( 2494): [0;36mBUFFERCMD_RESET_BUF, pVpu->nRegCount : 0, phyAddress : 0x05031000, bDttachMemory : 0[m
12-23 14:20:03.470 D/RTK_OMX_VDecoder( 2494): In[decoder_get_parameter][2350]  param->nPortIndex:1
12-23 14:20:03.470 I/RTK_OMX_VDecoder( 2494): 2380 decoder_get_parameter: OutputPortDefinition: 1280x1440 fmt:53 org:53
12-23 14:20:03.470 D/RTK_OMX_VDecoder( 2494): [0;31mGET dec->out.def.nBufferCountMin:7[m
12-23 14:20:03.470 D/RTK_OMX_VDecoder( 2494): [0;31mGET dec->out.def.nBufferCountActual:12[m
12-23 14:20:03.471 D/RTK_OMX_VDecoder( 2494): [0;31mGET dec->out.nTempBufferCountActual:12[m
12-23 14:20:03.471 D/RTK_OMX_VDecoder( 2494): [0;31mGET dec->nMinOutputUndequeueCount:5[m
12-23 14:20:03.471 D/RTK_OMX_VDecoder( 2494): In[decoder_get_parameter][2350]  param->nPortIndex:1
12-23 14:20:03.471 I/RTK_OMX_VDecoder( 2494): 2380 decoder_get_parameter: OutputPortDefinition: 1280x1440 fmt:53 org:53
12-23 14:20:03.471 D/RTK_OMX_VDecoder( 2494): [0;31mGET dec->out.def.nBufferCountMin:7[m
12-23 14:20:03.471 D/RTK_OMX_VDecoder( 2494): [0;31mGET dec->out.def.nBufferCountActual:12[m
12-23 14:20:03.471 D/RTK_OMX_VDecoder( 2494): [0;31mGET dec->out.nTempBufferCountActual:12[m
12-23 14:20:03.471 D/RTK_OMX_VDecoder( 2494): [0;31mGET dec->nMinOutputUndequeueCount:5[m
12-23 14:20:03.471 D/SurfaceUtils( 3677): set up nativeWindow 0xdf721908 for 1280x1440, color 0x35, rotation 0, usage 0x2002b00
12-23 14:20:03.471 I/RTK_OMX_VDecoder( 2494): decoder_set_parameter: OutputPortDefinition: 1280x1440 fmt:53
12-23 14:20:03.471 D/RTK_OMX_VDecoder( 2494): [0;33mSET dec->out.def.nBufferCountMin:7[m
12-23 14:20:03.471 D/RTK_OMX_VDecoder( 2494): [0;33mSET dec->out.def.nBufferCountActual:12[m
12-23 14:20:03.471 D/RTK_OMX_VDecoder( 2494): [0;33mSET dec->out.nTempBufferCountActual:12[m
12-23 14:20:03.471 D/RTK_OMX_VDecoder( 2494): [0;33mSET dec->nMinOutputUndequeueCount:5[m
12-23 14:20:03.473 I/gralloc ( 2469): [alloc_backend_alloc] handle:0xec65d400 addr:0x107e92000 size:2764800
12-23 14:20:03.475 I/gralloc ( 2469): [alloc_backend_alloc] handle:0xefd94340 addr:0x1083d8000 size:2764800
12-23 14:20:03.478 I/gralloc ( 2469): [alloc_backend_alloc] handle:0xec65d400 addr:0x10867b000 size:2764800
12-23 14:20:03.482 I/gralloc ( 2469): [alloc_backend_alloc] handle:0xec658d20 addr:0x10891e000 size:2764800
12-23 14:20:03.484 I/gralloc ( 2469): [alloc_backend_alloc] handle:0xec65d240 addr:0x108bc1000 size:2764800
12-23 14:20:03.487 I/gralloc ( 2469): [alloc_backend_alloc] handle:0xec658d20 addr:0x108e64000 size:2764800
12-23 14:20:03.489 I/gralloc ( 2469): [alloc_backend_alloc] handle:0xec65d320 addr:0x109107000 size:2764800
12-23 14:20:03.494 I/gralloc ( 2469): [alloc_backend_alloc] handle:0xec65d240 addr:0x1093aa000 size:2764800
12-23 14:20:03.500 I/gralloc ( 2469): [alloc_backend_alloc] handle:0xec65d400 addr:0x10964d000 size:2764800
12-23 14:20:03.505 I/gralloc ( 2469): [alloc_backend_alloc] handle:0xec659a40 addr:0x1098f0000 size:2764800
12-23 14:20:03.510 I/gralloc ( 2469): [alloc_backend_alloc] handle:0xec659960 addr:0x109b93000 size:2764800
12-23 14:20:03.514 I/gralloc ( 2469): [alloc_backend_alloc] handle:0xefd93c40 addr:0x109e36000 size:2764800
12-23 14:20:03.519 D/ACodec  ( 3677): --- In allocateOutputMetadataBuffers:1438 send back buffer count : 12 totalAllocBufferCount:12 ----
12-23 14:20:03.520 D/RTK_OMX_VDecoder( 2494): [0;32m#### decoder_set_parameter:2146 convertHandleT2Physical ######[m
12-23 14:20:03.520 D/RTK_OMX_VDecoder( 2494): In convertHandleT2Physical:7367, UseStoreMetaDataInBuffer:1 UseGrallocBuffer:1 nBufferCountActual:12
12-23 14:20:03.520 D/RTK_OMX_DEC_VIDEO( 2494): [0;36mpVpu->nRegCount : 0, phyAddress : 0x07e92000[m
12-23 14:20:03.520 I/VPUAPI  ( 2494): [VDI] vdi_attach_dma_memory, physaddr=0x7e92000, virtaddr=0xe93b5000, size=2764800, index=20
12-23 14:20:03.521 D/RTK_OMX_DEC_VIDEO( 2494): [0;36mpVpu->nRegCount : 1, phyAddress : 0x083d8000[m
12-23 14:20:03.521 I/VPUAPI  ( 2494): [VDI] vdi_attach_dma_memory, physaddr=0x83d8000, virtaddr=0xe9112000, size=2764800, index=21
12-23 14:20:03.522 D/RTK_OMX_DEC_VIDEO( 2494): [0;36mpVpu->nRegCount : 2, phyAddress : 0x0867b000[m
12-23 14:20:03.522 I/VPUAPI  ( 2494): [VDI] vdi_attach_dma_memory, physaddr=0x867b000, virtaddr=0xe8e6f000, size=2764800, index=22
12-23 14:20:03.522 D/RTK_OMX_DEC_VIDEO( 2494): [0;36mpVpu->nRegCount : 3, phyAddress : 0x0891e000[m
12-23 14:20:03.522 I/VPUAPI  ( 2494): [VDI] vdi_attach_dma_memory, physaddr=0x891e000, virtaddr=0xe8bcc000, size=2764800, index=23
12-23 14:20:03.523 D/RTK_OMX_DEC_VIDEO( 2494): [0;36mpVpu->nRegCount : 4, phyAddress : 0x08bc1000[m
12-23 14:20:03.523 I/VPUAPI  ( 2494): [VDI] vdi_attach_dma_memory, physaddr=0x8bc1000, virtaddr=0xe8929000, size=2764800, index=24
12-23 14:20:03.523 D/RTK_OMX_DEC_VIDEO( 2494): [0;36mpVpu->nRegCount : 5, phyAddress : 0x08e64000[m
12-23 14:20:03.524 I/VPUAPI  ( 2494): [VDI] vdi_attach_dma_memory, physaddr=0x8e64000, virtaddr=0xe8686000, size=2764800, index=25
12-23 14:20:03.524 D/RTK_OMX_DEC_VIDEO( 2494): [0;36mpVpu->nRegCount : 6, phyAddress : 0x09107000[m
12-23 14:20:03.524 I/VPUAPI  ( 2494): [VDI] vdi_attach_dma_memory, physaddr=0x9107000, virtaddr=0xe83e3000, size=2764800, index=26
12-23 14:20:03.525 D/RTK_OMX_DEC_VIDEO( 2494): [0;36mpVpu->nRegCount : 7, phyAddress : 0x093aa000[m
12-23 14:20:03.525 I/VPUAPI  ( 2494): [VDI] vdi_attach_dma_memory, physaddr=0x93aa000, virtaddr=0xe8140000, size=2764800, index=27
12-23 14:20:03.525 D/RTK_OMX_DEC_VIDEO( 2494): [0;36mpVpu->nRegCount : 8, phyAddress : 0x0964d000[m
12-23 14:20:03.525 I/VPUAPI  ( 2494): [VDI] vdi_attach_dma_memory, physaddr=0x964d000, virtaddr=0xe7e9d000, size=2764800, index=28
12-23 14:20:03.526 D/RTK_OMX_DEC_VIDEO( 2494): [0;36mpVpu->nRegCount : 9, phyAddress : 0x098f0000[m
12-23 14:20:03.526 I/VPUAPI  ( 2494): [VDI] vdi_attach_dma_memory, physaddr=0x98f0000, virtaddr=0xe7926000, size=2764800, index=29
12-23 14:20:03.526 D/RTK_OMX_DEC_VIDEO( 2494): [0;36mpVpu->nRegCount : 10, phyAddress : 0x09b93000[m
12-23 14:20:03.526 I/VPUAPI  ( 2494): [VDI] vdi_attach_dma_memory, physaddr=0x9b93000, virtaddr=0xe7683000, size=2764800, index=30
12-23 14:20:03.527 D/RTK_OMX_DEC_VIDEO( 2494): [0;36mpVpu->nRegCount : 11, phyAddress : 0x09e36000[m
12-23 14:20:03.527 I/VPUAPI  ( 2494): [VDI] vdi_attach_dma_memory, physaddr=0x9e36000, virtaddr=0xe73e0000, size=2764800, index=31
12-23 14:20:03.527 D/RTK_OMX_DEC_VIDEO( 2494): [0;36mpVpu->nRegCount : 12, nStartRegCount : 0[m
12-23 14:20:03.527 I/VPUAPI  ( 2494): [VDI] vdi_allocate_dma_memory, physaddr=0xa0d9000, virtaddr=0xe4fec000~0xe5640000, size=6635520
12-23 14:20:03.528 I/VPUAPI  ( 2494): [VDI] vdi_allocate_dma_memory, physaddr=0xa72d000, virtaddr=0xe492c000~0xe4fec000, size=7077888
12-23 14:20:03.528 D/ACodec  ( 3677): In allocateOutputMetadataBuffers:1449 notifyBufferAllocDone index :0x6f800004 and send notify done err:0 by using OMX_IndexParamConsumerUsageBits 
12-23 14:20:03.528 D/RTK_OMX_VDecoder( 2494): decoder_fill_this_buffer dec->out.bufferqueue.size 0 dec->out.buffers.size 12 
12-23 14:20:03.530 D/RTK_OMX_VDecoder( 2494): decoder_fill_this_buffer dec->out.bufferqueue.size 1 dec->out.buffers.size 12 
12-23 14:20:03.531 D/RTK_OMX_VDecoder( 2494): decoder_fill_this_buffer dec->out.bufferqueue.size 2 dec->out.buffers.size 12 
12-23 14:20:03.531 D/RTK_OMX_VDecoder( 2494): decoder_fill_this_buffer dec->out.bufferqueue.size 3 dec->out.buffers.size 12 
12-23 14:20:03.532 D/RTK_OMX_VDecoder( 2494): decoder_fill_this_buffer dec->out.bufferqueue.size 4 dec->out.buffers.size 12 
12-23 14:20:03.533 D/RTK_OMX_VDecoder( 2494): decoder_fill_this_buffer dec->out.bufferqueue.size 5 dec->out.buffers.size 12 
12-23 14:20:03.533 D/RTK_OMX_VDecoder( 2494): decoder_fill_this_buffer dec->out.bufferqueue.size 6 dec->out.buffers.size 12 
12-23 14:20:03.533 D/RTK_OMX_VDecoder( 2494): Set outputPortChangeState OMX_PORT_CHANGE_READY
12-23 14:20:03.542 D/RTK_OMX_DEC_VIDEO( 2494): [OMX_VDEC] search I....,indexFrameDecoded: 0, picType: 5(6)
12-23 14:20:03.542 D/RTK_OMX_DEC_VIDEO( 2494): [OMX_VDEC] got I frame!! 5
12-23 14:20:03.559 I/IJKMEDIA( 3677): SDL_AMediaCodecJava_dequeueOutputBuffer: INFO_OUTPUT_BUFFERS_CHANGED
12-23 14:20:03.578 D/RTK_OMX_DEC_VIDEO( 2494): [OMX_VDEC] DropAndWaitDispIFrm, got I, idx:0!!
12-23 14:20:03.581 D/RTK_OMX_VDecoder( 2494): In[decoder_get_parameter][2350]  param->nPortIndex:1
12-23 14:20:03.581 I/RTK_OMX_VDecoder( 2494): 2380 decoder_get_parameter: OutputPortDefinition: 1280x1440 fmt:53 org:53
12-23 14:20:03.581 D/RTK_OMX_VDecoder( 2494): [0;31mGET dec->out.def.nBufferCountMin:7[m
12-23 14:20:03.581 D/RTK_OMX_VDecoder( 2494): [0;31mGET dec->out.def.nBufferCountActual:12[m
12-23 14:20:03.581 D/RTK_OMX_VDecoder( 2494): [0;31mGET dec->out.nTempBufferCountActual:12[m
12-23 14:20:03.581 D/RTK_OMX_VDecoder( 2494): [0;31mGET dec->nMinOutputUndequeueCount:5[m
12-23 14:20:03.581 D/RTK_OMX_VDecoder( 2494): In[decoder_get_parameter][2750] getFrameRate 25.000000 
12-23 14:20:03.582 D/RTK_OMX_VDecoder( 2494): In[decoder_get_parameter][2776] getIsProg 1 
12-23 14:20:03.582 D/RTK_OMX_VDecoder( 2494): In[decoder_get_parameter][2782] getIsHdr 0 
12-23 14:20:03.583 D/RTK_OMX_VDecoder( 2494): In[decoder_get_parameter][2788] getIsMVC -1 
12-23 14:20:03.583 I/IJKMEDIA( 3677): SDL_AMediaCodecJava_dequeueOutputBuffer: INFO_OUTPUT_FORMAT_CHANGED
12-23 14:20:03.584 I/IJKMEDIA( 3677): AMEDIACODEC__INFO_OUTPUT_FORMAT_CHANGED
12-23 14:20:03.584 D/IJKMEDIA( 3677): SDL_AMediaFormatJava_init
12-23 14:20:03.584 D/IJKMEDIA( 3677): FFP_MSG_VIDEO_SIZE_CHANGED: 1280, 1440
12-23 14:20:03.584 I/IJKMEDIA( 3677): AMEDIACODEC__INFO_OUTPUT_FORMAT_CHANGED
12-23 14:20:03.584 I/IJKMEDIA( 3677):     width-height: (1280 x 1440)
12-23 14:20:03.584 I/IJKMEDIA( 3677):     color-format: (FormatUnknown: 0x35)
12-23 14:20:03.584 I/IJKMEDIA( 3677):     stride:       (1280)
12-23 14:20:03.584 I/IJKMEDIA( 3677):     slice-height: (1440)
12-23 14:20:03.584 I/IJKMEDIA( 3677):     crop:         (0, 0, 1279, 1439)
12-23 14:20:03.585 D/IJKMEDIA( 3677): FFP_MSG_VIDEO_SIZE_CHANGED: 1280, 1440
12-23 14:20:03.585 D/IJKMEDIA( 3677): SDL_VoutAMediaCodec_CreateOverlay(w=1280, h=1440, fmt=_AMC vout=0xd431a200)
12-23 14:20:03.585 D/IJKMEDIA( 3677): Video: first frame decoded
12-23 14:20:03.585 D/IJKMEDIA( 3677): FFP_MSG_VIDEO_DECODED_START:
12-23 14:20:03.587 D/IJKMEDIA( 3677): SDL_VoutAMediaCodec_CreateOverlay(w=1280, h=1440, fmt=_AMC vout=0xd431a200)
12-23 14:20:03.587 D/IJKMEDIA( 3677): FFP_MSG_VIDEO_SIZE_CHANGED: 1280, 1440
12-23 14:20:03.591 D/IJKMEDIA( 3677): FFP_MSG_VIDEO_RENDERING_START:
12-23 14:20:03.591 I/tv.danmaku.ijk.media.player.IjkMediaPlayer( 3677): Info: MEDIA_INFO_VIDEO_RENDERING_START
12-23 14:20:03.591 D/PersonalTailorRender( 3677): MEDIA_INFO_VIDEO_RENDERING_START
12-23 14:20:03.598 D/PersonalTailorRender( 3677): setVideoAreaList
12-23 14:20:03.600 D/PersonalTailorRender( 3677): show plane size 3
12-23 14:20:03.610 D/IJKMEDIA( 3677): SDL_VoutAMediaCodec_CreateOverlay(w=1280, h=1440, fmt=_AMC vout=0xd431a200)
12-23 14:20:03.610 D/IJKMEDIA( 3677): FFP_MSG_VIDEO_SIZE_CHANGED: 1280, 1440
12-23 14:20:03.995 I/chromium( 3941): [INFO:CONSOLE(36)] "[KMSplit:kmtvgame:28626] [OpenJS] recv data: {"cmdid":"keepAlive","sessionid":1000,"tvgameid":"dicegame"}", source: http://192.168.96.40:81/KMGame/public/split/dist/bundle.js?a4f58a91a09970ad7268 (36)
12-23 14:20:03.996 I/chromium( 3941): [INFO:CONSOLE(36)] "[KMSplit:kmtvgame:28626] [OpenJS] recv resp: {"cmdid":"cb_keepAlive","sessionid":1000,"errorcode":"0","errormessage":"success","data":{}}", source: http://192.168.96.40:81/KMGame/public/split/dist/bundle.js?a4f58a91a09970ad7268 (36)
12-23 14:20:04.643 I/chromium( 3941): [INFO:CONSOLE(22)] "--------trigger request keepAlive--------", source: http://192.168.96.40:81/Vod/public/Vod/common/js/toVodApi.js?ver=14 (22)
12-23 14:20:04.643 I/chromium( 3941): [INFO:CONSOLE(36)] "[KMSplit:kmtvgame:28626] [OpenJS] recv data: {"cmdid":"keepAlive","sessionid":1000,"data":{},"tvgameid":"smartscreen"}", source: http://192.168.96.40:81/KMGame/public/split/dist/bundle.js?a4f58a91a09970ad7268 (36)
12-23 14:20:04.643 I/chromium( 3941): [INFO:CONSOLE(36)] "[KMSplit:kmtvgame:28626] [OpenJS] recv resp: {"cmdid":"cb_keepAlive","sessionid":1000,"errorcode":"0","errormessage":"success","data":{}}", source: http://192.168.96.40:81/KMGame/public/split/dist/bundle.js?a4f58a91a09970ad7268 (36)
12-23 14:20:04.644 I/chromium( 3941): [INFO:CONSOLE(45)] "[object Object]", source: http://192.168.96.40:81/Vod/public/Vod/common/js/toVodApi.js?ver=14 (45)
12-23 14:20:04.644 I/chromium( 3941): [INFO:CONSOLE(49)] "--------recv:cb_keepAlive--------", source: http://192.168.96.40:81/Vod/public/Vod/common/js/toVodApi.js?ver=14 (49)
12-23 14:20:04.778 I/chromium( 3941): [INFO:CONSOLE(22)] "--------trigger request keepAlive--------", source: http://192.168.96.40:81/Vod/public/Vod/common/js/toVodApi.js?ver=14 (22)
12-23 14:20:04.778 I/chromium( 3941): [INFO:CONSOLE(36)] "[KMSplit:kmtvgame:28626] [OpenJS] recv data: {"cmdid":"keepAlive","sessionid":1000,"data":{},"tvgameid":"smartscreen"}", source: http://192.168.96.40:81/KMGame/public/split/dist/bundle.js?a4f58a91a09970ad7268 (36)
12-23 14:20:04.779 I/chromium( 3941): [INFO:CONSOLE(36)] "[KMSplit:kmtvgame:28626] [OpenJS] recv resp: {"cmdid":"cb_keepAlive","sessionid":1000,"errorcode":"0","errormessage":"success","data":{}}", source: http://192.168.96.40:81/KMGame/public/split/dist/bundle.js?a4f58a91a09970ad7268 (36)
12-23 14:20:04.779 I/chromium( 3941): [INFO:CONSOLE(45)] "[object Object]", source: http://192.168.96.40:81/Vod/public/Vod/common/js/toVodApi.js?ver=14 (45)
12-23 14:20:04.780 I/chromium( 3941): [INFO:CONSOLE(49)] "--------recv:cb_keepAlive--------", source: http://192.168.96.40:81/Vod/public/Vod/common/js/toVodApi.js?ver=14 (49)
12-23 14:20:05.014 D/FROM_JNI( 3659): [2021/12/23 14:20:05.014][Debug][Cbb][km_message_commu_p.cpp:GetRcvPackid:54] rcv a pack ,sessidid:
12-23 14:20:05.014 D/FROM_JNI( 3659): [2021/12/23 14:20:05.014][Debug][Cbb][km_message_commu_p.cpp:GetRcvPackid:61] <message>
12-23 14:20:05.014 D/FROM_JNI( 3659):   <head packtype="19" sessionid=""/>
12-23 14:20:05.014 D/FROM_JNI( 3659): <body roomip="255.255.255.255"  taskid="1640240404797"  terminaltype="1"  outtype="1"  msgtype="2"  msgcontent="æ‰‹æœºå¾®ä¿¡ç‚¹æ­Œï¼Œå…³æ³¨â€œKç±³â€å…¬ä¼—å·ï¼Œå›žå¤&#x0020;62770850&#x0020;ç‚¹æ­Œ"  loop="1"  duration="300"  msgsubtype="20"  msgfontcolor="0xffffff"  iconname=""  bg="shortcode_tip_bg.png"  displayx=""  displayy=""  cid=""  cname=""  cpicurl=""  msgsubcontent=""  cmdid="B038"  logid="2137566775"  />
12-23 14:20:05.014 D/FROM_JNI( 3659): </message>
12-23 14:20:05.014 D/FROM_JNI( 3659): [2021/12/23 14:20:05.014][Debug][Cbb][km_message_commu_p.cpp:OnUdpClientRcv:38] bei dong bao
12-23 14:20:05.015 D/FROM_JNI( 3659): [2021/12/23 14:20:05.015][Debug][Cbb][km_xml_message.cpp:IsNeedDecry:668] head char8:0
12-23 14:20:05.018 I/GateWayHandler( 3829): handle gateway:B038
12-23 14:20:05.019 D/EnsureGatewayCommu( 3829): onMsgReceive cmdId : B038 - body : <?xml version="1.0" encoding="UTF-8"?><body roomip="255.255.255.255" taskid="1640240404797" terminaltype="1" outtype="1" msgtype="2" msgcontent="æ‰‹æœºå¾®ä¿¡ç‚¹æ­Œï¼Œå…³æ³¨â€œKç±³â€å…¬ä¼—å·ï¼Œå›žå¤ 62770850 ç‚¹æ­Œ" loop="1" duration="300" msgsubtype="20" msgfontcolor="0xffffff" iconname="" bg="shortcode_tip_bg.png" displayx="" displayy="" cid="" cname="" cpicurl="" msgsubcontent="" cmdid="B038" logid="2137566775"/>
12-23 14:20:05.019 I/PostEvEventBusUtil( 3829): postGatewayProtocolRcvEvent
12-23 14:20:05.022 E/FROM_JNI( 3659): [2021/12/23 14:20:05.022][Error][Cbb][km_xml_message.cpp:GetHeadNodeAttr:238] doc.load error:
12-23 14:20:05.022 E/FROM_JNI( 3659): [2021/12/23 14:20:05.022][Error][Cbb][km_xml_message.cpp:GetHeadNodeAttr:238] doc.load error:
12-23 14:20:05.022 I/FROM_JNI( 3659): [2021/12/23 14:20:05.022][Info][Cbb][km_server_manage.cpp:GetUdpDestPort:310] GetUdpDestPort:9911
12-23 14:20:05.022 D/FROM_JNI( 3659): [2021/12/23 14:20:05.022][Debug][Cbb][km_message_commu_p.cpp:SendUdp:446] target ip:192.168.96.126 port:9911
12-23 14:20:05.022 D/FROM_JNI( 3659): [2021/12/23 14:20:05.022][Debug][Cbb][km_message_commu_p.cpp:SendUdp:447] snd:
12-23 14:20:05.022 D/FROM_JNI( 3659): [2021/12/23 14:20:05.022][Debug][Cbb][km_udp_client.cpp:SendPacket:170] send km udp size :0
12-23 14:20:05.023 I/KmTrigger( 3771): [ProtocolEventUpdater.java onNewEvent (80)] receive GW Protocol(But Ignore):ProtocolGWEvent:{cmdId=B038;value=<?xml version="1.0" encoding="UTF-8"?><body roomip="255.255.255.255" taskid="1640240404797" terminaltype="1" outtype="1" msgtype="2" msgcontent="æ‰‹æœºå¾®ä¿¡ç‚¹æ­Œï¼Œå…³æ³¨â€œKç±³â€å…¬ä¼—å·ï¼Œå›žå¤ 62770850 ç‚¹æ­Œ" loop="1" duration="300" msgsubtype="20" msgfontcolor="0xffffff" iconname="" bg="shortcode_tip_bg.png" displayx="" displayy="" cid="" cname="" cpicurl="" msgsubcontent="" cmdid="B038" logid="2137566775"/>;userId=null;usrId=null;}
12-23 14:20:05.024 I/KmTrigger( 3771): [ProtocolEventUpdater.java onNewEvent (84)] receive GW Protocol(But Ignore):ProtocolGWEvent:{cmdId=B038;value=<?xml version="1.0" encoding="UTF-8"?><body roomip="255.255.255.255" taskid="1640240404797" terminaltype="1" outtype="1" msgtype="2" msgcontent="æ‰‹æœºå¾®ä¿¡ç‚¹æ­Œï¼Œå…³æ³¨â€œKç±³â€å…¬ä¼—å·ï¼Œå›žå¤ 62770850 ç‚¹æ­Œ" loop="1" duration="300" msgsubtype="20" msgfontcolor="0xffffff" iconname="" bg="shortcode_tip_bg.png" displayx="" displayy="" cid="" cname="" cpicurl="" msgsubcontent="" cmdid="B038" logid="2137566775"/>;userId=null;usrId=null;}
12-23 14:20:05.026 D/handleTvPopMsg( 3829): Rcv.outtype:1  Rcv.msgtype:2  Rcv.roomip:255.255.255.255
12-23 14:20:05.028 D/KdroidConfig( 3829): query count = 1,NotDisturbMode:false
12-23 14:20:05.028 D/handleTvPopMsg( 3829): mIsOpenedNotDisturb = false
12-23 14:20:05.063 D/ShowTipPopMsgBox( 3829): tryAcquire true
12-23 14:20:05.063 D/FROM_JNI( 3659): [2021/12/23 14:20:05.063][Debug][Cbb][hot_move_file.cpp:HotMoveDownload:655] REMOTE(http://192.168.96.72:9266/stb/commoncfg///tv_msg_box_bg/shortcode_tip_bg.png),LOCAL(/sdcard/kdroid/tv_msg_box/shortcode_tip_bg.png)
12-23 14:20:05.066 D/OsdDisplayReceiver( 4137): onReceive
12-23 14:20:05.066 D/OsdDisplayReceiver( 4137): RoomDate onReceive action 4
12-23 14:20:05.066 D/OsdDisplayReceiver( 4137): RoomDate onReceive types 2 bCan = true
12-23 14:20:05.090 D/handleTvPopMsg( 3829): DownLoad nRet = 0 remotePath = http://192.168.96.72:9266/stb/commoncfg///tv_msg_box_bg/shortcode_tip_bg.png
12-23 14:20:05.095 D/handleTvPopMsg( 3829): DownLoad nRet = -2 remotePath = http://192.168.96.72:9266/stb/commoncfg///tv_msg_box_bg/
12-23 14:20:05.108 D/handleTvPopMsg( 3829): Color:#ffffff
12-23 14:20:05.109 D/sendBlessPopResult( 3829):  sendMsg errorCode : 0 errormsg : å‘é€æˆåŠŸ!
12-23 14:20:05.111 V/EvLog   ( 3829): [RedPacketTimingView.java::onMeasure::146]setMeasure(214,273)
12-23 14:20:05.113 D/FROM_JNI( 3659): [2021/12/23 14:20:05.113][Debug][Cbb][km_xml_message.cpp:SetBody:141] <message>
12-23 14:20:05.113 D/FROM_JNI( 3659): <head packtype="21" fromip="192.168.96.77" version="10.5.0.b10" sessionid="11931" toip="192.168.96.72" roomname="1004" roomid="1004" stbip="192.168.96.77" roomopentime="20211220150817" stbproductid="54f6c5e31aa3" />
12-23 14:20:05.113 D/FROM_JNI( 3659): <body cmdid="T216" type="0" logid="2137566775" errorcode="0" errormessage="å‘é€æˆåŠŸ!" roomname="1004" roomid="1004" stbip="192.168.96.77" roomopentime="20211220150817" stbproductid="54f6c5e31aa3" clientsessionid="11931" clientip="192.168.96.77" />
12-23 14:20:05.113 D/FROM_JNI( 3659): </message>
12-23 14:20:05.113 D/FROM_JNI( 3659): 
12-23 14:20:05.113 I/FROM_JNI( 3659): [2021/12/23 14:20:05.113][Info][Cbb][km_server_manage.cpp:GetUdpDestPort:310] GetUdpDestPort:9911
12-23 14:20:05.409 D/FROM_JNI( 3659): [2021/12/23 14:20:05.409][Debug][Cbb][km_message_commu_p.cpp:GetRcvPackid:54] rcv a pack ,sessidid:11931
12-23 14:20:05.410 D/FROM_JNI( 3659): [2021/12/23 14:20:05.409][Debug][Cbb][km_message_commu_p.cpp:GetRcvPackid:61] <message>
12-23 14:20:05.410 D/FROM_JNI( 3659):   <head packtype="" sessionid="11931"/>
12-23 14:20:05.410 D/FROM_JNI( 3659): <body cmdid="T217"  errorcode="0"  errormessage="success"  clientsessionid="11931"  clientip="192.168.96.77"  get_integral="0"  />
12-23 14:20:05.410 D/FROM_JNI( 3659): </message>
12-23 14:20:05.410 D/FROM_JNI( 3659): [2021/12/23 14:20:05.410][Debug][Cbb][km_xml_message.cpp:IsNeedDecry:668] head char8:0
12-23 14:20:05.537 I/chromium( 3941): [INFO:CONSOLE(36)] "[KMSplit:kmtvgame:28626] [OpenJS] recv data: {"cmdid":"keepAlive","sessionid":1000,"tvgameid":"dicegame"}", source: http://192.168.96.40:81/KMGame/public/split/dist/bundle.js?a4f58a91a09970ad7268 (36)
12-23 14:20:05.537 I/chromium( 3941): [INFO:CONSOLE(36)] "[KMSplit:kmtvgame:28626] [OpenJS] recv resp: {"cmdid":"cb_keepAlive","sessionid":1000,"errorcode":"0","errormessage":"success","data":{}}", source: http://192.168.96.40:81/KMGame/public/split/dist/bundle.js?a4f58a91a09970ad7268 (36)
12-23 14:20:05.806 I/chromium( 3941): [INFO:CONSOLE(36)] "[KMSplit:kmtvgame:28626] [OpenJS] recv data: {"cmdid":"keepAlive","sessionid":1000,"tvgameid":"dicegame"}", source: http://192.168.96.40:81/KMGame/public/split/dist/bundle.js?a4f58a91a09970ad7268 (36)
12-23 14:20:05.806 I/chromium( 3941): [INFO:CONSOLE(36)] "[KMSplit:kmtvgame:28626] [OpenJS] recv resp: {"cmdid":"cb_keepAlive","sessionid":1000,"errorcode":"0","errormessage":"success","data":{}}", source: http://192.168.96.40:81/KMGame/public/split/dist/bundle.js?a4f58a91a09970ad7268 (36)
12-23 14:20:06.236 I/chromium( 3941): [INFO:CONSOLE(36)] "[KMSplit:kmtvgame:28626] [OpenJS] recv data: {"cmdid":"keepAlive","sessionid":1000,"tvgameid":"dicegame"}", source: http://192.168.96.40:81/KMGame/public/split/dist/bundle.js?a4f58a91a09970ad7268 (36)
12-23 14:20:06.236 I/chromium( 3941): [INFO:CONSOLE(36)] "[KMSplit:kmtvgame:28626] [OpenJS] recv resp: {"cmdid":"cb_keepAlive","sessionid":1000,"errorcode":"0","errormessage":"success","data":{}}", source: http://192.168.96.40:81/KMGame/public/split/dist/bundle.js?a4f58a91a09970ad7268 (36)
12-23 14:20:06.359 I/chromium( 3941): [INFO:CONSOLE(36)] "[KMSplit:kmtvgame:28626] [OpenJS] recv data: {"cmdid":"keepAlive","sessionid":1000,"tvgameid":"dicegame"}", source: http://192.168.96.40:81/KMGame/public/split/dist/bundle.js?a4f58a91a09970ad7268 (36)
12-23 14:20:06.359 I/chromium( 3941): [INFO:CONSOLE(36)] "[KMSplit:kmtvgame:28626] [OpenJS] recv resp: {"cmdid":"cb_keepAlive","sessionid":1000,"errorcode":"0","errormessage":"success","data":{}}", source: http://192.168.96.40:81/KMGame/public/split/dist/bundle.js?a4f58a91a09970ad7268 (36)
12-23 14:20:07.387 D/win-ViewOfLeft( 4315): refreshDone
12-23 14:20:07.387 D/win-Pa-Spe-Lef( 4315): getIconList Special has not data.
12-23 14:20:07.387 D/win-Pa-Com-Lef( 4315): getIconList Common has not data.
12-23 14:20:07.387 D/win-ViewOfLeft( 4315): theOne is null
12-23 14:20:07.387 D/win-ViewOfLeft( 4315): temp true lastShow true
12-23 14:20:07.545 I/chromium( 3941): [INFO:CONSOLE(22)] "--------trigger request keepAlive--------", source: http://192.168.96.40:81/Vod/public/Vod/common/js/toVodApi.js?ver=14 (22)
12-23 14:20:07.546 I/chromium( 3941): [INFO:CONSOLE(36)] "[KMSplit:kmtvgame:28626] [OpenJS] recv data: {"cmdid":"keepAlive","sessionid":1000,"data":{},"tvgameid":"smartscreen"}", source: http://192.168.96.40:81/KMGame/public/split/dist/bundle.js?a4f58a91a09970ad7268 (36)
12-23 14:20:07.546 I/chromium( 3941): [INFO:CONSOLE(36)] "[KMSplit:kmtvgame:28626] [OpenJS] recv resp: {"cmdid":"cb_keepAlive","sessionid":1000,"errorcode":"0","errormessage":"success","data":{}}", source: http://192.168.96.40:81/KMGame/public/split/dist/bundle.js?a4f58a91a09970ad7268 (36)
12-23 14:20:07.547 I/chromium( 3941): [INFO:CONSOLE(45)] "[object Object]", source: http://192.168.96.40:81/Vod/public/Vod/common/js/toVodApi.js?ver=14 (45)
12-23 14:20:07.547 I/chromium( 3941): [INFO:CONSOLE(49)] "--------recv:cb_keepAlive--------", source: http://192.168.96.40:81/Vod/public/Vod/common/js/toVodApi.js?ver=14 (49)
12-23 14:20:07.597 I/chromium( 3941): [INFO:CONSOLE(36)] "[KMSplit:kmtvgame:28626] [OpenJS] recv data: {"cmdid":"keepAlive","sessionid":1000,"tvgameid":"dicegame"}", source: http://192.168.96.40:81/KMGame/public/split/dist/bundle.js?a4f58a91a09970ad7268 (36)
12-23 14:20:07.598 I/chromium( 3941): [INFO:CONSOLE(36)] "[KMSplit:kmtvgame:28626] [OpenJS] recv resp: {"cmdid":"cb_keepAlive","sessionid":1000,"errorcode":"0","errormessage":"success","data":{}}", source: http://192.168.96.40:81/KMGame/public/split/dist/bundle.js?a4f58a91a09970ad7268 (36)
12-23 14:20:07.723 V/FFUDPClient( 3829): sendmsg[:9001] <message><body cmdid="A001"></body></message>ï¿½ï¿½
12-23 14:20:07.760 I/chromium( 3941): [INFO:CONSOLE(22)] "--------trigger request keepAlive--------", source: http://192.168.96.40:81/Vod/public/Vod/common/js/toVodApi.js?ver=14 (22)
12-23 14:20:07.762 I/chromium( 3941): [INFO:CONSOLE(36)] "[KMSplit:kmtvgame:28626] [OpenJS] recv data: {"cmdid":"keepAlive","sessionid":1000,"data":{},"tvgameid":"smartscreen"}", source: http://192.168.96.40:81/KMGame/public/split/dist/bundle.js?a4f58a91a09970ad7268 (36)
12-23 14:20:07.762 I/chromium( 3941): [INFO:CONSOLE(36)] "[KMSplit:kmtvgame:28626] [OpenJS] recv resp: {"cmdid":"cb_keepAlive","sessionid":1000,"errorcode":"0","errormessage":"success","data":{}}", source: http://192.168.96.40:81/KMGame/public/split/dist/bundle.js?a4f58a91a09970ad7268 (36)
12-23 14:20:07.762 I/chromium( 3941): [INFO:CONSOLE(45)] "[object Object]", source: http://192.168.96.40:81/Vod/public/Vod/common/js/toVodApi.js?ver=14 (45)
12-23 14:20:07.763 I/chromium( 3941): [INFO:CONSOLE(49)] "--------recv:cb_keepAlive--------", source: http://192.168.96.40:81/Vod/public/Vod/common/js/toVodApi.js?ver=14 (49)
12-23 14:20:07.818 D/WSServer( 3771): [WSServer.java onMessage (68)] onMessage()ç½‘é¡µç«¯æ¥çš„æ¶ˆæ¯->ã€/127.0.0.1:52199ã€‘{"cmd":"heartbeat","connid":"homeplugin_1640160854070","body":{}}
12-23 14:20:07.818 I/KmTrigger( 3771): [WSServer.java updateHeartbeat (183)] update heartbeat,connid=homeplugin_1640160854070
12-23 14:20:08.492 D/IJKMEDIA( 3677): FFP_MSG_BUFFERING_START:
12-23 14:20:08.887 D/win-SomeTimeUtil( 4032): reallySleep end 18
12-23 14:20:08.887 D/win-InforStore( 4032): getH5AdAddress hostContext com.evideostb.kdroid.app.adhost.AdHostApplication@a35c141
12-23 14:20:08.887 D/win-InforStore( 4032): getH5AdAddress getDeclaredMethod public java.lang.String com.evideostb.kdroid.app.adhost.AdHostApplication.hGetH5AdAddress(java.lang.String)
12-23 14:20:08.887 I/win-AdHostApplication( 4032): getH5AdAddress: h5address
12-23 14:20:08.887 V/win-GatewayUtils( 4032): h5AdUrl=http://192.168.96.40:81/vod/noscore/index
12-23 14:20:08.887 D/win-InforStore( 4032): invoke http://192.168.96.40:81/vod/noscore/index
12-23 14:20:08.888 D/win-InforStore( 4032): getBarCode=10820409607761
12-23 14:20:08.888 D/win-InforStore( 4032): getCompanyCode=08204
12-23 14:20:08.891 D/win-ADReq-FSS( 4032): getAdUrl = http://192.168.96.40:81/vod/noscore/index?type=3&bar=10820409607761&companycode=08204&mac=54:F6:C5:E3:1A:A3&adid=k_force_screensaver&ver=1.3
12-23 14:20:08.891 D/win-ADReq-FSS( 4032): getHeaderInfo: http://192.168.96.40:81/vod/noscore/index?type=3&bar=10820409607761&companycode=08204&mac=54:F6:C5:E3:1A:A3&adid=k_force_screensaver&ver=1.3
12-23 14:20:08.891 D/win-SomeTimeUtil( 4032): reallySleep begin 600
12-23 14:20:08.922 D/IJKMEDIA( 3677): ijkmp_get_msg: FFP_MSG_SEEK_COMPLETE
12-23 14:20:08.922 D/IJKMEDIA( 3677): FFP_MSG_SEEK_COMPLETE:
12-23 14:20:08.949 D/IJKMEDIA( 3677): SDL_AMediaCodecJava_flush
12-23 14:20:08.950 I/RTK_OMX_DEC_VIDEO( 2494): In[decoder_flush_video][5414]  pVpu->bWaitOutputFlushDone:0
12-23 14:20:08.950 I/RTK_OMX_DEC_VIDEO( 2494): In[decoder_flush_video][5429]  pVpu->bWaitInputFlushDone:1, int_reason:0
12-23 14:20:08.952 W/RTK_OMX_DEC_VIDEO( 2494): In[decoder_flush_video][5453] WAIT pThreadDec 
12-23 14:20:08.955 D/win-HttpVolley( 4032): http047Get Header 0 60 0 null
12-23 14:20:08.956 D/win-ADReq-FSS( 4032): json result{"error":0,"message":"success","data":[{"image_src":"http:\/\/192.168.96.35:7070\/FileService\/downloadstorefile.do?fileid=1351214414&exp=1640966399","monitor_url":["http:\/\/adt.ktvme.com\/stat.gif?p=%7B%22tm%22%3A1640239808%2C%22dm%22%3A%22%22%2C%22url%22%3A%22%22%2C%22referrer%22%3A%22%22%2C%22tp%22%3A%22%22%2C%22event%22%3A60100700%2C%22eventattr%22%3A%7B%22mac%22%3A%2254%3AF6%3AC5%3AE3%3A1A%3AA3%22%2C%22ad%22%3A2066%2C%22adp%22%3A%22k_force_screensaver%22%2C%22apt%22%3A4727%2C%22co%22%3A%2208204%22%2C%22ma%22%3A%221351214414%22%2C%22pln%22%3A0%2C%22typ%22%3A0%2C%22med%22%3A%22km%22%7D%7D"],"start_monitor_url":["http:\/\/adt.ktvme.com\/stat.gif?p=%7B%22tm%22%3A1640239808%2C%22dm%22%3A%22%22%2C%22url%22%3A%22%22%2C%22referrer%22%3A%22%22%2C%22tp%22%3A%22%22%2C%22event%22%3A60100700%2C%22eventattr%22%3A%7B%22mac%22%3A%2254%3AF6%3AC5%3AE3%3A1A%3AA3%22%2C%22ad%22%3A2066%2C%22adp%22%3A%22k_force_screensaver%22%2C%22apt%22%3A4727%2C%22co%22%3A%2208204%22%2C%22ma%22%3A%221351214414%22%2C%22pln%22%3A0%2C%22typ%22%3A0%2C%22med%22%3A%22km%22%7D%7D"],"end_monitor_url":[],"qrcode_url":"http:\/\/www.ktvme.com","qrcode_coordinate":"10,20,50,60"},{"image_src":"http:\/\/192.168.96.35:7070\/FileService\/downloadstorefile.do?fileid=249057342&exp=1640966399","monitor_url":["http:\/\/adt.ktvme.com\/stat.gif?p=%7B%22tm%22%3A1640239809%2C%22dm%22%3A%22%22%2C%22url%22%3A%22%22%2C%22referrer%22%3A%22%22%2C%22tp%22%3A%22%22%2C%22event%22%3A60100700%2C%22eventattr%22%3A%7B%22mac%22%3A%2254%3AF6%3AC5%3AE3%3A1A%3AA3%22%2C%22ad%22%3A2072%2C%22adp%22%3A%22k_force_screensaver%22%2C%22apt%22%3A4761%2C%22co%22%3A%2208204%22%2C%22ma%22%3A%22249057342%22%2C%22pln%22%3A0%2C%22typ%22%3A0%2C%22med%22%3A%22km%22%7D%7D"],"start_monitor_url":["http:\/\/adt.ktvme.com\/stat.gif?p=%7B%22tm%22%3A1640239809%2C%22dm%22%3A%22%22%2C%22url%22%3A%22%22%2C%22referrer%22%3A%22%22%2C%22tp%22%3A%22%22%2C%22event%22%3A60100700%2C%22eventattr%22%3A%7B%22mac%22%3A%2254%3AF6%3AC5%3AE3%3A1A%3AA3%22%2C%22ad%22%3A2072%2C%22adp%22%3A%22k_force_screensaver%22%2C%22apt%22%3A4761%2C%22co%22%3A%2208204%22%2C%22ma%22%3A%22249057342%22%2C%22pln%22%3A0%2C%22typ%22%3A0%2C%22med%22%3A%22km%22%7D%7D"],"end_monitor_url":[]}],"startup":60,"totaltime":30} 0 60 0 null
12-23 14:20:08.956 D/win-ADReq-FSS( 4032): getValueSwitch false
12-23 14:20:08.957 D/win-ADReq-FSS( 4032): storageRes: {"error":0,"message":"success","data":[{"image_src":"http:\/\/192.168.96.35:7070\/FileService\/downloadstorefile.do?fileid=1351214414&exp=1640966399","monitor_url":["http:\/\/adt.ktvme.com\/stat.gif?p=%7B%22tm%22%3A1640239808%2C%22dm%22%3A%22%22%2C%22url%22%3A%22%22%2C%22referrer%22%3A%22%22%2C%22tp%22%3A%22%22%2C%22event%22%3A60100700%2C%22eventattr%22%3A%7B%22mac%22%3A%2254%3AF6%3AC5%3AE3%3A1A%3AA3%22%2C%22ad%22%3A2066%2C%22adp%22%3A%22k_force_screensaver%22%2C%22apt%22%3A4727%2C%22co%22%3A%2208204%22%2C%22ma%22%3A%221351214414%22%2C%22pln%22%3A0%2C%22typ%22%3A0%2C%22med%22%3A%22km%22%7D%7D"],"start_monitor_url":["http:\/\/adt.ktvme.com\/stat.gif?p=%7B%22tm%22%3A1640239808%2C%22dm%22%3A%22%22%2C%22url%22%3A%22%22%2C%22referrer%22%3A%22%22%2C%22tp%22%3A%22%22%2C%22event%22%3A60100700%2C%22eventattr%22%3A%7B%22mac%22%3A%2254%3AF6%3AC5%3AE3%3A1A%3AA3%22%2C%22ad%22%3A2066%2C%22adp%22%3A%22k_force_screensaver%22%2C%22apt%22%3A4727%2C%22co%22%3A%2208204%22%2C%22ma%22%3A%221351214414%22%2C%22pln%22%3A0%2C%22typ%22%3A0%2C%22med%22%3A%22km%22%7D%7D"],"end_monitor_url":[],"qrcode_url":"http:\/\/www.ktvme.com","qrcode_coordinate":"10,20,50,60"},{"image_src":"http:\/\/192.168.96.35:7070\/FileService\/downloadstorefile.do?fileid=249057342&exp=1640966399","monitor_url":["http:\/\/adt.ktvme.com\/stat.gif?p=%7B%22tm%22%3A1640239809%2C%22dm%22%3A%22%22%2C%22url%22%3A%22%22%2C%22referrer%22%3A%22%22%2C%22tp%22%3A%22%22%2C%22event%22%3A60100700%2C%22eventattr%22%3A%7B%22mac%22%3A%2254%3AF6%3AC5%3AE3%3A1A%3AA3%22%2C%22ad%22%3A2072%2C%22adp%22%3A%22k_force_screensaver%22%2C%22apt%22%3A4761%2C%22co%22%3A%2208204%22%2C%22ma%22%3A%22249057342%22%2C%22pln%22%3A0%2C%22typ%22%3A0%2C%22med%22%3A%22km%22%7D%7D"],"start_monitor_url":["http:\/\/adt.ktvme.com\/stat.gif?p=%7B%22tm%22%3A1640239809%2C%22dm%22%3A%22%22%2C%22url%22%3A%22%22%2C%22referrer%22%3A%22%22%2C%22tp%22%3A%22%22%2C%22event%22%3A60100700%2C%22eventattr%22%3A%7B%22mac%22%3A%2254%3AF6%3AC5%3AE3%3A1A%3AA3%22%2C%22ad%22%3A2072%2C%22adp%22%3A%22k_force_screensaver%22%2C%22apt%22%3A4761%2C%22co%22%3A%2208204%22%2C%22ma%22%3A%22249057342%22%2C%22pln%22%3A0%2C%22typ%22%3A0%2C%22med%22%3A%22km%22%7D%7D"],"end_monitor_url":[]}],"startup":60,"totaltime":30}
12-23 14:20:08.958 D/CompareUtil( 4032): compareString: str1 = str2
12-23 14:20:08.958 D/ScreenSaverManager( 4032): setScreenSaverCount:===2 false
12-23 14:20:08.958 I/RTK_OMX_DEC_VIDEO( 2494): In[decoder_flush_video][5594]  video output flush done, timeout_cnt:5000
12-23 14:20:08.958 D/CompareUtil( 4032): compareString: str1 = str2
12-23 14:20:08.959 D/win-InforStore( 4032): getH5ResUrl hostContext com.evideostb.kdroid.app.adhost.AdHostApplication@a35c141
12-23 14:20:08.959 D/win-InforStore( 4032): getH5ResUrl getDeclaredMethod public java.lang.String com.evideostb.kdroid.app.adhost.AdHostApplication.hGetH5ResUrl(java.lang.String)
12-23 14:20:08.959 I/win-AdHostApplication( 4032): getH5ResUrl: res
12-23 14:20:08.959 V/win-GatewayUtils( 4032): gatewayResUrl= http://192.168.96.72:9266/stb/h5res/singresult/
12-23 14:20:08.959 D/win-InforStore( 4032): invoke http://192.168.96.72:9266/stb/h5res/singresult/
12-23 14:20:08.959 I/RTK_OMX_DEC_VIDEO( 2494): In[decoder_flush_video][5425]  video input flush done, timeout_cnt:4992
12-23 14:20:08.960 D/win-ADReq-FSS( 4032): Resource has download.
12-23 14:20:08.961 D/win-ADReq-FSS( 4032): Resource has download.
12-23 14:20:08.961 D/win-ADReq-FSS( 4032): removeUseless
12-23 14:20:08.978 D/RTK_OMX_DEC_VIDEO( 2494): [OMX_VDEC] search I....,indexFrameDecoded: 0, picType: 5(6)
12-23 14:20:08.979 D/RTK_OMX_DEC_VIDEO( 2494): [OMX_VDEC] got I frame!! 5
12-23 14:20:09.015 D/RTK_OMX_DEC_VIDEO( 2494): [OMX_VDEC] DropAndWaitDispIFrm, got I, idx:0!!
12-23 14:20:09.143 D/IJKMEDIA( 3677): FFP_MSG_BUFFERING_END:
12-23 14:20:09.150 D/IJKMEDIA( 3677): FFP_MSG_VIDEO_SEEK_RENDERING_START:
12-23 14:20:09.302 I/chromium( 3941): [INFO:CONSOLE(36)] "[KMSplit:kmtvgame:28626] [OpenJS] recv data: {"cmdid":"keepAlive","sessionid":1000,"tvgameid":"dicegame"}", source: http://192.168.96.40:81/KMGame/public/split/dist/bundle.js?a4f58a91a09970ad7268 (36)
12-23 14:20:09.303 I/chromium( 3941): [INFO:CONSOLE(36)] "[KMSplit:kmtvgame:28626] [OpenJS] recv resp: {"cmdid":"cb_keepAlive","sessionid":1000,"errorcode":"0","errormessage":"success","data":{}}", source: http://192.168.96.40:81/KMGame/public/split/dist/bundle.js?a4f58a91a09970ad7268 (36)
12-23 14:20:09.644 I/chromium( 3941): [INFO:CONSOLE(22)] "--------trigger request keepAlive--------", source: http://192.168.96.40:81/Vod/public/Vod/common/js/toVodApi.js?ver=14 (22)
12-23 14:20:09.645 I/chromium( 3941): [INFO:CONSOLE(36)] "[KMSplit:kmtvgame:28626] [OpenJS] recv data: {"cmdid":"keepAlive","sessionid":1000,"data":{},"tvgameid":"smartscreen"}", source: http://192.168.96.40:81/KMGame/public/split/dist/bundle.js?a4f58a91a09970ad7268 (36)
12-23 14:20:09.645 I/chromium( 3941): [INFO:CONSOLE(36)] "[KMSplit:kmtvgame:28626] [OpenJS] recv resp: {"cmdid":"cb_keepAlive","sessionid":1000,"errorcode":"0","errormessage":"success","data":{}}", source: http://192.168.96.40:81/KMGame/public/split/dist/bundle.js?a4f58a91a09970ad7268 (36)
12-23 14:20:09.645 I/chromium( 3941): [INFO:CONSOLE(45)] "[object Object]", source: http://192.168.96.40:81/Vod/public/Vod/common/js/toVodApi.js?ver=14 (45)
12-23 14:20:09.645 I/chromium( 3941): [INFO:CONSOLE(49)] "--------recv:cb_keepAlive--------", source: http://192.168.96.40:81/Vod/public/Vod/common/js/toVodApi.js?ver=14 (49)
12-23 14:20:09.777 I/chromium( 3941): [INFO:CONSOLE(22)] "--------trigger request keepAlive--------", source: http://192.168.96.40:81/Vod/public/Vod/common/js/toVodApi.js?ver=14 (22)
12-23 14:20:09.778 I/chromium( 3941): [INFO:CONSOLE(36)] "[KMSplit:kmtvgame:28626] [OpenJS] recv data: {"cmdid":"keepAlive","sessionid":1000,"data":{},"tvgameid":"smartscreen"}", source: http://192.168.96.40:81/KMGame/public/split/dist/bundle.js?a4f58a91a09970ad7268 (36)
12-23 14:20:09.778 I/chromium( 3941): [INFO:CONSOLE(36)] "[KMSplit:kmtvgame:28626] [OpenJS] recv resp: {"cmdid":"cb_keepAlive","sessionid":1000,"errorcode":"0","errormessage":"success","data":{}}", source: http://192.168.96.40:81/KMGame/public/split/dist/bundle.js?a4f58a91a09970ad7268 (36)
12-23 14:20:09.779 I/chromium( 3941): [INFO:CONSOLE(45)] "[object Object]", source: http://192.168.96.40:81/Vod/public/Vod/common/js/toVodApi.js?ver=14 (45)
12-23 14:20:09.780 I/chromium( 3941): [INFO:CONSOLE(49)] "--------recv:cb_keepAlive--------", source: http://192.168.96.40:81/Vod/public/Vod/common/js/toVodApi.js?ver=14 (49)
12-23 14:20:09.919 D/FROM_JNI( 3659): [2021/12/23 14:20:09.919][Debug][Cbb][km_message_commu_p.cpp:GetRcvPackid:54] rcv a pack ,sessidid:
12-23 14:20:09.919 D/FROM_JNI( 3659): [2021/12/23 14:20:09.919][Debug][Cbb][km_message_commu_p.cpp:GetRcvPackid:61] <message>
12-23 14:20:09.919 D/FROM_JNI( 3659):   <head packtype="19" sessionid=""/>
12-23 14:20:09.919 D/FROM_JNI( 3659): <body roomip="192.168.96.77"  taskid="1640240409412"  terminaltype="1"  outtype="1"  msgtype="2"  msgcontent="æ‰‹æœºå¾®ä¿¡ç‚¹æ­Œï¼Œå…³æ³¨â€œKç±³â€å…¬ä¼—å·ï¼Œå›žå¤&#x0020;50580705&#x0020;ç‚¹æ­Œ"  loop="1"  duration="300"  msgsubtype="20"  msgfontcolor="0xffffff"  iconname=""  bg="shortcode_tip_bg.png"  displayx=""  displayy=""  cid=""  cname=""  cpicurl=""  msgsubcontent=""  cmdid="B038"  logid="2137567551"  />
12-23 14:20:09.919 D/FROM_JNI( 3659): </message>
12-23 14:20:09.919 D/FROM_JNI( 3659): [2021/12/23 14:20:09.919][Debug][Cbb][km_message_commu_p.cpp:OnUdpClientRcv:38] bei dong bao
12-23 14:20:09.924 D/FROM_JNI( 3659): [2021/12/23 14:20:09.924][Debug][Cbb][km_xml_message.cpp:IsNeedDecry:668] head char8:0
12-23 14:20:09.927 I/GateWayHandler( 3829): handle gateway:B038
12-23 14:20:09.929 D/EnsureGatewayCommu( 3829): onMsgReceive cmdId : B038 - body : <?xml version="1.0" encoding="UTF-8"?><body roomip="192.168.96.77" taskid="1640240409412" terminaltype="1" outtype="1" msgtype="2" msgcontent="æ‰‹æœºå¾®ä¿¡ç‚¹æ­Œï¼Œå…³æ³¨â€œKç±³â€å…¬ä¼—å·ï¼Œå›žå¤ 50580705 ç‚¹æ­Œ" loop="1" duration="300" msgsubtype="20" msgfontcolor="0xffffff" iconname="" bg="shortcode_tip_bg.png" displayx="" displayy="" cid="" cname="" cpicurl="" msgsubcontent="" cmdid="B038" logid="2137567551"/>
12-23 14:20:09.929 I/PostEvEventBusUtil( 3829): postGatewayProtocolRcvEvent
12-23 14:20:09.933 E/FROM_JNI( 3659): [2021/12/23 14:20:09.933][Error][Cbb][km_xml_message.cpp:GetHeadNodeAttr:238] doc.load error:
12-23 14:20:09.933 E/FROM_JNI( 3659): [2021/12/23 14:20:09.933][Error][Cbb][km_xml_message.cpp:GetHeadNodeAttr:238] doc.load error:
12-23 14:20:09.933 I/FROM_JNI( 3659): [2021/12/23 14:20:09.933][Info][Cbb][km_server_manage.cpp:GetUdpDestPort:310] GetUdpDestPort:9911
12-23 14:20:09.933 D/FROM_JNI( 3659): [2021/12/23 14:20:09.933][Debug][Cbb][km_message_commu_p.cpp:SendUdp:446] target ip:192.168.96.126 port:9911
12-23 14:20:09.933 D/FROM_JNI( 3659): [2021/12/23 14:20:09.933][Debug][Cbb][km_message_commu_p.cpp:SendUdp:447] snd:
12-23 14:20:09.933 D/FROM_JNI( 3659): [2021/12/23 14:20:09.933][Debug][Cbb][km_udp_client.cpp:SendPacket:170] send km udp size :0
12-23 14:20:09.934 I/KmTrigger( 3771): [ProtocolEventUpdater.java onNewEvent (80)] receive GW Protocol(But Ignore):ProtocolGWEvent:{cmdId=B038;value=<?xml version="1.0" encoding="UTF-8"?><body roomip="192.168.96.77" taskid="1640240409412" terminaltype="1" outtype="1" msgtype="2" msgcontent="æ‰‹æœºå¾®ä¿¡ç‚¹æ­Œï¼Œå…³æ³¨â€œKç±³â€å…¬ä¼—å·ï¼Œå›žå¤ 50580705 ç‚¹æ­Œ" loop="1" duration="300" msgsubtype="20" msgfontcolor="0xffffff" iconname="" bg="shortcode_tip_bg.png" displayx="" displayy="" cid="" cname="" cpicurl="" msgsubcontent="" cmdid="B038" logid="2137567551"/>;userId=null;usrId=null;}
12-23 14:20:09.934 I/KmTrigger( 3771): [ProtocolEventUpdater.java onNewEvent (84)] receive GW Protocol(But Ignore):ProtocolGWEvent:{cmdId=B038;value=<?xml version="1.0" encoding="UTF-8"?><body roomip="192.168.96.77" taskid="1640240409412" terminaltype="1" outtype="1" msgtype="2" msgcontent="æ‰‹æœºå¾®ä¿¡ç‚¹æ­Œï¼Œå…³æ³¨â€œKç±³â€å…¬ä¼—å·ï¼Œå›žå¤ 50580705 ç‚¹æ­Œ" loop="1" duration="300" msgsubtype="20" msgfontcolor="0xffffff" iconname="" bg="shortcode_tip_bg.png" displayx="" displayy="" cid="" cname="" cpicurl="" msgsubcontent="" cmdid="B038" logid="2137567551"/>;userId=null;usrId=null;}
12-23 14:20:09.937 D/handleTvPopMsg( 3829): Rcv.outtype:1  Rcv.msgtype:2  Rcv.roomip:192.168.96.77
12-23 14:20:09.939 D/KdroidConfig( 3829): query count = 1,NotDisturbMode:false
12-23 14:20:09.940 D/handleTvPopMsg( 3829): mIsOpenedNotDisturb = false
12-23 14:20:10.104 D/ShowTipPopMsgBox( 3829): tryAcquire false
12-23 14:20:10.104 D/ShowTipPopMsgBox( 3829): tryAcquire must be true, now is true
12-23 14:20:10.105 D/FROM_JNI( 3659): [2021/12/23 14:20:10.105][Debug][Cbb][hot_move_file.cpp:HotMoveDownload:655] REMOTE(http://192.168.96.72:9266/stb/commoncfg///tv_msg_box_bg/shortcode_tip_bg.png),LOCAL(/sdcard/kdroid/tv_msg_box/shortcode_tip_bg.png)
12-23 14:20:10.108 D/handleTvPopMsg( 3829): DownLoad nRet = 0 remotePath = http://192.168.96.72:9266/stb/commoncfg///tv_msg_box_bg/shortcode_tip_bg.png
12-23 14:20:10.114 D/handleTvPopMsg( 3829): DownLoad nRet = -2 remotePath = http://192.168.96.72:9266/stb/commoncfg///tv_msg_box_bg/
12-23 14:20:10.123 D/handleTvPopMsg( 3829): Color:#ffffff
12-23 14:20:10.123 D/sendBlessPopResult( 3829):  sendMsg errorCode : 0 errormsg : å‘é€æˆåŠŸ!
12-23 14:20:10.127 D/FROM_JNI( 3659): [2021/12/23 14:20:10.127][Debug][Cbb][km_xml_message.cpp:SetBody:141] <message>
12-23 14:20:10.127 D/FROM_JNI( 3659): <head packtype="21" fromip="192.168.96.77" version="10.5.0.b10" sessionid="11932" toip="192.168.96.72" roomname="1004" roomid="1004" stbip="192.168.96.77" roomopentime="20211220150817" stbproductid="54f6c5e31aa3" />
12-23 14:20:10.127 D/FROM_JNI( 3659): <body cmdid="T216" type="0" logid="2137567551" errorcode="0" errormessage="å‘é€æˆåŠŸ!" roomname="1004" roomid="1004" stbip="192.168.96.77" roomopentime="20211220150817" stbproductid="54f6c5e31aa3" clientsessionid="11932" clientip="192.168.96.77" />
12-23 14:20:10.127 D/FROM_JNI( 3659): </message>
12-23 14:20:10.127 D/FROM_JNI( 3659): 
12-23 14:20:10.128 I/FROM_JNI( 3659): [2021/12/23 14:20:10.128][Info][Cbb][km_server_manage.cpp:GetUdpDestPort:310] GetUdpDestPort:9911
12-23 14:20:10.135 V/EvLog   ( 3829): [RedPacketTimingView.java::onMeasure::146]setMeasure(214,273)
12-23 14:20:10.448 D/FROM_JNI( 3659): [2021/12/23 14:20:10.448][Debug][Cbb][km_message_commu_p.cpp:GetRcvPackid:54] rcv a pack ,sessidid:11932
12-23 14:20:10.448 D/FROM_JNI( 3659): [2021/12/23 14:20:10.448][Debug][Cbb][km_message_commu_p.cpp:GetRcvPackid:61] <message>
12-23 14:20:10.448 D/FROM_JNI( 3659):   <head packtype="" sessionid="11932"/>
12-23 14:20:10.448 D/FROM_JNI( 3659): <body cmdid="T217"  errorcode="0"  errormessage="success"  clientsessionid="11932"  clientip="192.168.96.77"  get_integral="0"  />
12-23 14:20:10.448 D/FROM_JNI( 3659): </message>
12-23 14:20:10.448 D/FROM_JNI( 3659): [2021/12/23 14:20:10.448][Debug][Cbb][km_xml_message.cpp:IsNeedDecry:668] head char8:0
12-23 14:20:10.597 I/FFService( 3829): set VideoServer 
12-23 14:20:10.974 E/CameraFactory( 3829): loop the CameraFactory
12-23 14:20:10.975 V/EvLog   ( 3829): [TCPClient.java::sendMessage::31]sendmsg {"cmd":"Heart0","stbversion":"6.2.1","fengyunServer":"192.168.96.73:9166;","gatewayServer":"192.168.96.72:9266","ktvInfo":"Miié‡è´©KTV"}
12-23 14:20:10.995 I/chromium( 3941): [INFO:CONSOLE(36)] "[KMSplit:kmtvgame:28626] [OpenJS] recv data: {"cmdid":"keepAlive","sessionid":1000,"tvgameid":"dicegame"}", source: http://192.168.96.40:81/KMGame/public/split/dist/bundle.js?a4f58a91a09970ad7268 (36)
12-23 14:20:10.996 I/chromium( 3941): [INFO:CONSOLE(36)] "[KMSplit:kmtvgame:28626] [OpenJS] recv resp: {"cmdid":"cb_keepAlive","sessionid":1000,"errorcode":"0","errormessage":"success","data":{}}", source: http://192.168.96.40:81/KMGame/public/split/dist/bundle.js?a4f58a91a09970ad7268 (36)
12-23 14:20:11.874 W/ContextImpl( 4137): Calling a method in the system process without a qualified user: android.app.ContextImpl.sendBroadcast:763 android.content.ContextWrapper.sendBroadcast:396 com.evideostb.kdroid.app.ktvcommon.commu.ADServerCommu.onRecvPassivePack:54 com.evideostb.kdroid.app.ktvcommon.commu.UdpProxy$1.onRecv:134 com.evideostb.kdroid.app.ktvcommon.commu.UdpServer$1.run:37 
12-23 14:20:11.877 V/EvLog   ( 4137): [UdpPacketReceiver.java::onReceive::34]UdpPacketReceiver AD packid:1695
12-23 14:20:11.877 V/EvLog   ( 4137): [ADMessageParse.java::ParseMarqueeADServer::47]szID:00000000000ï¿½ï¿½
12-23 14:20:11.877 V/EvLog   ( 4137): [ADMessageParse.java::ParseMarqueeADServer::76]szBeginTime:2021-12-23 14:20:07ï¿½ï¿½
12-23 14:20:11.883 V/EvLog   ( 4137): [UdpPacketReceiver.java::onReceive::54]nRet:0 messageInfo :æ¬¢è¿Žå…‰ä¸´æž—ä»è¾‰æµ‹è¯•ï¼Œé¢„è®¢ç”µè¯ï¼š0591-28053888
12-23 14:20:12.084 V/EvLog   ( 3829): [VirtualRoomStatusPreview.java::roommemberChange::345]roommemberChange
12-23 14:20:12.224 D/FROM_JNI( 3659): [2021/12/23 14:20:12.224][Debug][Cbb][km_message_commu_p.cpp:GetRcvPackid:54] rcv a pack ,sessidid:
12-23 14:20:12.224 D/FROM_JNI( 3659): [2021/12/23 14:20:12.224][Debug][Cbb][km_message_commu_p.cpp:GetRcvPackid:61] <message>
12-23 14:20:12.224 D/FROM_JNI( 3659):   <head packtype="19" sessionid=""/>
12-23 14:20:12.224 D/FROM_JNI( 3659): <body roomip="192.168.96.77"  taskid="1640240405952"  terminaltype="1"  outtype="1"  msgtype="2"  msgcontent="æ‰‹æœºå¾®ä¿¡ç‚¹æ­Œï¼Œå…³æ³¨â€œKç±³â€å…¬ä¼—å·ï¼Œå›žå¤&#x0020;4031820&#x0020;ç‚¹æ­Œ"  loop="1"  duration="300"  msgsubtype="20"  msgfontcolor="0xffffff"  iconname=""  bg="shortcode_tip_bg.png"  displayx=""  displayy=""  cid=""  cname=""  cpicurl=""  msgsubcontent=""  cmdid="B038"  logid="21186572"  />
12-23 14:20:12.224 D/FROM_JNI( 3659): </message>
12-23 14:20:12.224 D/FROM_JNI( 3659): [2021/12/23 14:20:12.224][Debug][Cbb][km_message_commu_p.cpp:OnUdpClientRcv:38] bei dong bao
