12-23 14:19:59.359 I/chromium( 3941): [INFO:CONSOLE(36)] "[KMSplit:kmtvgame:28626] [OpenJS] recv data: {"cmdid":"keepAlive","sessionid":1000,"tvgameid":"dicegame"}", source: http://192.168.96.40:81/KMGame/public/split/dist/bundle.js?a4f58a91a09970ad7268 (36)
12-23 14:19:59.360 I/chromium( 3941): [INFO:CONSOLE(36)] "[KMSplit:kmtvgame:28626] [OpenJS] recv resp: {"cmdid":"cb_keepAlive","sessionid":1000,"errorcode":"0","errormessage":"success","data":{}}", source: http://192.168.96.40:81/KMGame/public/split/dist/bundle.js?a4f58a91a09970ad7268 (36)

12-23 14:19:59.643 I/chromium( 3941): [INFO:CONSOLE(22)] "--------trigger request keepAlive--------", source: http://192.168.96.40:81/Vod/public/Vod/common/js/toVodApi.js?ver=14 (22)
12-23 14:19:59.644 I/chromium( 3941): [INFO:CONSOLE(36)] "[KMSplit:kmtvgame:28626] [OpenJS] recv data: {"cmdid":"keepAlive","sessionid":1000,"data":{},"tvgameid":"smartscreen"}", source: http://192.168.96.40:81/KMGame/public/split/dist/bundle.js?a4f58a91a09970ad7268 (36)
12-23 14:19:59.644 I/chromium( 3941): [INFO:CONSOLE(36)] "[KMSplit:kmtvgame:28626] [OpenJS] recv resp: {"cmdid":"cb_keepAlive","sessionid":1000,"errorcode":"0","errormessage":"success","data":{}}", source: http://192.168.96.40:81/KMGame/public/split/dist/bundle.js?a4f58a91a09970ad7268 (36)
12-23 14:19:59.646 I/chromium( 3941): [INFO:CONSOLE(45)] "[object Object]", source: http://192.168.96.40:81/Vod/public/Vod/common/js/toVodApi.js?ver=14 (45)
12-23 14:19:59.647 I/chromium( 3941): [INFO:CONSOLE(49)] "--------recv:cb_keepAlive--------", source: http://192.168.96.40:81/Vod/public/Vod/common/js/toVodApi.js?ver=14 (49)
12-23 14:19:59.777 I/chromium( 3941): [INFO:CONSOLE(22)] "--------trigger request keepAlive--------", source: http://192.168.96.40:81/Vod/public/Vod/common/js/toVodApi.js?ver=14 (22)
12-23 14:19:59.778 I/chromium( 3941): [INFO:CONSOLE(36)] "[KMSplit:kmtvgame:28626] [OpenJS] recv data: {"cmdid":"keepAlive","sessionid":1000,"data":{},"tvgameid":"smartscreen"}", source: http://192.168.96.40:81/KMGame/public/split/dist/bundle.js?a4f58a91a09970ad7268 (36)
12-23 14:19:59.778 I/chromium( 3941): [INFO:CONSOLE(36)] "[KMSplit:kmtvgame:28626] [OpenJS] recv resp: {"cmdid":"cb_keepAlive","sessionid":1000,"errorcode":"0","errormessage":"success","data":{}}", source: http://192.168.96.40:81/KMGame/public/split/dist/bundle.js?a4f58a91a09970ad7268 (36)
12-23 14:19:59.778 I/chromium( 3941): [INFO:CONSOLE(45)] "[object Object]", source: http://192.168.96.40:81/Vod/public/Vod/common/js/toVodApi.js?ver=14 (45)
12-23 14:19:59.779 I/chromium( 3941): [INFO:CONSOLE(49)] "--------recv:cb_keepAlive--------", source: http://192.168.96.40:81/Vod/public/Vod/common/js/toVodApi.js?ver=14 (49)
12-23 14:20:00.008 V/EvLog   ( 3829): [TimingActData.java::handleMessage::272]timing msg:3
12-23 14:20:00.027 I/EvLog   ( 3829): [OsdManage.java::hintShow::758]hint Show actItem=com.evideostb.kdroid.km.content.timingact.RedPacketTimingActItem@c3b4a8c
12-23 14:20:00.038 I/EvLog   ( 3829): [KmPresentationManager.java::getDisplayDensity::115]density:213
12-23 14:20:00.083 I/EvLog   ( 3829): [OsUtil.java::updateOsdElem::297]updateOsdElem:[5]-4
12-23 14:20:00.085 E/EvLog   ( 3829): [OsdManage.java::hintShow::810]red package position 1050,160
12-23 14:20:00.086 I/EvLog   ( 3829): [OsdManage.java::hintShow::818]first play
12-23 14:20:00.087 D/OsdDisplayReceiver( 4137): onReceive
12-23 14:20:00.087 D/OsdDisplayReceiver( 4137): RoomDate onReceive action 4
12-23 14:20:00.087 D/OsdDisplayReceiver( 4137): RoomDate onReceive types 5 bCan = true
12-23 14:20:00.087 D/OsdBindUrl( 4137): hide
12-23 14:20:00.113 V/EvLog   ( 3829): [RedPacketTimingView.java::onMeasure::146]setMeasure(214,273)
12-23 14:20:00.114 V/EvLog   ( 3829): [RedPacketTimingView.java::onMeasure::146]setMeasure(214,273)
12-23 14:20:00.596 I/chromium( 3941): [INFO:CONSOLE(36)] "[KMSplit:kmtvgame:28626] [OpenJS] recv data: {"cmdid":"keepAlive","sessionid":1000,"tvgameid":"dicegame"}", source: http://192.168.96.40:81/KMGame/public/split/dist/bundle.js?a4f58a91a09970ad7268 (36)
12-23 14:20:00.596 I/chromium( 3941): [INFO:CONSOLE(36)] "[KMSplit:kmtvgame:28626] [OpenJS] recv resp: {"cmdid":"cb_keepAlive","sessionid":1000,"errorcode":"0","errormessage":"success","data":{}}", source: http://192.168.96.40:81/KMGame/public/split/dist/bundle.js?a4f58a91a09970ad7268 (36)
12-23 14:20:00.973 E/EvLog   ( 3829): [TCPClient.java::sendMessage::65]send message failed
12-23 14:20:00.974 V/EvLog   ( 3829): [KankanClient.java::testEnable::155]inform connect timeout 79582
12-23 14:20:00.974 I/EvLog   ( 3829): [KankanClient.java::testEnable::177]Kankan Enable false
12-23 14:20:01.974 I/EvLog   ( 4365): [PingUtil.java::getPingResult::27]ROOMDATE_player ping result=failed~ cannot reach the IP address
12-23 14:20:02.083 V/EvLog   ( 3829): [VirtualRoomStatusPreview.java::roommemberChange::345]roommemberChange
12-23 14:20:02.279 V/EnsureGatewayCommu( 3829): MSG_CLOUD_SONG_UPDATE
12-23 14:20:02.303 I/chromium( 3941): [INFO:CONSOLE(36)] "[KMSplit:kmtvgame:28626] [OpenJS] recv data: {"cmdid":"keepAlive","sessionid":1000,"tvgameid":"dicegame"}", source: http://192.168.96.40:81/KMGame/public/split/dist/bundle.js?a4f58a91a09970ad7268 (36)
12-23 14:20:02.303 I/chromium( 3941): [INFO:CONSOLE(36)] "[KMSplit:kmtvgame:28626] [OpenJS] recv resp: {"cmdid":"cb_keepAlive","sessionid":1000,"errorcode":"0","errormessage":"success","data":{}}", source: http://192.168.96.40:81/KMGame/public/split/dist/bundle.js?a4f58a91a09970ad7268 (36)
12-23 14:20:02.544 I/chromium( 3941): [INFO:CONSOLE(22)] "--------trigger request keepAlive--------", source: http://192.168.96.40:81/Vod/public/Vod/common/js/toVodApi.js?ver=14 (22)
12-23 14:20:02.545 I/chromium( 3941): [INFO:CONSOLE(36)] "[KMSplit:kmtvgame:28626] [OpenJS] recv data: {"cmdid":"keepAlive","sessionid":1000,"data":{},"tvgameid":"smartscreen"}", source: http://192.168.96.40:81/KMGame/public/split/dist/bundle.js?a4f58a91a09970ad7268 (36)
12-23 14:20:02.545 I/chromium( 3941): [INFO:CONSOLE(36)] "[KMSplit:kmtvgame:28626] [OpenJS] recv resp: {"cmdid":"cb_keepAlive","sessionid":1000,"errorcode":"0","errormessage":"success","data":{}}", source: http://192.168.96.40:81/KMGame/public/split/dist/bundle.js?a4f58a91a09970ad7268 (36)
12-23 14:20:02.546 I/chromium( 3941): [INFO:CONSOLE(45)] "[object Object]", source: http://192.168.96.40:81/Vod/public/Vod/common/js/toVodApi.js?ver=14 (45)
12-23 14:20:02.547 I/chromium( 3941): [INFO:CONSOLE(49)] "--------recv:cb_keepAlive--------", source: http://192.168.96.40:81/Vod/public/Vod/common/js/toVodApi.js?ver=14 (49)
12-23 14:20:02.749 I/chromium( 3941): [INFO:CONSOLE(22)] "--------trigger request keepAlive--------", source: http://192.168.96.40:81/Vod/public/Vod/common/js/toVodApi.js?ver=14 (22)
12-23 14:20:02.749 I/chromium( 3941): [INFO:CONSOLE(36)] "[KMSplit:kmtvgame:28626] [OpenJS] recv data: {"cmdid":"keepAlive","sessionid":1000,"data":{},"tvgameid":"smartscreen"}", source: http://192.168.96.40:81/KMGame/public/split/dist/bundle.js?a4f58a91a09970ad7268 (36)
12-23 14:20:02.750 I/chromium( 3941): [INFO:CONSOLE(36)] "[KMSplit:kmtvgame:28626] [OpenJS] recv resp: {"cmdid":"cb_keepAlive","sessionid":1000,"errorcode":"0","errormessage":"success","data":{}}", source: http://192.168.96.40:81/KMGame/public/split/dist/bundle.js?a4f58a91a09970ad7268 (36)
12-23 14:20:02.750 I/chromium( 3941): [INFO:CONSOLE(45)] "[object Object]", source: http://192.168.96.40:81/Vod/public/Vod/common/js/toVodApi.js?ver=14 (45)
12-23 14:20:02.751 I/chromium( 3941): [INFO:CONSOLE(49)] "--------recv:cb_keepAlive--------", source: http://192.168.96.40:81/Vod/public/Vod/common/js/toVodApi.js?ver=14 (49)
12-23 14:20:02.977 D/MiniKMaxManager( 3677): scheduleNextScene show next
12-23 14:20:02.977 D/TVManager( 3677): showAsyncWithBundle:Bundle[{first=false, force=true}]
12-23 14:20:02.977 D/TVManager( 3677): switch to scene:MINI_KMAX, first:false
12-23 14:20:02.978 D/MiniKMaxManager( 3677): set enable by code true
12-23 14:20:02.978 D/MiniKMaxManager( 3677): getNextMiniKMaxScene 
12-23 14:20:02.978 I/MiniKMaxManager( 3677): set random time=19,songtype=0
12-23 14:20:02.978 I/MiniKMaxManager( 3677): scheduleNextScene delay time =19(s)
12-23 14:20:02.978 D/MiniKMaxManager( 3677): onStageEnter DemandPublicBroadcastStage StageCursor 1
12-23 14:20:02.978 D/MiniKMaxManager( 3677): songType 0
12-23 14:20:02.978 D/MiniKMaxManager( 3677): scene id = 8 scene name = æ¸…å‡‰æ²™æ»©
12-23 14:20:02.979 D/IJKMEDIA( 3677): ijkmp_stop()
12-23 14:20:02.979 D/IJKMEDIA( 3677): ijkmp_stop()=0
12-23 14:20:02.979 I/IJKMEDIA( 3677): message_loop exit
12-23 14:20:02.979 D/IJKMEDIA( 3677): IjkMediaPlayer_reset
12-23 14:20:02.979 D/IJKMEDIA( 3677): IjkMediaPlayer_release
12-23 14:20:02.979 I/IJKMEDIA( 3677): SDL_JNI_DetachThreadEnv: [25601]
12-23 14:20:02.979 D/IJKMEDIA( 3677): ijkmp_set_android_surface(surface=0x0)
12-23 14:20:02.979 D/IJKMEDIA( 3677): ffpipeline_set_surface()
12-23 14:20:02.979 D/IJKMEDIA( 3677): SDL_AMediaCodec_decreaseReference(): ref=1
12-23 14:20:02.979 D/IJKMEDIA( 3677): ijkmp_set_android_surface(surface=0x0)=void
12-23 14:20:02.979 D/IJKMEDIA( 3677): ijkmp_shutdown_l()
12-23 14:20:02.980 I/IJKMEDIA( 3677): SDL_JNI_DetachThreadEnv: [25602]
12-23 14:20:03.006 I/IJKMEDIA( 3677): SDL_JNI_DetachThreadEnv: [25603]
12-23 14:20:03.052 I/IJKMEDIA( 3677): MediaCodec: enqueue_thread_func: exit: 0
12-23 14:20:03.052 I/IJKMEDIA( 3677): SDL_JNI_DetachThreadEnv: [25617]
12-23 14:20:03.054 D/IJKMEDIA( 3677): SDL_AMediaCodecJava_stop
12-23 14:20:03.055 I/RTK_OMX_VDecoder( 2494): ASYNC: has cmd!!! break the decoded while loop!!in 7043 datalen:3802 EOS:0 
12-23 14:20:03.057 D/RTK_OMX_DEC_VIDEO( 2494): [0;36mBUFFERCMD_RESET_BUF, pVpu->nRegCount : 12, phyAddress : 0x09e76000, bDttachMemory : 1[m
12-23 14:20:03.057 I/VPUAPI  ( 2494): [VDI] vdi_dettach_dma_memory, physaddr=0x9e76000, virtaddr=0xf653e9c4, size=8, index=31
12-23 14:20:03.057 D/RTK_OMX_DEC_VIDEO( 2494): [0;36mBUFFERCMD_RESET_BUF, pVpu->nRegCount : 11, phyAddress : 0x09bd3000, bDttachMemory : 1[m
12-23 14:20:03.057 I/VPUAPI  ( 2494): [VDI] vdi_dettach_dma_memory, physaddr=0x9bd3000, virtaddr=0x20, size=8, index=30
12-23 14:20:03.058 D/RTK_OMX_DEC_VIDEO( 2494): [0;36mBUFFERCMD_RESET_BUF, pVpu->nRegCount : 10, phyAddress : 0x09930000, bDttachMemory : 1[m
12-23 14:20:03.058 I/VPUAPI  ( 2494): [VDI] vdi_dettach_dma_memory, physaddr=0x9930000, virtaddr=0xf1b77588, size=8, index=29
12-23 14:20:03.058 D/RTK_OMX_DEC_VIDEO( 2494): [0;36mBUFFERCMD_RESET_BUF, pVpu->nRegCount : 9, phyAddress : 0x0968d000, bDttachMemory : 1[m
12-23 14:20:03.058 I/VPUAPI  ( 2494): [VDI] vdi_dettach_dma_memory, physaddr=0x968d000, virtaddr=0xf41fa138, size=8, index=28
12-23 14:20:03.058 D/RTK_OMX_DEC_VIDEO( 2494): [0;36mBUFFERCMD_RESET_BUF, pVpu->nRegCount : 8, phyAddress : 0x093ea000, bDttachMemory : 1[m
12-23 14:20:03.058 I/VPUAPI  ( 2494): [VDI] vdi_dettach_dma_memory, physaddr=0x93ea000, virtaddr=0xf41b7120, size=8, index=27
12-23 14:20:03.059 D/RTK_OMX_DEC_VIDEO( 2494): [0;36mBUFFERCMD_RESET_BUF, pVpu->nRegCount : 7, phyAddress : 0x09147000, bDttachMemory : 1[m
12-23 14:20:03.059 I/VPUAPI  ( 2494): [VDI] vdi_dettach_dma_memory, physaddr=0x9147000, virtaddr=0xffffff84, size=8, index=26
12-23 14:20:03.059 D/RTK_OMX_DEC_VIDEO( 2494): [0;36mBUFFERCMD_RESET_BUF, pVpu->nRegCount : 6, phyAddress : 0x08bc1000, bDttachMemory : 1[m
12-23 14:20:03.059 I/VPUAPI  ( 2494): [VDI] vdi_dettach_dma_memory, physaddr=0x8bc1000, virtaddr=0xffffff84, size=8, index=25
12-23 14:20:03.059 D/RTK_OMX_DEC_VIDEO( 2494): [0;36mBUFFERCMD_RESET_BUF, pVpu->nRegCount : 5, phyAddress : 0x0891e000, bDttachMemory : 1[m
12-23 14:20:03.059 I/VPUAPI  ( 2494): [VDI] vdi_dettach_dma_memory, physaddr=0x891e000, virtaddr=0xffffff84, size=8, index=24
12-23 14:20:03.060 D/RTK_OMX_DEC_VIDEO( 2494): [0;36mBUFFERCMD_RESET_BUF, pVpu->nRegCount : 4, phyAddress : 0x0867b000, bDttachMemory : 1[m
12-23 14:20:03.060 I/VPUAPI  ( 2494): [VDI] vdi_dettach_dma_memory, physaddr=0x867b000, virtaddr=0xffffff84, size=8, index=23
12-23 14:20:03.060 D/RTK_OMX_DEC_VIDEO( 2494): [0;36mBUFFERCMD_RESET_BUF, pVpu->nRegCount : 3, phyAddress : 0x083d8000, bDttachMemory : 1[m
12-23 14:20:03.060 I/VPUAPI  ( 2494): [VDI] vdi_dettach_dma_memory, physaddr=0x83d8000, virtaddr=0xffffff84, size=8, index=22
12-23 14:20:03.060 D/RTK_OMX_DEC_VIDEO( 2494): [0;36mBUFFERCMD_RESET_BUF, pVpu->nRegCount : 2, phyAddress : 0x08135000, bDttachMemory : 1[m
12-23 14:20:03.060 I/VPUAPI  ( 2494): [VDI] vdi_dettach_dma_memory, physaddr=0x8135000, virtaddr=0xf25b3588, size=8, index=21
12-23 14:20:03.060 D/RTK_OMX_DEC_VIDEO( 2494): [0;36mBUFFERCMD_RESET_BUF, pVpu->nRegCount : 1, phyAddress : 0x07e92000, bDttachMemory : 1[m
12-23 14:20:03.060 I/VPUAPI  ( 2494): [VDI] vdi_dettach_dma_memory, physaddr=0x7e92000, virtaddr=0xffffff84, size=8, index=20
12-23 14:20:03.062 I/RTK_OMX_DEC_VIDEO( 2494): In[decoder_flush_video][5429]  pVpu->bWaitInputFlushDone:0, int_reason:0
12-23 14:20:03.063 W/RTK_OMX_DEC_VIDEO( 2494): In[decoder_flush_video][5453] WAIT pThreadDec 
12-23 14:20:03.063 I/RTK_OMX_DEC_VIDEO( 2494): In[decoder_flush_video][5594]  video output flush done, timeout_cnt:0
12-23 14:20:03.075 D/IJKMEDIA( 3677): SDL_AMediaCodec_decreaseReference(): ref=0
12-23 14:20:03.075 I/IJKMEDIA( 3677): SDL_AMediaCodecJava_delete
12-23 14:20:03.075 D/RTK_OMX_VDecoder( 2494): API: waiting for thread to finish
12-23 14:20:03.075 D/RTK_OMX_VDecoder( 2494): ASYNC: got CMD_EXIT_LOOP
12-23 14:20:03.085 D/RTK_OMX_VDecoder( 2494): ASYNC: Output thread: got CMD_EXIT_LOOP
12-23 14:20:03.096 I/RTK_OMX_DEC_VIDEO( 2494): ====== In[decoder_destroy_video][5612] =======
12-23 14:20:03.097 W/RTK_OMX_DEC_VIDEO( 2494): In[decoder_destroy_video][5638] WAIT pThreadDec 
12-23 14:20:03.097 I/VPUAPI  ( 2494): [VDI] vdi_dettach_dma_memory, physaddr=0x7769000, virtaddr=0xe9981000, size=4194304, index=18
12-23 14:20:03.100 I/VPUAPI  ( 2494): [VDI] vdi_free_dma_memory, physaddr=0xa76d000, virtaddr=0xe492c000, size=7077888
12-23 14:20:03.101 I/VPUAPI  ( 2494): [VDI] vdi_free_dma_memory, physaddr=0x7b69000, virtaddr=0xe9825000, size=1425408
12-23 14:20:03.103 I/VPUAPI  ( 2494): [VDI] vdi_free_dma_memory, physaddr=0xa119000, virtaddr=0xe4fec000, size=6635520
12-23 14:20:03.111 I/IJKMEDIA( 3677): MediaCodec: func_run_sync: exit: -1
12-23 14:20:03.111 I/IJKMEDIA( 3677): SDL_JNI_DetachThreadEnv: [25616]
12-23 14:20:03.131 I/IJKMEDIA( 3677): ext_sub_ctx_destroy 0 streams
12-23 14:20:03.133 I/IJKMEDIA( 3677): [seek filter]uninit
12-23 14:20:03.135 W/IJKMEDIA( 3677): SDL_VoutAndroid_releaseBufferProxy_l: [0] ???????? proxy 0: vout: 0 idx: -1 render: false fake: NO
12-23 14:20:03.135 W/IJKMEDIA( 3677): SDL_VoutAndroid_releaseBufferProxy_l: [0] ???????? proxy 0: vout: 0 idx: -1 render: false fake: NO
12-23 14:20:03.136 D/IJKMEDIA( 3677): ijkmp_shutdown_l()=void
12-23 14:20:03.136 D/IJKMEDIA( 3677): IjkMediaPlayer_native_setup
12-23 14:20:03.136 I/IJKMEDIA( 3677): av_version_info: 6605d0e
12-23 14:20:03.136 I/IJKMEDIA( 3677): ijk_version_info: 117
12-23 14:20:03.136 D/IJKMEDIA( 3677): ffpipeline_create_from_android()
12-23 14:20:03.136 D/IJKMEDIA( 3677): ijkmp_set_inject_opaque(0x686)
12-23 14:20:03.136 D/IJKMEDIA( 3677): ijkmp_set_inject_opaque()=void
12-23 14:20:03.136 D/IJKMEDIA( 3677): ijkmp_set_ijkio_inject_opaque(0x686)
12-23 14:20:03.137 D/IJKMEDIA( 3677): ijkmp_set_ijkio_inject_opaque()=void
12-23 14:20:03.137 D/IJKMEDIA( 3677): ijkmp_android_set_mediacodec_select_callback()
12-23 14:20:03.137 D/IJKMEDIA( 3677): ffpipeline_set_mediacodec_select_callback
12-23 14:20:03.137 D/IJKMEDIA( 3677): ijkmp_android_set_mediacodec_select_callback()=void
12-23 14:20:03.137 D/IJKMEDIA( 3677): ijkmp_dec_ref(): ref=0
12-23 14:20:03.137 D/IJKMEDIA( 3677): ijkmp_shutdown_l()
12-23 14:20:03.137 D/IJKMEDIA( 3677): ijkmp_shutdown_l()=void
12-23 14:20:03.137 I/IJKMEDIA( 3677): [fadein]destroy fadein
12-23 14:20:03.140 I/EvMediaPlayer( 3677): ensureSetting: latency=0
12-23 14:20:03.140 D/IJKMEDIA( 3677): ijkMediaPlayer_setAudioStreamType
12-23 14:20:03.140 D/IJKMEDIA( 3677): ijkmp_set_audio_stream_type
12-23 14:20:03.140 D/IJKMEDIA( 3677): ijkmp_set_audio_stream_type=0
12-23 14:20:03.140 D/IJKMEDIA( 3677): IjkMediaPlayer_setVideoSurface
12-23 14:20:03.140 D/IJKMEDIA( 3677): ijkmp_set_android_surface(surface=0x0)
12-23 14:20:03.140 D/IJKMEDIA( 3677): ffpipeline_set_surface()
12-23 14:20:03.140 D/IJKMEDIA( 3677): ijkmp_set_android_surface(surface=0x0)=void
12-23 14:20:03.140 D/PersonalTailorRender( 3677): create media player
12-23 14:20:03.140 D/PersonalTailorRender( 3677): resetPhotoMsg mMediaPlayer
12-23 14:20:03.141 D/IJKMEDIA( 3677): IjkMediaPlayer_setDataSourceAndHeaders
12-23 14:20:03.141 V/IJKMEDIA( 3677): setDataSource: path vohttp://192.168.96.73:9166/download/public/minikmaxvideo/qlst.evb
12-23 14:20:03.141 D/IJKMEDIA( 3677): ijkmp_set_data_source(url="vohttp://192.168.96.73:9166/download/public/minikmaxvideo/qlst.evb")
12-23 14:20:03.141 D/IJKMEDIA( 3677): ijkmp_set_data_source(url="vohttp://192.168.96.73:9166/download/public/minikmaxvideo/qlst.evb")=0
12-23 14:20:03.141 D/IJKMEDIA( 3677): ijkMediaPlayer_setAudioStreamType
12-23 14:20:03.141 D/IJKMEDIA( 3677): ijkmp_set_audio_stream_type
12-23 14:20:03.141 D/IJKMEDIA( 3677): ijkmp_set_audio_stream_type=0
12-23 14:20:03.141 D/IJKMEDIA( 3677): IjkMediaPlayer_prepareAsync
12-23 14:20:03.141 D/IJKMEDIA( 3677): ijkmp_prepare_async()
12-23 14:20:03.141 I/IJKMEDIA( 3677): ===== versions =====
12-23 14:20:03.141 I/IJKMEDIA( 3677): flavor       : well_done
12-23 14:20:03.141 I/IJKMEDIA( 3677): ijkplayer    : 117
12-23 14:20:03.141 I/IJKMEDIA( 3677): FFmpeg       : 6605d0e
12-23 14:20:03.141 I/IJKMEDIA( 3677): libavutil    : 55.78.100
12-23 14:20:03.141 I/IJKMEDIA( 3677): libavcodec   : 57.107.100
12-23 14:20:03.141 I/IJKMEDIA( 3677): libavformat  : 57.83.100
12-23 14:20:03.141 I/IJKMEDIA( 3677): libswscale   : 4.8.100
12-23 14:20:03.141 I/IJKMEDIA( 3677): libswresample: 2.9.100
12-23 14:20:03.141 I/IJKMEDIA( 3677): ===== options =====
12-23 14:20:03.141 I/IJKMEDIA( 3677): player-opts : mediacodec                   = 1
12-23 14:20:03.141 I/IJKMEDIA( 3677): player-opts : mediacodec-hevc              = 1
12-23 14:20:03.141 I/IJKMEDIA( 3677): player-opts : mediacodec-mpeg2             = 1
12-23 14:20:03.141 I/IJKMEDIA( 3677): player-opts : mediacodec-auto-rotate       = 0
12-23 14:20:03.141 I/IJKMEDIA( 3677): SDL_RunThread: [25644] ff_msg_loop
12-23 14:20:03.141 I/IJKMEDIA( 3677): player-opts : opensles                     = 0
12-23 14:20:03.141 I/IJKMEDIA( 3677): player-opts : overlay-format               = fcc-rv32
12-23 14:20:03.141 I/IJKMEDIA( 3677): message_loop
12-23 14:20:03.141 I/IJKMEDIA( 3677): player-opts : framedrop                    = 1
12-23 14:20:03.141 I/IJKMEDIA( 3677): player-opts : start-on-prepared            = 0
12-23 14:20:03.141 I/IJKMEDIA( 3677): player-opts : user-audio-latency-ms        = 0
12-23 14:20:03.141 I/IJKMEDIA( 3677): format-opts : ijkapplication               = -734936512
12-23 14:20:03.141 I/IJKMEDIA( 3677): format-opts : ijkiomanager                 = -590735744
12-23 14:20:03.141 I/IJKMEDIA( 3677): format-opts : http-detect-range-support    = 0
12-23 14:20:03.141 I/IJKMEDIA( 3677): ===================
12-23 14:20:03.142 D/IJKMEDIA( 3677): FFP_MSG_FLUSH:
12-23 14:20:03.143 I/IJKMEDIA( 3677): [seek filter]init
12-23 14:20:03.144 D/IJKMEDIA( 3677): ijkmp_prepare_async()=0
12-23 14:20:03.144 D/PersonalTailorRender( 3677): play mMediaPlayerMiniKMax
12-23 14:20:03.144 D/IJKMEDIA( 3677): IjkMediaPlayer_setVideoSurface
12-23 14:20:03.144 D/IJKMEDIA( 3677): ijkmp_set_android_surface(surface=0xef7ff340)
12-23 14:20:03.144 D/IJKMEDIA( 3677): ffpipeline_set_surface()
12-23 14:20:03.144 D/IJKMEDIA( 3677): ijkmp_set_android_surface(surface=0xef7ff340)=void
12-23 14:20:03.145 I/IJKMEDIA( 3677): SDL_RunThread: [25645] ff_vout
12-23 14:20:03.145 E/EvLog   ( 3726): [StationImpl.java::prepareTask::235][3677_4504]no app care about your message: Mail{from=3677, msgId=4504, uri='evideostb://api/kmax/scene/change/info', message='{"kmaxMode":"lite","sceneId":"8","sceneName":"æ¸…å‡‰æ²™æ»©","source":0}'}
12-23 14:20:03.146 E/EvLog   ( 3726): [StationImpl.java::post::261][3677_4504]finish post: can't create task
12-23 14:20:03.146 D/TVManager( 3677): switchScene screen name : æ¸…å‡‰æ²™æ»©
12-23 14:20:03.147 I/IJKMEDIA( 3677): SDL_RunThread: [25646] ff_read
12-23 14:20:03.168 I/IJKMEDIA( 3677): check read(0): 32768
12-23 14:20:03.169 I/IJKMEDIA( 3677): video format IS encrpted
12-23 14:20:03.170 D/IJKMEDIA( 3677): FFP_MSG_OPEN_INPUT:
12-23 14:20:03.170 E/IJKMEDIA( 3677): Option ijkiomanager not found.
12-23 14:20:03.290 D/IJKMEDIA( 3677): FFP_MSG_FIND_STREAM_INFO:
12-23 14:20:03.290 I/IJKMEDIA( 3677): max_frame_duration: 3600.000
12-23 14:20:03.290 I/IJKMEDIA( 3677): Input #0, matroska,webm, from 'vohttp://192.168.96.73:9166/download/public/minikmaxvideo/qlst.evb':
12-23 14:20:03.290 I/IJKMEDIA( 3677):   Metadata:
12-23 14:20:03.290 I/IJKMEDIA( 3677):     COMPATIBLE_BRANDS: 
12-23 14:20:03.290 I/IJKMEDIA( 3677): mp42mp41
12-23 14:20:03.290 I/IJKMEDIA( 3677): 
12-23 14:20:03.290 I/IJKMEDIA( 3677):     MAJOR_BRAND     : 
12-23 14:20:03.290 I/IJKMEDIA( 3677): mp42
12-23 14:20:03.290 I/IJKMEDIA( 3677): 
12-23 14:20:03.290 I/IJKMEDIA( 3677):     MINOR_VERSION   : 
12-23 14:20:03.290 I/IJKMEDIA( 3677): 0
12-23 14:20:03.290 I/IJKMEDIA( 3677): 
12-23 14:20:03.290 I/IJKMEDIA( 3677):     ENCODER         : 
12-23 14:20:03.290 I/IJKMEDIA( 3677): Lavf56.33.101
12-23 14:20:03.290 I/IJKMEDIA( 3677): 
12-23 14:20:03.290 I/IJKMEDIA( 3677):   Duration: 
12-23 14:20:03.290 I/IJKMEDIA( 3677): 00:00:04.96
12-23 14:20:03.290 I/IJKMEDIA( 3677): , start: 
12-23 14:20:03.290 I/IJKMEDIA( 3677): 0.000000
12-23 14:20:03.290 I/IJKMEDIA( 3677): , bitrate: 
12-23 14:20:03.290 I/IJKMEDIA( 3677): 3440 kb/s
12-23 14:20:03.290 I/IJKMEDIA( 3677): 
12-23 14:20:03.290 I/IJKMEDIA( 3677):     Stream #0:0
12-23 14:20:03.290 I/IJKMEDIA( 3677): (eng)
12-23 14:20:03.290 I/IJKMEDIA( 3677): : Video: h264, yuv420p(progressive), 1280x1440
12-23 14:20:03.290 I/IJKMEDIA( 3677): , SAR 1:1 DAR 8:9
12-23 14:20:03.290 I/IJKMEDIA( 3677): , 
12-23 14:20:03.290 I/IJKMEDIA( 3677): 25 fps, 
12-23 14:20:03.290 I/IJKMEDIA( 3677): 25 tbr, 
12-23 14:20:03.290 I/IJKMEDIA( 3677): 1k tbn, 
12-23 14:20:03.290 I/IJKMEDIA( 3677): 50 tbc
12-23 14:20:03.290 I/IJKMEDIA( 3677):  (default)
12-23 14:20:03.290 I/IJKMEDIA( 3677): 
12-23 14:20:03.290 I/IJKMEDIA( 3677):     Metadata:
12-23 14:20:03.290 I/IJKMEDIA( 3677):       CREATION_TIME   : 
12-23 14:20:03.290 I/IJKMEDIA( 3677): 2017-09-20 06:12:57
12-23 14:20:03.290 I/IJKMEDIA( 3677): 
12-23 14:20:03.290 I/IJKMEDIA( 3677):       LANGUAGE        : 
12-23 14:20:03.290 I/IJKMEDIA( 3677): eng
12-23 14:20:03.290 I/IJKMEDIA( 3677): 
12-23 14:20:03.290 I/IJKMEDIA( 3677):       HANDLER_NAME    : 
12-23 14:20:03.290 I/IJKMEDIA( 3677): Alias Data Handler
12-23 14:20:03.290 I/IJKMEDIA( 3677): 
12-23 14:20:03.290 I/IJKMEDIA( 3677):       ENCODER         : 
12-23 14:20:03.290 I/IJKMEDIA( 3677): Lavc56.39.101 libx264
12-23 14:20:03.290 I/IJKMEDIA( 3677): 
12-23 14:20:03.290 I/IJKMEDIA( 3677): degrade not needed
12-23 14:20:03.293 D/IJKMEDIA( 3677): ffpipenode_create_video_decoder_from_android_mediacodec()
12-23 14:20:03.294 I/IJKMEDIA( 3677): select_android_mediacodec: MediaCodec: H264_HIGH: enabled
12-23 14:20:03.294 I/IJKMEDIA( 3677): AMediaFormat: video/avc, 1280x1440
12-23 14:20:03.294 D/IJKMEDIA( 3677): SDL_AMediaFormatJava_createVideoFormat
12-23 14:20:03.294 I/IJKMEDIA( 3677): amc: rotate notify: 0
12-23 14:20:03.294 D/IJKMEDIA( 3677): FFP_MSG_VIDEO_ROTATION_CHANGED: 0
12-23 14:20:03.294 D/IJKMEDIA( 3677): ffpipeline_select_mediacodec_l
12-23 14:20:03.294 I/tv.danmaku.ijk.media.player.IjkMediaPlayer( 3677): onSelectCodec: mime=video/avc, profile=100, level=40
12-23 14:20:03.294 D/tv.danmaku.ijk.media.player.IjkMediaPlayer( 3677):   found codec: OMX.realtek.video.dec.avc
12-23 14:20:03.294 D/tv.danmaku.ijk.media.player.IjkMediaPlayer( 3677):     mime: video/avc
12-23 14:20:03.296 I/tv.danmaku.ijk.media.player.IjkMediaPlayer( 3677): candidate codec: OMX.realtek.video.dec.avc rank=700
12-23 14:20:03.298 I/IjkMediaCodecInfo( 3677):  High Profile Level 42 (8,8192)
12-23 14:20:03.298 D/tv.danmaku.ijk.media.player.IjkMediaPlayer( 3677):   found codec: OMX.realtek.video.dec.mpeg4
12-23 14:20:03.298 D/tv.danmaku.ijk.media.player.IjkMediaPlayer( 3677):     mime: video/mp4v-es
12-23 14:20:03.298 D/tv.danmaku.ijk.media.player.IjkMediaPlayer( 3677):   found codec: OMX.realtek.video.dec.vp8
12-23 14:20:03.298 D/tv.danmaku.ijk.media.player.IjkMediaPlayer( 3677):     mime: video/x-vnd.on2.vp8
12-23 14:20:03.298 D/tv.danmaku.ijk.media.player.IjkMediaPlayer( 3677):   found codec: OMX.realtek.video.dec.3gpp
12-23 14:20:03.298 D/tv.danmaku.ijk.media.player.IjkMediaPlayer( 3677):     mime: video/3gpp
12-23 14:20:03.298 D/tv.danmaku.ijk.media.player.IjkMediaPlayer( 3677):   found codec: OMX.realtek.video.dec.mpeg2
12-23 14:20:03.298 D/tv.danmaku.ijk.media.player.IjkMediaPlayer( 3677):     mime: video/mpeg2
12-23 14:20:03.298 D/tv.danmaku.ijk.media.player.IjkMediaPlayer( 3677):   found codec: OMX.realtek.video.dec.raw
12-23 14:20:03.298 D/tv.danmaku.ijk.media.player.IjkMediaPlayer( 3677):     mime: video/raw
12-23 14:20:03.298 D/tv.danmaku.ijk.media.player.IjkMediaPlayer( 3677):   found codec: OMX.realtek.video.dec.vc1
12-23 14:20:03.298 D/tv.danmaku.ijk.media.player.IjkMediaPlayer( 3677):     mime: video/vc1
12-23 14:20:03.298 D/tv.danmaku.ijk.media.player.IjkMediaPlayer( 3677):   found codec: OMX.realtek.video.dec.divx3
12-23 14:20:03.298 D/tv.danmaku.ijk.media.player.IjkMediaPlayer( 3677):     mime: video/divx3
12-23 14:20:03.298 D/tv.danmaku.ijk.media.player.IjkMediaPlayer( 3677):   found codec: OMX.realtek.video.dec.avs
12-23 14:20:03.298 D/tv.danmaku.ijk.media.player.IjkMediaPlayer( 3677):     mime: video/avs-video
12-23 14:20:03.298 D/tv.danmaku.ijk.media.player.IjkMediaPlayer( 3677):   found codec: OMX.realtek.video.dec.mjpg
12-23 14:20:03.299 D/tv.danmaku.ijk.media.player.IjkMediaPlayer( 3677):     mime: video/x-motion-jpeg
12-23 14:20:03.299 D/tv.danmaku.ijk.media.player.IjkMediaPlayer( 3677):   found codec: OMX.realtek.video.dec.hevc
12-23 14:20:03.299 D/tv.danmaku.ijk.media.player.IjkMediaPlayer( 3677):     mime: video/hevc
12-23 14:20:03.299 D/tv.danmaku.ijk.media.player.IjkMediaPlayer( 3677):   found codec: OMX.realtek.video.dec.wvc1
12-23 14:20:03.299 D/tv.danmaku.ijk.media.player.IjkMediaPlayer( 3677):     mime: video/wvc1
12-23 14:20:03.299 D/tv.danmaku.ijk.media.player.IjkMediaPlayer( 3677):   found codec: OMX.realtek.video.dec.wmv3
12-23 14:20:03.299 D/tv.danmaku.ijk.media.player.IjkMediaPlayer( 3677):     mime: video/wmv3
12-23 14:20:03.299 D/tv.danmaku.ijk.media.player.IjkMediaPlayer( 3677):   found codec: OMX.realtek.video.dec.wmv
12-23 14:20:03.299 D/tv.danmaku.ijk.media.player.IjkMediaPlayer( 3677):     mime: video/x-ms-wmv
12-23 14:20:03.299 D/tv.danmaku.ijk.media.player.IjkMediaPlayer( 3677):   found codec: OMX.realtek.video.dec.mp43
12-23 14:20:03.299 D/tv.danmaku.ijk.media.player.IjkMediaPlayer( 3677):     mime: video/mp43
12-23 14:20:03.299 D/tv.danmaku.ijk.media.player.IjkMediaPlayer( 3677):   found codec: OMX.realtek.video.dec.flv
12-23 14:20:03.299 D/tv.danmaku.ijk.media.player.IjkMediaPlayer( 3677):     mime: video/x-flv
12-23 14:20:03.299 D/tv.danmaku.ijk.media.player.IjkMediaPlayer( 3677):   found codec: OMX.realtek.video.dec.rv30
12-23 14:20:03.299 D/tv.danmaku.ijk.media.player.IjkMediaPlayer( 3677):     mime: video/rv30
12-23 14:20:03.299 D/tv.danmaku.ijk.media.player.IjkMediaPlayer( 3677):   found codec: OMX.realtek.video.dec.rv40
12-23 14:20:03.299 D/tv.danmaku.ijk.media.player.IjkMediaPlayer( 3677):     mime: video/rv40
12-23 14:20:03.299 D/tv.danmaku.ijk.media.player.IjkMediaPlayer( 3677):   found codec: OMX.realtek.video.dec.vp9
12-23 14:20:03.299 D/tv.danmaku.ijk.media.player.IjkMediaPlayer( 3677):     mime: video/x-vnd.on2.vp9
12-23 14:20:03.299 D/tv.danmaku.ijk.media.player.IjkMediaPlayer( 3677):   found codec: OMX.realtek.image.dec
12-23 14:20:03.299 D/tv.danmaku.ijk.media.player.IjkMediaPlayer( 3677):     mime: image/jpeg
12-23 14:20:03.299 D/tv.danmaku.ijk.media.player.IjkMediaPlayer( 3677):   found codec: OMX.realtek.video.enc.avc
12-23 14:20:03.299 D/tv.danmaku.ijk.media.player.IjkMediaPlayer( 3677):   found codec: OMX.realtek.video.enc.mpeg4
12-23 14:20:03.299 D/tv.danmaku.ijk.media.player.IjkMediaPlayer( 3677):   found codec: OMX.realtek.image.enc
12-23 14:20:03.299 D/tv.danmaku.ijk.media.player.IjkMediaPlayer( 3677):   found codec: OMX.google.aac.decoder
12-23 14:20:03.299 D/tv.danmaku.ijk.media.player.IjkMediaPlayer( 3677):     mime: audio/mp4a-latm
12-23 14:20:03.299 D/tv.danmaku.ijk.media.player.IjkMediaPlayer( 3677):   found codec: OMX.google.mp3.decoder
12-23 14:20:03.299 D/tv.danmaku.ijk.media.player.IjkMediaPlayer( 3677):     mime: audio/mpeg
12-23 14:20:03.299 D/tv.danmaku.ijk.media.player.IjkMediaPlayer( 3677):   found codec: OMX.google.raw.decoder
12-23 14:20:03.299 D/tv.danmaku.ijk.media.player.IjkMediaPlayer( 3677):     mime: audio/raw
12-23 14:20:03.299 D/tv.danmaku.ijk.media.player.IjkMediaPlayer( 3677):   found codec: OMX.realtek.audio.dec
12-23 14:20:03.299 D/tv.danmaku.ijk.media.player.IjkMediaPlayer( 3677):     mime: audio/3gpp
12-23 14:20:03.299 D/tv.danmaku.ijk.media.player.IjkMediaPlayer( 3677):     mime: audio/aac-latm
12-23 14:20:03.299 D/tv.danmaku.ijk.media.player.IjkMediaPlayer( 3677):     mime: audio/ac3
12-23 14:20:03.299 D/tv.danmaku.ijk.media.player.IjkMediaPlayer( 3677):     mime: audio/adpcm
12-23 14:20:03.300 D/tv.danmaku.ijk.media.player.IjkMediaPlayer( 3677):     mime: audio/alac_caff
12-23 14:20:03.300 D/tv.danmaku.ijk.media.player.IjkMediaPlayer( 3677):     mime: audio/amr-wb
12-23 14:20:03.300 D/tv.danmaku.ijk.media.player.IjkMediaPlayer( 3677):     mime: audio/ape
12-23 14:20:03.300 D/tv.danmaku.ijk.media.player.IjkMediaPlayer( 3677):     mime: audio/dsd-dsf
12-23 14:20:03.300 D/tv.danmaku.ijk.media.player.IjkMediaPlayer( 3677):     mime: audio/dts
12-23 14:20:03.300 D/tv.danmaku.ijk.media.player.IjkMediaPlayer( 3677):     mime: audio/dts-hd
12-23 14:20:03.300 D/tv.danmaku.ijk.media.player.IjkMediaPlayer( 3677):     mime: audio/eac3
12-23 14:20:03.300 D/tv.danmaku.ijk.media.player.IjkMediaPlayer( 3677):     mime: audio/flac
12-23 14:20:03.300 D/tv.danmaku.ijk.media.player.IjkMediaPlayer( 3677):     mime: audio/g711-mlaw
12-23 14:20:03.300 D/tv.danmaku.ijk.media.player.IjkMediaPlayer( 3677):     mime: audio/mlp
12-23 14:20:03.300 D/tv.danmaku.ijk.media.player.IjkMediaPlayer( 3677):     mime: audio/mp4a-latm
12-23 14:20:03.300 D/tv.danmaku.ijk.media.player.IjkMediaPlayer( 3677):     mime: audio/mpeg
12-23 14:20:03.300 D/tv.danmaku.ijk.media.player.IjkMediaPlayer( 3677):     mime: audio/mpeg-L1
12-23 14:20:03.300 D/tv.danmaku.ijk.media.player.IjkMediaPlayer( 3677):     mime: audio/mpeg-L2
12-23 14:20:03.300 D/tv.danmaku.ijk.media.player.IjkMediaPlayer( 3677):     mime: audio/wma
12-23 14:20:03.300 D/tv.danmaku.ijk.media.player.IjkMediaPlayer( 3677):     mime: audio/wmapro
12-23 14:20:03.300 D/tv.danmaku.ijk.media.player.IjkMediaPlayer( 3677):     mime: audio/x-pcm
12-23 14:20:03.300 D/tv.danmaku.ijk.media.player.IjkMediaPlayer( 3677):   found codec: OMX.google.mpeg4.decoder
12-23 14:20:03.300 D/tv.danmaku.ijk.media.player.IjkMediaPlayer( 3677):     mime: video/mp4v-es
12-23 14:20:03.300 D/tv.danmaku.ijk.media.player.IjkMediaPlayer( 3677):   found codec: OMX.google.h263.decoder
12-23 14:20:03.300 D/tv.danmaku.ijk.media.player.IjkMediaPlayer( 3677):     mime: video/3gpp
12-23 14:20:03.300 D/tv.danmaku.ijk.media.player.IjkMediaPlayer( 3677):   found codec: OMX.google.h264.decoder
12-23 14:20:03.300 D/tv.danmaku.ijk.media.player.IjkMediaPlayer( 3677):     mime: video/avc
12-23 14:20:03.300 I/tv.danmaku.ijk.media.player.IjkMediaPlayer( 3677): candidate codec: OMX.google.h264.decoder rank=200
12-23 14:20:03.302 I/IjkMediaCodecInfo( 3677):  High Profile Level 52 (8,65536)
12-23 14:20:03.302 D/tv.danmaku.ijk.media.player.IjkMediaPlayer( 3677):   found codec: OMX.google.hevc.decoder
12-23 14:20:03.302 D/tv.danmaku.ijk.media.player.IjkMediaPlayer( 3677):     mime: video/hevc
12-23 14:20:03.302 D/tv.danmaku.ijk.media.player.IjkMediaPlayer( 3677):   found codec: OMX.google.vp8.decoder
12-23 14:20:03.302 D/tv.danmaku.ijk.media.player.IjkMediaPlayer( 3677):     mime: video/x-vnd.on2.vp8
12-23 14:20:03.302 D/tv.danmaku.ijk.media.player.IjkMediaPlayer( 3677):   found codec: OMX.google.vp9.decoder
12-23 14:20:03.302 D/tv.danmaku.ijk.media.player.IjkMediaPlayer( 3677):     mime: video/x-vnd.on2.vp9
12-23 14:20:03.302 D/tv.danmaku.ijk.media.player.IjkMediaPlayer( 3677):   found codec: OMX.google.h263.encoder
12-23 14:20:03.302 D/tv.danmaku.ijk.media.player.IjkMediaPlayer( 3677):   found codec: OMX.google.h264.encoder
12-23 14:20:03.302 D/tv.danmaku.ijk.media.player.IjkMediaPlayer( 3677):   found codec: OMX.google.mpeg4.encoder
12-23 14:20:03.302 D/tv.danmaku.ijk.media.player.IjkMediaPlayer( 3677):   found codec: OMX.google.vp8.encoder
12-23 14:20:03.302 D/tv.danmaku.ijk.media.player.IjkMediaPlayer( 3677):   found codec: OMX.google.amrnb.decoder
12-23 14:20:03.302 D/tv.danmaku.ijk.media.player.IjkMediaPlayer( 3677):     mime: audio/3gpp
12-23 14:20:03.302 D/tv.danmaku.ijk.media.player.IjkMediaPlayer( 3677):   found codec: OMX.google.amrwb.decoder
12-23 14:20:03.302 D/tv.danmaku.ijk.media.player.IjkMediaPlayer( 3677):     mime: audio/amr-wb
12-23 14:20:03.302 D/tv.danmaku.ijk.media.player.IjkMediaPlayer( 3677):   found codec: OMX.google.g711.alaw.decoder
12-23 14:20:03.302 D/tv.danmaku.ijk.media.player.IjkMediaPlayer( 3677):     mime: audio/g711-alaw
12-23 14:20:03.302 D/tv.danmaku.ijk.media.player.IjkMediaPlayer( 3677):   found codec: OMX.google.g711.mlaw.decoder
12-23 14:20:03.302 D/tv.danmaku.ijk.media.player.IjkMediaPlayer( 3677):     mime: audio/g711-mlaw
12-23 14:20:03.302 D/tv.danmaku.ijk.media.player.IjkMediaPlayer( 3677):   found codec: OMX.google.vorbis.decoder
12-23 14:20:03.302 D/tv.danmaku.ijk.media.player.IjkMediaPlayer( 3677):     mime: audio/vorbis
12-23 14:20:03.302 D/tv.danmaku.ijk.media.player.IjkMediaPlayer( 3677):   found codec: OMX.google.opus.decoder
12-23 14:20:03.302 D/tv.danmaku.ijk.media.player.IjkMediaPlayer( 3677):     mime: audio/opus
12-23 14:20:03.302 D/tv.danmaku.ijk.media.player.IjkMediaPlayer( 3677):   found codec: OMX.google.aac.encoder
12-23 14:20:03.302 D/tv.danmaku.ijk.media.player.IjkMediaPlayer( 3677):   found codec: OMX.google.amrnb.encoder
12-23 14:20:03.302 D/tv.danmaku.ijk.media.player.IjkMediaPlayer( 3677):   found codec: OMX.google.amrwb.encoder
12-23 14:20:03.302 D/tv.danmaku.ijk.media.player.IjkMediaPlayer( 3677):   found codec: OMX.google.flac.encoder
12-23 14:20:03.302 I/tv.danmaku.ijk.media.player.IjkMediaPlayer( 3677): selected codec: OMX.realtek.video.dec.avc rank=700
12-23 14:20:03.302 D/IJKMEDIA( 3677): SDL_AMediaCodecJava_createByCodecName
12-23 14:20:03.307 I/OMXClient( 3677): Using client-side OMX mux.
12-23 14:20:03.309 D/RTK_omx_core( 2494): Component name OMX.realtek.video.dec.avc(OMX.realtek.video.decoder.avc)
12-23 14:20:03.309 W/RTK_OMX_VDecoder( 2494): [DBGT] rtkdec compiled without trace support (ENABLE_DBGT_TRACE switch not enabled)
12-23 14:20:03.312 I/RTK_OMX_DEC_VIDEO( 2494): eCompressionFormat:7, bUseOutputBeDecoded:0, bUseProtectBuffer:0
12-23 14:20:03.312 D/RTK_OMX_DEC_VIDEO( 2494): In[RTKHwDecOmx_decoder_create_video][7404] create VDecDecodingThread success
12-23 14:20:03.312 I/RTK_OMX_DEC_VIDEO( 2494): In[RTKHwDecOmx_decoder_create_video][7438]  decoder_ext_decode_video with nHevcOutputMode:0
12-23 14:20:03.312 I/RTK_OMX_DEC_VIDEO( 2494): In[RTKHwDecOmx_decoder_create_video][7497] isRTKExtractor:0 nEnableDeInterlace:0 bSetSearchIFrm:0 bEnableTunnelMode:0 bIsThumbnail:0 scale_enable:0, wxh:1920x1088
12-23 14:20:03.313 D/RPCProxy( 2494): DispatchRPCRequest:58 rpc(programID=99 versionID=99) reg(programID=300 versionID=0)
12-23 14:20:03.313 D/RPCProxy( 2494): DispatchRPCRequest:58 rpc(programID=99 versionID=99) reg(programID=202 versionID=0)
12-23 14:20:03.313 D/RPCProxy( 2494): DispatchRPCRequest:52 dispatch for opt:7 program:99 version:99 procedure:0 task:0 tid:0 pid:0 size:72 context:3
12-23 14:20:03.313 I/VPUAPI  ( 2494): [0;31mpAttr->supportDecoders : 0x00000a9f, support_vtype : 0x00001a9f[m
12-23 14:20:03.313 I/RTK_OMX_DEC_VIDEO( 2494): VPU_Init success
12-23 14:20:03.313 I/RTK_OMX_DEC_VIDEO( 2494): vpu->instIdx : 2
12-23 14:20:03.313 I/RTK_OMX_DEC_VIDEO( 2494): 2 allocate bitstream buffer size = 4194304
12-23 14:20:03.313 I/VPUAPI  ( 2494): [VDI] vdi_attach_dma_memory, physaddr=0x7769000, virtaddr=0xeb3b3000, size=4194304, index=18
12-23 14:20:03.313 I/RTK_OMX_DEC_VIDEO( 2494): In[VDecAdjustDecOpenParam][2008]  eColorFormat:0
12-23 14:20:03.314 D/RPCProxy( 2494): DispatchRPCRequest:58 rpc(programID=99 versionID=99) reg(programID=300 versionID=0)
12-23 14:20:03.314 D/RPCProxy( 2494): DispatchRPCRequest:58 rpc(programID=99 versionID=99) reg(programID=202 versionID=0)
12-23 14:20:03.314 D/RPCProxy( 2494): DispatchRPCRequest:52 dispatch for opt:7 program:99 version:99 procedure:0 task:0 tid:0 pid:0 size:72 context:3
12-23 14:20:03.314 I/VPUAPI  ( 2494): [0;31mpAttr->supportDecoders : 0x00000a9f, support_vtype : 0x00001a9f[m
12-23 14:20:03.314 I/VPUAPI  ( 2494): [VDI] vdi_allocate_dma_memory, physaddr=0x7b69000, virtaddr=0xeb257000~0xeb3b3000, size=1425408
12-23 14:20:03.314 I/VPUAPI  ( 2494): [VDI]  Internal_vdi_get_rtk_clk_rate, 2815... coreIdx:0, clk_rate:459000000
12-23 14:20:03.314 I/RTK_OMX_DEC_VIDEO( 2494): ====== In[decoder_destroy_video][5612] =======
12-23 14:20:03.315 W/RTK_OMX_DEC_VIDEO( 2494): In[decoder_destroy_video][5638] WAIT pThreadDec 
12-23 14:20:03.315 I/VPUAPI  ( 2494): [VDI] vdi_dettach_dma_memory, physaddr=0x7769000, virtaddr=0xeb3b3000, size=4194304, index=18
12-23 14:20:03.317 D/WSServer( 3771): [WSServer.java onMessage (68)] onMessage()ç½‘é¡µç«¯æ¥çš„æ¶ˆæ¯->ã€/127.0.0.1:52199ã€‘{"cmd":"heartbeat","connid":"homeplugin_1640160854070","body":{}}
12-23 14:20:03.318 I/VPUAPI  ( 2494): [VDI] vdi_free_dma_memory, physaddr=0x7b69000, virtaddr=0xeb257000, size=1425408
12-23 14:20:03.318 I/KmTrigger( 3771): [WSServer.java updateHeartbeat (183)] update heartbeat,connid=homeplugin_1640160854070
12-23 14:20:03.319 D/IJKMEDIA( 3677): SDL_AMediaCodecJava_init
12-23 14:20:03.319 D/IJKMEDIA( 3677): SDL_AMediaCodec_increaseReference(): ref=1
12-23 14:20:03.319 D/IJKMEDIA( 3677): SDL_AMediaCodecJava_configure_surface
12-23 14:20:03.319 E/IJKMEDIA( 3677): configure acodec:0x100656 format:0x20067e: surface:0x200666
12-23 14:20:03.319 I/MediaCodec( 3677): [OMX.realtek.video.dec.avc] setting surface generation to 3765358
12-23 14:20:03.320 D/RTK_OMX_VDecoder( 2494): ********** StoreMetaDataInBuffers: true **********
12-23 14:20:03.321 I/RTK_OMX_VDecoder( 2494): decoder_get_parameter: OutputVideoPortFormat: fmt:50
12-23 14:20:03.321 I/RTK_OMX_VDecoder( 2494): decoder_set_parameter: OutputVideoPortFormat: fmt:50
12-23 14:20:03.321 D/RTK_OMX_VDecoder( 2494): In[decoder_get_parameter][2350]  param->nPortIndex:0
12-23 14:20:03.321 D/RTK_OMX_VDecoder( 2494): In[decoder_get_parameter][2350]  param->nPortIndex:1
12-23 14:20:03.321 I/RTK_OMX_VDecoder( 2494): 2380 decoder_get_parameter: OutputPortDefinition: 0x0 fmt:50 org:50
12-23 14:20:03.321 D/RTK_OMX_VDecoder( 2494): [0;31mGET dec->out.def.nBufferCountMin:4[m
12-23 14:20:03.321 D/RTK_OMX_VDecoder( 2494): [0;31mGET dec->out.def.nBufferCountActual:4[m
12-23 14:20:03.321 D/RTK_OMX_VDecoder( 2494): [0;31mGET dec->out.nTempBufferCountActual:4[m
12-23 14:20:03.321 D/RTK_OMX_VDecoder( 2494): [0;31mGET dec->nMinOutputUndequeueCount:0[m
12-23 14:20:03.321 I/RTK_OMX_VDecoder( 2494): decoder_set_parameter: OutputPortDefinition: 1280x1440 fmt:50
12-23 14:20:03.321 D/RTK_OMX_VDecoder( 2494): [0;33mSET dec->out.def.nBufferCountMin:4[m
12-23 14:20:03.321 D/RTK_OMX_VDecoder( 2494): [0;33mSET dec->out.def.nBufferCountActual:4[m
12-23 14:20:03.321 D/RTK_OMX_VDecoder( 2494): [0;33mSET dec->out.nTempBufferCountActual:4[m
12-23 14:20:03.321 D/RTK_OMX_VDecoder( 2494): [0;33mSET dec->nMinOutputUndequeueCount:0[m
12-23 14:20:03.322 I/ACodec  ( 3677): [getProcessInfo] 1024 .personaltailor 
12-23 14:20:03.322 I/RTK_OMX_VDecoder( 2494): [.personaltailor] PID:3677 TID:25653
12-23 14:20:03.322 D/RTK_OMX_VDecoder( 2494): [0;32m#### decoder_set_parameter:2166 set VideoSearch I frame to 1 ######[m
12-23 14:20:03.322 D/ACodec  ( 3677): [0;35m In configureCodec:2524 setSearchIFrm index :0x6f800004 and send notify done [m
12-23 14:20:03.322 D/RTK_OMX_VDecoder( 2494): ********** enableAndroidNativeBuffers: true **********
12-23 14:20:03.322 D/RTK_OMX_VDecoder( 2494): In[decoder_get_parameter][2350]  param->nPortIndex:0
12-23 14:20:03.323 D/RTK_OMX_VDecoder( 2494): In[decoder_get_parameter][2350]  param->nPortIndex:0
12-23 14:20:03.323 D/RTK_OMX_VDecoder( 2494): In[decoder_get_parameter][2350]  param->nPortIndex:1
12-23 14:20:03.323 I/RTK_OMX_VDecoder( 2494): 2380 decoder_get_parameter: OutputPortDefinition: 1280x1440 fmt:50 org:50
12-23 14:20:03.323 D/RTK_OMX_VDecoder( 2494): [0;31mGET dec->out.def.nBufferCountMin:4[m
12-23 14:20:03.323 D/RTK_OMX_VDecoder( 2494): [0;31mGET dec->out.def.nBufferCountActual:4[m
12-23 14:20:03.323 D/RTK_OMX_VDecoder( 2494): [0;31mGET dec->out.nTempBufferCountActual:4[m
12-23 14:20:03.323 D/RTK_OMX_VDecoder( 2494): [0;31mGET dec->nMinOutputUndequeueCount:0[m
12-23 14:20:03.323 D/RTK_OMX_VDecoder( 2494): In[decoder_get_parameter][2750] getFrameRate 0.000000 
12-23 14:20:03.323 D/RTK_OMX_VDecoder( 2494): In[decoder_get_parameter][2776] getIsProg -1 
12-23 14:20:03.323 D/RTK_OMX_VDecoder( 2494): In[decoder_get_parameter][2782] getIsHdr -1 
12-23 14:20:03.324 D/RTK_OMX_VDecoder( 2494): In[decoder_get_parameter][2788] getIsMVC -1 
12-23 14:20:03.324 D/IJKMEDIA( 3677): SDL_AMediaCodecJava_start
12-23 14:20:03.325 D/RTK_OMX_VDecoder( 2494): In[decoder_get_parameter][2350]  param->nPortIndex:0
12-23 14:20:03.325 D/ACodec  ( 3677): [OMX.realtek.video.dec.avc] Allocating 3 buffers of size 3774873/3774873 (from 3774873 using Invalid) on input port
12-23 14:20:03.325 D/RTK_OMX_VDecoder( 2494): API: allocated buffer size:3774873 @physical addr:0x00000000 @logical addr:0xef7c0000 pid:2494 tid:3140
12-23 14:20:03.325 D/RTK_OMX_VDecoder( 2494): [0;32m ##  In decoder_allocate_buffer:1480 physical nPortIndex:Input address is 00000000 ionFd:-1 ionhdl:0 sharedFd:-1 buff:0xf64ea884 allocsize:3774873 ##[m
12-23 14:20:03.326 D/RTK_OMX_VDecoder( 2494): API: allocated buffer size:3774873 @physical addr:0x00000000 @logical addr:0xe9e80000 pid:2494 tid:2494
12-23 14:20:03.326 D/RTK_OMX_VDecoder( 2494): [0;32m ##  In decoder_allocate_buffer:1480 physical nPortIndex:Input address is 00000000 ionFd:-1 ionhdl:0 sharedFd:-1 buff:0xf64eadc4 allocsize:3774873 ##[m
12-23 14:20:03.326 D/RTK_OMX_VDecoder( 2494): API: allocated buffer size:3774873 @physical addr:0x00000000 @logical addr:0xea280000 pid:2494 tid:5385
12-23 14:20:03.326 D/RTK_OMX_VDecoder( 2494): [0;32m ##  In decoder_allocate_buffer:1480 physical nPortIndex:Input address is 00000000 ionFd:-1 ionhdl:0 sharedFd:-1 buff:0xf64ec644 allocsize:3774873 ##[m
12-23 14:20:03.326 D/RTK_OMX_VDecoder( 2494): In[decoder_get_parameter][2350]  param->nPortIndex:1
12-23 14:20:03.326 I/RTK_OMX_VDecoder( 2494): 2380 decoder_get_parameter: OutputPortDefinition: 1280x1440 fmt:50 org:50
12-23 14:20:03.326 D/RTK_OMX_VDecoder( 2494): [0;31mGET dec->out.def.nBufferCountMin:4[m
12-23 14:20:03.326 D/RTK_OMX_VDecoder( 2494): [0;31mGET dec->out.def.nBufferCountActual:4[m
12-23 14:20:03.326 D/RTK_OMX_VDecoder( 2494): [0;31mGET dec->out.nTempBufferCountActual:4[m
12-23 14:20:03.326 D/RTK_OMX_VDecoder( 2494): [0;31mGET dec->nMinOutputUndequeueCount:0[m
12-23 14:20:03.326 D/RTK_OMX_VDecoder( 2494): In[decoder_get_parameter][2350]  param->nPortIndex:1
12-23 14:20:03.326 I/RTK_OMX_VDecoder( 2494): 2380 decoder_get_parameter: OutputPortDefinition: 1280x1440 fmt:50 org:50
12-23 14:20:03.326 D/RTK_OMX_VDecoder( 2494): [0;31mGET dec->out.def.nBufferCountMin:4[m
12-23 14:20:03.326 D/RTK_OMX_VDecoder( 2494): [0;31mGET dec->out.def.nBufferCountActual:4[m
12-23 14:20:03.327 D/RTK_OMX_VDecoder( 2494): [0;31mGET dec->out.nTempBufferCountActual:4[m
12-23 14:20:03.327 D/RTK_OMX_VDecoder( 2494): [0;31mGET dec->nMinOutputUndequeueCount:0[m
12-23 14:20:03.327 D/SurfaceUtils( 3677): set up nativeWindow 0xdf721908 for 32x32, color 0x32, rotation 0, usage 0x2002b00
12-23 14:20:03.327 I/RTK_OMX_VDecoder( 2494): decoder_set_parameter: OutputPortDefinition: 1280x1440 fmt:50
12-23 14:20:03.327 D/RTK_OMX_VDecoder( 2494): [0;33mSET dec->out.def.nBufferCountMin:4[m
12-23 14:20:03.327 D/RTK_OMX_VDecoder( 2494): [0;33mSET dec->out.def.nBufferCountActual:9[m
12-23 14:20:03.327 D/RTK_OMX_VDecoder( 2494): [0;33mSET dec->out.nTempBufferCountActual:9[m
12-23 14:20:03.327 D/RTK_OMX_VDecoder( 2494): [0;33mSET dec->nMinOutputUndequeueCount:5[m
12-23 14:20:03.327 I/gralloc ( 2469): [alloc_backend_alloc] handle:0xec659c00 addr:0x10502e000 size:4096
12-23 14:20:03.329 I/gralloc ( 2469): [alloc_backend_alloc] handle:0xefd93700 addr:0x10502f000 size:4096
12-23 14:20:03.331 I/gralloc ( 2469): [alloc_backend_alloc] handle:0xec65c440 addr:0x105030000 size:4096
12-23 14:20:03.332 I/gralloc ( 2469): [alloc_backend_alloc] handle:0xec65d160 addr:0x105031000 size:4096
12-23 14:20:03.335 I/gralloc ( 2469): [alloc_backend_alloc] handle:0xefd94b20 addr:0x105032000 size:4096
12-23 14:20:03.337 I/gralloc ( 2469): [alloc_backend_alloc] handle:0xefd93700 addr:0x105033000 size:4096
12-23 14:20:03.339 I/gralloc ( 2469): [alloc_backend_alloc] handle:0xec65a220 addr:0x105034000 size:4096
12-23 14:20:03.341 I/gralloc ( 2469): [alloc_backend_alloc] handle:0xefd94b20 addr:0x105035000 size:4096
12-23 14:20:03.342 I/gralloc ( 2469): [alloc_backend_alloc] handle:0xec659a40 addr:0x105036000 size:4096
12-23 14:20:03.344 D/ACodec  ( 3677): --- In allocateOutputMetadataBuffers:1438 send back buffer count : 9 totalAllocBufferCount:9 ----
12-23 14:20:03.344 D/RTK_OMX_VDecoder( 2494): [0;32m#### decoder_set_parameter:2146 convertHandleT2Physical ######[m
12-23 14:20:03.344 D/RTK_OMX_VDecoder( 2494): In convertHandleT2Physical:7367, UseStoreMetaDataInBuffer:1 UseGrallocBuffer:1 nBufferCountActual:9
12-23 14:20:03.346 I/RTK_OMX_DEC_VIDEO( 2494): eCompressionFormat:7, bUseOutputBeDecoded:1, bUseProtectBuffer:0
12-23 14:20:03.346 D/RTK_OMX_DEC_VIDEO( 2494): In[RTKHwDecOmx_decoder_create_video][7404] create VDecDecodingThread success
12-23 14:20:03.346 I/RTK_OMX_DEC_VIDEO( 2494): In[RTKHwDecOmx_decoder_create_video][7438]  decoder_ext_decode_video with nHevcOutputMode:0
12-23 14:20:03.346 I/RTK_OMX_DEC_VIDEO( 2494): In[RTKHwDecOmx_decoder_create_video][7497] isRTKExtractor:0 nEnableDeInterlace:0 bSetSearchIFrm:1 bEnableTunnelMode:0 bIsThumbnail:0 scale_enable:0, wxh:1920x1088
12-23 14:20:03.346 D/RPCProxy( 2494): DispatchRPCRequest:58 rpc(programID=99 versionID=99) reg(programID=300 versionID=0)
12-23 14:20:03.346 D/RPCProxy( 2494): DispatchRPCRequest:58 rpc(programID=99 versionID=99) reg(programID=202 versionID=0)
12-23 14:20:03.346 D/RPCProxy( 2494): DispatchRPCRequest:52 dispatch for opt:7 program:99 version:99 procedure:0 task:0 tid:0 pid:0 size:72 context:8
12-23 14:20:03.346 I/VPUAPI  ( 2494): [0;31mpAttr->supportDecoders : 0x00000a9f, support_vtype : 0x00001a9f[m
12-23 14:20:03.346 I/RTK_OMX_DEC_VIDEO( 2494): VPU_Init success
12-23 14:20:03.346 I/RTK_OMX_DEC_VIDEO( 2494): vpu->instIdx : 2
12-23 14:20:03.346 I/RTK_OMX_DEC_VIDEO( 2494): 2 allocate bitstream buffer size = 4194304
12-23 14:20:03.347 I/VPUAPI  ( 2494): [VDI] vdi_attach_dma_memory, physaddr=0x7769000, virtaddr=0xe9981000, size=4194304, index=18
12-23 14:20:03.347 I/RTK_OMX_DEC_VIDEO( 2494): In[VDecAdjustDecOpenParam][2008]  eColorFormat:50
12-23 14:20:03.347 D/RPCProxy( 2494): DispatchRPCRequest:58 rpc(programID=99 versionID=99) reg(programID=300 versionID=0)
12-23 14:20:03.348 D/RPCProxy( 2494): DispatchRPCRequest:58 rpc(programID=99 versionID=99) reg(programID=202 versionID=0)
12-23 14:20:03.348 D/RPCProxy( 2494): DispatchRPCRequest:52 dispatch for opt:7 program:99 version:99 procedure:0 task:0 tid:0 pid:0 size:72 context:8
12-23 14:20:03.348 I/VPUAPI  ( 2494): [0;31mpAttr->supportDecoders : 0x00000a9f, support_vtype : 0x00001a9f[m
12-23 14:20:03.348 I/VPUAPI  ( 2494): [VDI] vdi_allocate_dma_memory, physaddr=0x7b69000, virtaddr=0xe9825000~0xe9981000, size=1425408
12-23 14:20:03.348 I/VPUAPI  ( 2494): [VDI]  Internal_vdi_get_rtk_clk_rate, 2815... coreIdx:0, clk_rate:459000000
12-23 14:20:03.348 D/ACodec  ( 3677): In allocateOutputMetadataBuffers:1449 notifyBufferAllocDone index :0x6f800004 and send notify done err:0 by using OMX_IndexParamConsumerUsageBits 
12-23 14:20:03.352 I/IJKMEDIA( 3677): reconfigure_codec_l:new acodec: 0xef819ce0
12-23 14:20:03.352 D/IJKMEDIA( 3677): SDL_AMediaCodec_increaseReference(): ref=2
12-23 14:20:03.353 I/IJKMEDIA( 3677): VideoCodec: MediaCodec, OMX.realtek.video.dec.avc
12-23 14:20:03.353 W/IJKMEDIA( 3677): fps: 25.000000 (normal)
12-23 14:20:03.353 W/IJKMEDIA( 3677): tbr: 25.000000 (normal)
12-23 14:20:03.353 D/IJKMEDIA( 3677): FFP_MSG_COMPONENT_OPEN:
12-23 14:20:03.353 D/IJKMEDIA( 3677): FFP_MSG_VIDEO_SIZE_CHANGED: 1280, 1440
12-23 14:20:03.353 D/IJKMEDIA( 3677): FFP_MSG_SAR_CHANGED: 0, 1
12-23 14:20:03.353 D/IJKMEDIA( 3677): ijkmp_get_msg: FFP_MSG_PREPARED
12-23 14:20:03.353 D/IJKMEDIA( 3677): FFP_MSG_PREPARED:
12-23 14:20:03.353 D/IJKMEDIA( 3677): IjkMediaPlayer_setLoopCount
12-23 14:20:03.353 D/IJKMEDIA( 3677): IjkMediaPlayer_setVolume
12-23 14:20:03.353 D/IJKMEDIA( 3677): ijkmp_android_set_volume(0.000000, 0.000000)
12-23 14:20:03.353 D/IJKMEDIA( 3677): ffpipeline_set_volume
12-23 14:20:03.353 D/IJKMEDIA( 3677): ijkmp_android_set_volume(0.000000, 0.000000)=void
