12-23 14:20:12.227 D/FROM_JNI( 3659): [2021/12/23 14:20:12.227][Debug][Cbb][km_xml_message.cpp:IsNeedDecry:668] head char8:0
12-23 14:20:12.230 I/GateWayHandler( 3829): handle gateway:B038
12-23 14:20:12.231 D/EnsureGatewayCommu( 3829): onMsgReceive cmdId : B038 - body : <?xml version="1.0" encoding="UTF-8"?><body roomip="192.168.96.77" taskid="1640240405952" terminaltype="1" outtype="1" msgtype="2" msgcontent="æ‰‹æœºå¾®ä¿¡ç‚¹æ­Œï¼Œå…³æ³¨â€œKç±³â€å…¬ä¼—å·ï¼Œå›žå¤ 4031820 ç‚¹æ­Œ" loop="1" duration="300" msgsubtype="20" msgfontcolor="0xffffff" iconname="" bg="shortcode_tip_bg.png" displayx="" displayy="" cid="" cname="" cpicurl="" msgsubcontent="" cmdid="B038" logid="21186572"/>
12-23 14:20:12.231 I/PostEvEventBusUtil( 3829): postGatewayProtocolRcvEvent
12-23 14:20:12.234 E/FROM_JNI( 3659): [2021/12/23 14:20:12.234][Error][Cbb][km_xml_message.cpp:GetHeadNodeAttr:238] doc.load error:
12-23 14:20:12.234 E/FROM_JNI( 3659): [2021/12/23 14:20:12.234][Error][Cbb][km_xml_message.cpp:GetHeadNodeAttr:238] doc.load error:
12-23 14:20:12.234 I/FROM_JNI( 3659): [2021/12/23 14:20:12.234][Info][Cbb][km_server_manage.cpp:GetUdpDestPort:310] GetUdpDestPort:9911
12-23 14:20:12.234 D/FROM_JNI( 3659): [2021/12/23 14:20:12.234][Debug][Cbb][km_message_commu_p.cpp:SendUdp:446] target ip:192.168.96.72 port:9911
12-23 14:20:12.234 D/FROM_JNI( 3659): [2021/12/23 14:20:12.234][Debug][Cbb][km_message_commu_p.cpp:SendUdp:447] snd:
12-23 14:20:12.234 D/FROM_JNI( 3659): [2021/12/23 14:20:12.234][Debug][Cbb][km_udp_client.cpp:SendPacket:170] send km udp size :0
12-23 14:20:12.235 I/KmTrigger( 3771): [ProtocolEventUpdater.java onNewEvent (80)] receive GW Protocol(But Ignore):ProtocolGWEvent:{cmdId=B038;value=<?xml version="1.0" encoding="UTF-8"?><body roomip="192.168.96.77" taskid="1640240405952" terminaltype="1" outtype="1" msgtype="2" msgcontent="æ‰‹æœºå¾®ä¿¡ç‚¹æ­Œï¼Œå…³æ³¨â€œKç±³â€å…¬ä¼—å·ï¼Œå›žå¤ 4031820 ç‚¹æ­Œ" loop="1" duration="300" msgsubtype="20" msgfontcolor="0xffffff" iconname="" bg="shortcode_tip_bg.png" displayx="" displayy="" cid="" cname="" cpicurl="" msgsubcontent="" cmdid="B038" logid="21186572"/>;userId=null;usrId=null;}
12-23 14:20:12.236 I/KmTrigger( 3771): [ProtocolEventUpdater.java onNewEvent (84)] receive GW Protocol(But Ignore):ProtocolGWEvent:{cmdId=B038;value=<?xml version="1.0" encoding="UTF-8"?><body roomip="192.168.96.77" taskid="1640240405952" terminaltype="1" outtype="1" msgtype="2" msgcontent="æ‰‹æœºå¾®ä¿¡ç‚¹æ­Œï¼Œå…³æ³¨â€œKç±³â€å…¬ä¼—å·ï¼Œå›žå¤ 4031820 ç‚¹æ­Œ" loop="1" duration="300" msgsubtype="20" msgfontcolor="0xffffff" iconname="" bg="shortcode_tip_bg.png" displayx="" displayy="" cid="" cname="" cpicurl="" msgsubcontent="" cmdid="B038" logid="21186572"/>;userId=null;usrId=null;}
12-23 14:20:12.237 D/handleTvPopMsg( 3829): Rcv.outtype:1  Rcv.msgtype:2  Rcv.roomip:192.168.96.77
12-23 14:20:12.239 D/KdroidConfig( 3829): query count = 1,NotDisturbMode:false
12-23 14:20:12.239 D/handleTvPopMsg( 3829): mIsOpenedNotDisturb = false
12-23 14:20:12.319 D/WSServer( 3771): [WSServer.java onMessage (68)] onMessage()ç½‘é¡µç«¯æ¥çš„æ¶ˆæ¯->ã€/127.0.0.1:52199ã€‘{"cmd":"heartbeat","connid":"homeplugin_1640160854070","body":{}}
12-23 14:20:12.319 I/KmTrigger( 3771): [WSServer.java updateHeartbeat (183)] update heartbeat,connid=homeplugin_1640160854070
12-23 14:20:12.322 D/ShowTipPopMsgBox( 3829): tryAcquire false
12-23 14:20:12.322 D/ShowTipPopMsgBox( 3829): tryAcquire must be true, now is true
12-23 14:20:12.323 D/FROM_JNI( 3659): [2021/12/23 14:20:12.323][Debug][Cbb][hot_move_file.cpp:HotMoveDownload:655] REMOTE(http://192.168.96.72:9266/stb/commoncfg///tv_msg_box_bg/shortcode_tip_bg.png),LOCAL(/sdcard/kdroid/tv_msg_box/shortcode_tip_bg.png)
12-23 14:20:12.326 D/FROM_JNI( 3659): [2021/12/23 14:20:12.326][Debug][Cbb][km_message_commu_p.cpp:GetRcvPackid:54] rcv a pack ,sessidid:
12-23 14:20:12.327 D/handleTvPopMsg( 3829): DownLoad nRet = 0 remotePath = http://192.168.96.72:9266/stb/commoncfg///tv_msg_box_bg/shortcode_tip_bg.png
12-23 14:20:12.333 D/FROM_JNI( 3659): [2021/12/23 14:20:12.333][Debug][Cbb][km_message_commu_p.cpp:GetRcvPackid:61] <message>
12-23 14:20:12.333 D/FROM_JNI( 3659):   <head packtype="19" sessionid=""/>
12-23 14:20:12.333 D/FROM_JNI( 3659): <body roomip="192.168.96.77"  taskid="1640240405624"  terminaltype="1"  outtype="1"  msgtype="2"  msgcontent="æ‰‹æœºå¾®ä¿¡ç‚¹æ­Œï¼Œå…³æ³¨â€œKç±³â€å…¬ä¼—å·ï¼Œå›žå¤&#x0020;4071820&#x0020;ç‚¹æ­Œ"  loop="1"  duration="300"  msgsubtype="20"  msgfontcolor="0xffffff"  iconname=""  bg="shortcode_tip_bg.png"  displayx=""  displayy=""  cid=""  cname=""  cpicurl=""  msgsubcontent=""  cmdid="B038"  logid="21186573"  />
12-23 14:20:12.333 D/FROM_JNI( 3659): </message>
12-23 14:20:12.333 D/handleTvPopMsg( 3829): DownLoad nRet = -2 remotePath = http://192.168.96.72:9266/stb/commoncfg///tv_msg_box_bg/
12-23 14:20:12.333 D/FROM_JNI( 3659): [2021/12/23 14:20:12.333][Debug][Cbb][km_message_commu_p.cpp:OnUdpClientRcv:38] bei dong bao
12-23 14:20:12.339 D/handleTvPopMsg( 3829): Color:#ffffff
12-23 14:20:12.339 D/sendBlessPopResult( 3829):  sendMsg errorCode : 0 errormsg : å‘é€æˆåŠŸ!
12-23 14:20:12.340 D/FROM_JNI( 3659): [2021/12/23 14:20:12.340][Debug][Cbb][km_xml_message.cpp:IsNeedDecry:668] head char8:0
12-23 14:20:12.342 I/GateWayHandler( 3829): handle gateway:B038
12-23 14:20:12.342 D/FROM_JNI( 3659): [2021/12/23 14:20:12.342][Debug][Cbb][km_xml_message.cpp:SetBody:141] <message>
12-23 14:20:12.342 D/FROM_JNI( 3659): <head packtype="21" fromip="192.168.96.77" version="10.5.0.b10" sessionid="11933" toip="192.168.96.72" roomname="1004" roomid="1004" stbip="192.168.96.77" roomopentime="20211220150817" stbproductid="54f6c5e31aa3" />
12-23 14:20:12.342 D/FROM_JNI( 3659): <body cmdid="T216" type="0" logid="21186572" errorcode="0" errormessage="å‘é€æˆåŠŸ!" roomname="1004" roomid="1004" stbip="192.168.96.77" roomopentime="20211220150817" stbproductid="54f6c5e31aa3" clientsessionid="11933" clientip="192.168.96.77" />
12-23 14:20:12.342 D/FROM_JNI( 3659): </message>
12-23 14:20:12.342 D/FROM_JNI( 3659): 
12-23 14:20:12.343 I/FROM_JNI( 3659): [2021/12/23 14:20:12.343][Info][Cbb][km_server_manage.cpp:GetUdpDestPort:310] GetUdpDestPort:9911
12-23 14:20:12.343 D/EnsureGatewayCommu( 3829): onMsgReceive cmdId : B038 - body : <?xml version="1.0" encoding="UTF-8"?><body roomip="192.168.96.77" taskid="1640240405624" terminaltype="1" outtype="1" msgtype="2" msgcontent="æ‰‹æœºå¾®ä¿¡ç‚¹æ­Œï¼Œå…³æ³¨â€œKç±³â€å…¬ä¼—å·ï¼Œå›žå¤ 4071820 ç‚¹æ­Œ" loop="1" duration="300" msgsubtype="20" msgfontcolor="0xffffff" iconname="" bg="shortcode_tip_bg.png" displayx="" displayy="" cid="" cname="" cpicurl="" msgsubcontent="" cmdid="B038" logid="21186573"/>
12-23 14:20:12.343 I/PostEvEventBusUtil( 3829): postGatewayProtocolRcvEvent
12-23 14:20:12.345 E/FROM_JNI( 3659): [2021/12/23 14:20:12.345][Error][Cbb][km_xml_message.cpp:GetHeadNodeAttr:238] doc.load error:
12-23 14:20:12.346 E/FROM_JNI( 3659): [2021/12/23 14:20:12.346][Error][Cbb][km_xml_message.cpp:GetHeadNodeAttr:238] doc.load error:
12-23 14:20:12.346 I/FROM_JNI( 3659): [2021/12/23 14:20:12.346][Info][Cbb][km_server_manage.cpp:GetUdpDestPort:310] GetUdpDestPort:9911
12-23 14:20:12.346 D/FROM_JNI( 3659): [2021/12/23 14:20:12.346][Debug][Cbb][km_message_commu_p.cpp:SendUdp:446] target ip:192.168.96.72 port:9911
12-23 14:20:12.346 D/FROM_JNI( 3659): [2021/12/23 14:20:12.346][Debug][Cbb][km_message_commu_p.cpp:SendUdp:447] snd:
12-23 14:20:12.346 D/FROM_JNI( 3659): [2021/12/23 14:20:12.346][Debug][Cbb][km_udp_client.cpp:SendPacket:170] send km udp size :0
12-23 14:20:12.346 I/KmTrigger( 3771): [ProtocolEventUpdater.java onNewEvent (80)] receive GW Protocol(But Ignore):ProtocolGWEvent:{cmdId=B038;value=<?xml version="1.0" encoding="UTF-8"?><body roomip="192.168.96.77" taskid="1640240405624" terminaltype="1" outtype="1" msgtype="2" msgcontent="æ‰‹æœºå¾®ä¿¡ç‚¹æ­Œï¼Œå…³æ³¨â€œKç±³â€å…¬ä¼—å·ï¼Œå›žå¤ 4071820 ç‚¹æ­Œ" loop="1" duration="300" msgsubtype="20" msgfontcolor="0xffffff" iconname="" bg="shortcode_tip_bg.png" displayx="" displayy="" cid="" cname="" cpicurl="" msgsubcontent="" cmdid="B038" logid="21186573"/>;userId=null;usrId=null;}
12-23 14:20:12.348 I/KmTrigger( 3771): [ProtocolEventUpdater.java onNewEvent (84)] receive GW Protocol(But Ignore):ProtocolGWEvent:{cmdId=B038;value=<?xml version="1.0" encoding="UTF-8"?><body roomip="192.168.96.77" taskid="1640240405624" terminaltype="1" outtype="1" msgtype="2" msgcontent="æ‰‹æœºå¾®ä¿¡ç‚¹æ­Œï¼Œå…³æ³¨â€œKç±³â€å…¬ä¼—å·ï¼Œå›žå¤ 4071820 ç‚¹æ­Œ" loop="1" duration="300" msgsubtype="20" msgfontcolor="0xffffff" iconname="" bg="shortcode_tip_bg.png" displayx="" displayy="" cid="" cname="" cpicurl="" msgsubcontent="" cmdid="B038" logid="21186573"/>;userId=null;usrId=null;}
12-23 14:20:12.348 D/handleTvPopMsg( 3829): Rcv.outtype:1  Rcv.msgtype:2  Rcv.roomip:192.168.96.77
12-23 14:20:12.353 D/KdroidConfig( 3829): query count = 1,NotDisturbMode:false
12-23 14:20:12.353 V/EvLog   ( 3829): [RedPacketTimingView.java::onMeasure::146]setMeasure(214,273)
12-23 14:20:12.354 D/handleTvPopMsg( 3829): mIsOpenedNotDisturb = false
12-23 14:20:12.537 I/chromium( 3941): [INFO:CONSOLE(36)] "[KMSplit:kmtvgame:28626] [OpenJS] recv data: {"cmdid":"keepAlive","sessionid":1000,"tvgameid":"dicegame"}", source: http://192.168.96.40:81/KMGame/public/split/dist/bundle.js?a4f58a91a09970ad7268 (36)
12-23 14:20:12.538 I/chromium( 3941): [INFO:CONSOLE(36)] "[KMSplit:kmtvgame:28626] [OpenJS] recv resp: {"cmdid":"cb_keepAlive","sessionid":1000,"errorcode":"0","errormessage":"success","data":{}}", source: http://192.168.96.40:81/KMGame/public/split/dist/bundle.js?a4f58a91a09970ad7268 (36)
12-23 14:20:12.540 D/ShowTipPopMsgBox( 3829): tryAcquire false
12-23 14:20:12.540 D/ShowTipPopMsgBox( 3829): tryAcquire must be true, now is true
12-23 14:20:12.541 D/FROM_JNI( 3659): [2021/12/23 14:20:12.541][Debug][Cbb][hot_move_file.cpp:HotMoveDownload:655] REMOTE(http://192.168.96.72:9266/stb/commoncfg///tv_msg_box_bg/shortcode_tip_bg.png),LOCAL(/sdcard/kdroid/tv_msg_box/shortcode_tip_bg.png)
12-23 14:20:12.544 I/chromium( 3941): [INFO:CONSOLE(22)] "--------trigger request keepAlive--------", source: http://192.168.96.40:81/Vod/public/Vod/common/js/toVodApi.js?ver=14 (22)
12-23 14:20:12.544 I/chromium( 3941): [INFO:CONSOLE(36)] "[KMSplit:kmtvgame:28626] [OpenJS] recv data: {"cmdid":"keepAlive","sessionid":1000,"data":{},"tvgameid":"smartscreen"}", source: http://192.168.96.40:81/KMGame/public/split/dist/bundle.js?a4f58a91a09970ad7268 (36)
12-23 14:20:12.544 I/chromium( 3941): [INFO:CONSOLE(36)] "[KMSplit:kmtvgame:28626] [OpenJS] recv resp: {"cmdid":"cb_keepAlive","sessionid":1000,"errorcode":"0","errormessage":"success","data":{}}", source: http://192.168.96.40:81/KMGame/public/split/dist/bundle.js?a4f58a91a09970ad7268 (36)
12-23 14:20:12.545 I/chromium( 3941): [INFO:CONSOLE(45)] "[object Object]", source: http://192.168.96.40:81/Vod/public/Vod/common/js/toVodApi.js?ver=14 (45)
12-23 14:20:12.545 I/chromium( 3941): [INFO:CONSOLE(49)] "--------recv:cb_keepAlive--------", source: http://192.168.96.40:81/Vod/public/Vod/common/js/toVodApi.js?ver=14 (49)
12-23 14:20:12.546 D/handleTvPopMsg( 3829): DownLoad nRet = 0 remotePath = http://192.168.96.72:9266/stb/commoncfg///tv_msg_box_bg/shortcode_tip_bg.png
12-23 14:20:12.556 D/handleTvPopMsg( 3829): DownLoad nRet = -2 remotePath = http://192.168.96.72:9266/stb/commoncfg///tv_msg_box_bg/
12-23 14:20:12.604 D/FROM_JNI( 3659): [2021/12/23 14:20:12.604][Debug][Cbb][km_message_commu_p.cpp:GetRcvPackid:54] rcv a pack ,sessidid:11933
12-23 14:20:12.605 D/FROM_JNI( 3659): [2021/12/23 14:20:12.604][Debug][Cbb][km_message_commu_p.cpp:GetRcvPackid:61] <message>
12-23 14:20:12.605 D/FROM_JNI( 3659):   <head packtype="" sessionid="11933"/>
12-23 14:20:12.605 D/FROM_JNI( 3659): <body cmdid="T217"  errorcode="0"  errormessage="success"  clientsessionid="11933"  clientip="192.168.96.77"  get_integral="0"  />
12-23 14:20:12.605 D/FROM_JNI( 3659): </message>
12-23 14:20:12.605 D/FROM_JNI( 3659): [2021/12/23 14:20:12.605][Debug][Cbb][km_xml_message.cpp:IsNeedDecry:668] head char8:0
12-23 14:20:12.606 D/handleTvPopMsg( 3829): Color:#ffffff
12-23 14:20:12.606 D/sendBlessPopResult( 3829):  sendMsg errorCode : 0 errormsg : å‘é€æˆåŠŸ!
12-23 14:20:12.608 V/EvLog   ( 3829): [RedPacketTimingView.java::onMeasure::146]setMeasure(214,273)
12-23 14:20:12.614 D/FROM_JNI( 3659): [2021/12/23 14:20:12.614][Debug][Cbb][km_xml_message.cpp:SetBody:141] <message>
12-23 14:20:12.614 D/FROM_JNI( 3659): <head packtype="21" fromip="192.168.96.77" version="10.5.0.b10" sessionid="11934" toip="192.168.96.72" roomname="1004" roomid="1004" stbip="192.168.96.77" roomopentime="20211220150817" stbproductid="54f6c5e31aa3" />
12-23 14:20:12.614 D/FROM_JNI( 3659): <body cmdid="T216" type="0" logid="21186573" errorcode="0" errormessage="å‘é€æˆåŠŸ!" roomname="1004" roomid="1004" stbip="192.168.96.77" roomopentime="20211220150817" stbproductid="54f6c5e31aa3" clientsessionid="11934" clientip="192.168.96.77" />
12-23 14:20:12.614 D/FROM_JNI( 3659): </message>
12-23 14:20:12.614 D/FROM_JNI( 3659): 
12-23 14:20:12.614 I/FROM_JNI( 3659): [2021/12/23 14:20:12.614][Info][Cbb][km_server_manage.cpp:GetUdpDestPort:310] GetUdpDestPort:9911
12-23 14:20:12.711 E/OMXNodeInstance( 2494): !!! Observer died. Quickly, do something, ... anything...
12-23 14:20:12.731 D/SurfaceFlinger( 2469): display [scrcpy] removed
12-23 14:20:12.748 I/chromium( 3941): [INFO:CONSOLE(22)] "--------trigger request keepAlive--------", source: http://192.168.96.40:81/Vod/public/Vod/common/js/toVodApi.js?ver=14 (22)
12-23 14:20:12.749 I/chromium( 3941): [INFO:CONSOLE(36)] "[KMSplit:kmtvgame:28626] [OpenJS] recv data: {"cmdid":"keepAlive","sessionid":1000,"data":{},"tvgameid":"smartscreen"}", source: http://192.168.96.40:81/KMGame/public/split/dist/bundle.js?a4f58a91a09970ad7268 (36)
12-23 14:20:12.749 I/chromium( 3941): [INFO:CONSOLE(36)] "[KMSplit:kmtvgame:28626] [OpenJS] recv resp: {"cmdid":"cb_keepAlive","sessionid":1000,"errorcode":"0","errormessage":"success","data":{}}", source: http://192.168.96.40:81/KMGame/public/split/dist/bundle.js?a4f58a91a09970ad7268 (36)
12-23 14:20:12.752 I/chromium( 3941): [INFO:CONSOLE(45)] "[object Object]", source: http://192.168.96.40:81/Vod/public/Vod/common/js/toVodApi.js?ver=14 (45)
12-23 14:20:12.752 I/chromium( 3941): [INFO:CONSOLE(49)] "--------recv:cb_keepAlive--------", source: http://192.168.96.40:81/Vod/public/Vod/common/js/toVodApi.js?ver=14 (49)
12-23 14:20:12.806 I/chromium( 3941): [INFO:CONSOLE(36)] "[KMSplit:kmtvgame:28626] [OpenJS] recv data: {"cmdid":"keepAlive","sessionid":1000,"tvgameid":"dicegame"}", source: http://192.168.96.40:81/KMGame/public/split/dist/bundle.js?a4f58a91a09970ad7268 (36)
12-23 14:20:12.806 I/chromium( 3941): [INFO:CONSOLE(36)] "[KMSplit:kmtvgame:28626] [OpenJS] recv resp: {"cmdid":"cb_keepAlive","sessionid":1000,"errorcode":"0","errormessage":"success","data":{}}", source: http://192.168.96.40:81/KMGame/public/split/dist/bundle.js?a4f58a91a09970ad7268 (36)
12-23 14:20:12.813 W/GraphicBufferSource( 2494): Dropped back down to Loaded without Executing
12-23 14:20:12.824 I/VPUAPI  ( 2494): [VDI] vdi_free_dma_memory, physaddr=0x5ef7000, virtaddr=0xf1ba4000, size=81920
12-23 14:20:12.824 I/VPUAPI  ( 2494): [VDI] vdi_free_dma_memory, physaddr=0x5df7000, virtaddr=0xee115000, size=1048576
12-23 14:20:12.824 I/VPUAPI  ( 2494): [VDI] vdi_dettach_dma_memory, physaddr=0x5f0b000, virtaddr=0x0, size=2359296, index=15
12-23 14:20:12.825 I/VPUAPI  ( 2494): [VDI] vdi_dettach_dma_memory, physaddr=0x638b000, virtaddr=0x0, size=1382400, index=17
12-23 14:20:12.826 I/VPUAPI  ( 2494): [VDI] vdi_dettach_dma_memory, physaddr=0x614b000, virtaddr=0x0, size=2359296, index=16
12-23 14:20:12.851 D/FROM_JNI( 3659): [2021/12/23 14:20:12.851][Debug][Cbb][km_message_commu_p.cpp:GetRcvPackid:54] rcv a pack ,sessidid:11934
12-23 14:20:12.851 D/FROM_JNI( 3659): [2021/12/23 14:20:12.851][Debug][Cbb][km_message_commu_p.cpp:GetRcvPackid:61] <message>
12-23 14:20:12.851 D/FROM_JNI( 3659):   <head packtype="" sessionid="11934"/>
12-23 14:20:12.851 D/FROM_JNI( 3659): <body cmdid="T217"  errorcode="0"  errormessage="success"  clientsessionid="11934"  clientip="192.168.96.77"  get_integral="0"  />
12-23 14:20:12.851 D/FROM_JNI( 3659): </message>
12-23 14:20:12.851 D/FROM_JNI( 3659): [2021/12/23 14:20:12.851][Debug][Cbb][km_xml_message.cpp:IsNeedDecry:668] head char8:0
12-23 14:20:12.922 D/RTK_OMX_VEncoder( 2494): ASYNC: got CMD_EXIT_LOOP
12-23 14:20:12.978 E/EvLog   ( 3829): [TCPClient.java::sendMessage::65]send message failed
12-23 14:20:12.978 V/EvLog   ( 3829): [KankanClient.java::testEnable::155]inform connect timeout 79594
12-23 14:20:12.978 I/EvLog   ( 3829): [KankanClient.java::testEnable::177]Kankan Enable false
12-23 14:20:13.235 I/chromium( 3941): [INFO:CONSOLE(36)] "[KMSplit:kmtvgame:28626] [OpenJS] recv data: {"cmdid":"keepAlive","sessionid":1000,"tvgameid":"dicegame"}", source: http://192.168.96.40:81/KMGame/public/split/dist/bundle.js?a4f58a91a09970ad7268 (36)
12-23 14:20:13.236 I/chromium( 3941): [INFO:CONSOLE(36)] "[KMSplit:kmtvgame:28626] [OpenJS] recv resp: {"cmdid":"cb_keepAlive","sessionid":1000,"errorcode":"0","errormessage":"success","data":{}}", source: http://192.168.96.40:81/KMGame/public/split/dist/bundle.js?a4f58a91a09970ad7268 (36)
12-23 14:20:13.360 I/chromium( 3941): [INFO:CONSOLE(36)] "[KMSplit:kmtvgame:28626] [OpenJS] recv data: {"cmdid":"keepAlive","sessionid":1000,"tvgameid":"dicegame"}", source: http://192.168.96.40:81/KMGame/public/split/dist/bundle.js?a4f58a91a09970ad7268 (36)
12-23 14:20:13.360 I/chromium( 3941): [INFO:CONSOLE(36)] "[KMSplit:kmtvgame:28626] [OpenJS] recv resp: {"cmdid":"cb_keepAlive","sessionid":1000,"errorcode":"0","errormessage":"success","data":{}}", source: http://192.168.96.40:81/KMGame/public/split/dist/bundle.js?a4f58a91a09970ad7268 (36)
12-23 14:20:13.546 D/win-SomeTimeUtil( 4166): reallySleep end 600
12-23 14:20:13.546 D/win-SomeTimeUtil( 4166): reallySleep begin 20
12-23 14:20:13.790 I/FROM_JNI( 4257): [2021/12/23 14:20:13.789][Info][Cbb][NewTimeAxis.cpp:ShouldRecompute:196] ShouldRecompute
12-23 14:20:13.790 I/FROM_JNI( 4257): [2021/12/23 14:20:13.790][Info][Cbb][NewTimeAxis.cpp:ShouldRecompute:196] ShouldRecompute
12-23 14:20:13.986 D/IJKMEDIA( 3677): FFP_MSG_BUFFERING_START:
12-23 14:20:14.207 D/IJKMEDIA( 3677): ijkmp_get_msg: FFP_MSG_SEEK_COMPLETE
12-23 14:20:14.207 D/IJKMEDIA( 3677): FFP_MSG_SEEK_COMPLETE:
12-23 14:20:14.305 D/IJKMEDIA( 3677): SDL_AMediaCodecJava_flush
12-23 14:20:14.305 I/RTK_OMX_DEC_VIDEO( 2494): In[decoder_flush_video][5414]  pVpu->bWaitOutputFlushDone:0
12-23 14:20:14.306 I/RTK_OMX_DEC_VIDEO( 2494): In[decoder_flush_video][5429]  pVpu->bWaitInputFlushDone:1, int_reason:0
12-23 14:20:14.307 W/RTK_OMX_DEC_VIDEO( 2494): In[decoder_flush_video][5453] WAIT pThreadDec 
12-23 14:20:14.308 I/RTK_OMX_DEC_VIDEO( 2494): In[decoder_flush_video][5594]  video output flush done, timeout_cnt:5000
12-23 14:20:14.308 I/RTK_OMX_DEC_VIDEO( 2494): In[decoder_flush_video][5425]  video input flush done, timeout_cnt:4997
12-23 14:20:14.325 D/RTK_OMX_DEC_VIDEO( 2494): [OMX_VDEC] search I....,indexFrameDecoded: 6, picType: 5(6)
12-23 14:20:14.325 D/RTK_OMX_DEC_VIDEO( 2494): [OMX_VDEC] got I frame!! 5
12-23 14:20:14.362 D/RTK_OMX_DEC_VIDEO( 2494): [OMX_VDEC] DropAndWaitDispIFrm, got I, idx:6!!
12-23 14:20:14.417 D/IJKMEDIA( 3677): FFP_MSG_BUFFERING_END:
12-23 14:20:14.427 D/IJKMEDIA( 3677): FFP_MSG_VIDEO_SEEK_RENDERING_START:
12-23 14:20:14.597 I/chromium( 3941): [INFO:CONSOLE(36)] "[KMSplit:kmtvgame:28626] [OpenJS] recv data: {"cmdid":"keepAlive","sessionid":1000,"tvgameid":"dicegame"}", source: http://192.168.96.40:81/KMGame/public/split/dist/bundle.js?a4f58a91a09970ad7268 (36)
12-23 14:20:14.597 I/chromium( 3941): [INFO:CONSOLE(36)] "[KMSplit:kmtvgame:28626] [OpenJS] recv resp: {"cmdid":"cb_keepAlive","sessionid":1000,"errorcode":"0","errormessage":"success","data":{}}", source: http://192.168.96.40:81/KMGame/public/split/dist/bundle.js?a4f58a91a09970ad7268 (36)
12-23 14:20:14.643 I/chromium( 3941): [INFO:CONSOLE(22)] "--------trigger request keepAlive--------", source: http://192.168.96.40:81/Vod/public/Vod/common/js/toVodApi.js?ver=14 (22)
12-23 14:20:14.644 I/chromium( 3941): [INFO:CONSOLE(36)] "[KMSplit:kmtvgame:28626] [OpenJS] recv data: {"cmdid":"keepAlive","sessionid":1000,"data":{},"tvgameid":"smartscreen"}", source: http://192.168.96.40:81/KMGame/public/split/dist/bundle.js?a4f58a91a09970ad7268 (36)
12-23 14:20:14.645 I/chromium( 3941): [INFO:CONSOLE(36)] "[KMSplit:kmtvgame:28626] [OpenJS] recv resp: {"cmdid":"cb_keepAlive","sessionid":1000,"errorcode":"0","errormessage":"success","data":{}}", source: http://192.168.96.40:81/KMGame/public/split/dist/bundle.js?a4f58a91a09970ad7268 (36)
12-23 14:20:14.646 I/chromium( 3941): [INFO:CONSOLE(45)] "[object Object]", source: http://192.168.96.40:81/Vod/public/Vod/common/js/toVodApi.js?ver=14 (45)
12-23 14:20:14.646 I/chromium( 3941): [INFO:CONSOLE(49)] "--------recv:cb_keepAlive--------", source: http://192.168.96.40:81/Vod/public/Vod/common/js/toVodApi.js?ver=14 (49)
12-23 14:20:14.778 I/chromium( 3941): [INFO:CONSOLE(22)] "--------trigger request keepAlive--------", source: http://192.168.96.40:81/Vod/public/Vod/common/js/toVodApi.js?ver=14 (22)
12-23 14:20:14.778 I/chromium( 3941): [INFO:CONSOLE(36)] "[KMSplit:kmtvgame:28626] [OpenJS] recv data: {"cmdid":"keepAlive","sessionid":1000,"data":{},"tvgameid":"smartscreen"}", source: http://192.168.96.40:81/KMGame/public/split/dist/bundle.js?a4f58a91a09970ad7268 (36)
12-23 14:20:14.779 I/chromium( 3941): [INFO:CONSOLE(36)] "[KMSplit:kmtvgame:28626] [OpenJS] recv resp: {"cmdid":"cb_keepAlive","sessionid":1000,"errorcode":"0","errormessage":"success","data":{}}", source: http://192.168.96.40:81/KMGame/public/split/dist/bundle.js?a4f58a91a09970ad7268 (36)
12-23 14:20:14.779 I/chromium( 3941): [INFO:CONSOLE(45)] "[object Object]", source: http://192.168.96.40:81/Vod/public/Vod/common/js/toVodApi.js?ver=14 (45)
12-23 14:20:14.780 I/chromium( 3941): [INFO:CONSOLE(49)] "--------recv:cb_keepAlive--------", source: http://192.168.96.40:81/Vod/public/Vod/common/js/toVodApi.js?ver=14 (49)
12-23 14:20:16.303 I/chromium( 3941): [INFO:CONSOLE(36)] "[KMSplit:kmtvgame:28626] [OpenJS] recv data: {"cmdid":"keepAlive","sessionid":1000,"tvgameid":"dicegame"}", source: http://192.168.96.40:81/KMGame/public/split/dist/bundle.js?a4f58a91a09970ad7268 (36)
12-23 14:20:16.303 I/chromium( 3941): [INFO:CONSOLE(36)] "[KMSplit:kmtvgame:28626] [OpenJS] recv resp: {"cmdid":"cb_keepAlive","sessionid":1000,"errorcode":"0","errormessage":"success","data":{}}", source: http://192.168.96.40:81/KMGame/public/split/dist/bundle.js?a4f58a91a09970ad7268 (36)
12-23 14:20:16.818 D/WSServer( 3771): [WSServer.java onMessage (68)] onMessage()ç½‘é¡µç«¯æ¥çš„æ¶ˆæ¯->ã€/127.0.0.1:52199ã€‘{"cmd":"heartbeat","connid":"homeplugin_1640160854070","body":{}}
12-23 14:20:16.819 I/KmTrigger( 3771): [WSServer.java updateHeartbeat (183)] update heartbeat,connid=homeplugin_1640160854070
12-23 14:20:17.280 V/EnsureGatewayCommu( 3829): MSG_CLOUD_SONG_UPDATE
12-23 14:20:17.387 D/win-ViewOfLeft( 4315): refreshDone
12-23 14:20:17.387 D/win-Pa-Spe-Lef( 4315): getIconList Special has not data.
12-23 14:20:17.387 D/win-Pa-Com-Lef( 4315): getIconList Common has not data.
12-23 14:20:17.389 D/win-ViewOfLeft( 4315): theOne is null
12-23 14:20:17.389 D/win-ViewOfLeft( 4315): temp true lastShow true
12-23 14:20:17.546 I/chromium( 3941): [INFO:CONSOLE(22)] "--------trigger request keepAlive--------", source: http://192.168.96.40:81/Vod/public/Vod/common/js/toVodApi.js?ver=14 (22)
12-23 14:20:17.546 I/chromium( 3941): [INFO:CONSOLE(36)] "[KMSplit:kmtvgame:28626] [OpenJS] recv data: {"cmdid":"keepAlive","sessionid":1000,"data":{},"tvgameid":"smartscreen"}", source: http://192.168.96.40:81/KMGame/public/split/dist/bundle.js?a4f58a91a09970ad7268 (36)
12-23 14:20:17.546 I/chromium( 3941): [INFO:CONSOLE(36)] "[KMSplit:kmtvgame:28626] [OpenJS] recv resp: {"cmdid":"cb_keepAlive","sessionid":1000,"errorcode":"0","errormessage":"success","data":{}}", source: http://192.168.96.40:81/KMGame/public/split/dist/bundle.js?a4f58a91a09970ad7268 (36)
12-23 14:20:17.546 I/chromium( 3941): [INFO:CONSOLE(45)] "[object Object]", source: http://192.168.96.40:81/Vod/public/Vod/common/js/toVodApi.js?ver=14 (45)
12-23 14:20:17.546 I/chromium( 3941): [INFO:CONSOLE(49)] "--------recv:cb_keepAlive--------", source: http://192.168.96.40:81/Vod/public/Vod/common/js/toVodApi.js?ver=14 (49)
12-23 14:20:17.714 V/FFUDPClient( 3829): sendmsg[:9001] <message><body cmdid="A001"></body></message>ï¿½ï¿½
12-23 14:20:17.748 I/chromium( 3941): [INFO:CONSOLE(22)] "--------trigger request keepAlive--------", source: http://192.168.96.40:81/Vod/public/Vod/common/js/toVodApi.js?ver=14 (22)
12-23 14:20:17.749 I/chromium( 3941): [INFO:CONSOLE(36)] "[KMSplit:kmtvgame:28626] [OpenJS] recv data: {"cmdid":"keepAlive","sessionid":1000,"data":{},"tvgameid":"smartscreen"}", source: http://192.168.96.40:81/KMGame/public/split/dist/bundle.js?a4f58a91a09970ad7268 (36)
12-23 14:20:17.750 I/chromium( 3941): [INFO:CONSOLE(36)] "[KMSplit:kmtvgame:28626] [OpenJS] recv resp: {"cmdid":"cb_keepAlive","sessionid":1000,"errorcode":"0","errormessage":"success","data":{}}", source: http://192.168.96.40:81/KMGame/public/split/dist/bundle.js?a4f58a91a09970ad7268 (36)
12-23 14:20:17.751 I/chromium( 3941): [INFO:CONSOLE(45)] "[object Object]", source: http://192.168.96.40:81/Vod/public/Vod/common/js/toVodApi.js?ver=14 (45)
12-23 14:20:17.751 I/chromium( 3941): [INFO:CONSOLE(49)] "--------recv:cb_keepAlive--------", source: http://192.168.96.40:81/Vod/public/Vod/common/js/toVodApi.js?ver=14 (49)
12-23 14:20:17.996 I/chromium( 3941): [INFO:CONSOLE(36)] "[KMSplit:kmtvgame:28626] [OpenJS] recv data: {"cmdid":"keepAlive","sessionid":1000,"tvgameid":"dicegame"}", source: http://192.168.96.40:81/KMGame/public/split/dist/bundle.js?a4f58a91a09970ad7268 (36)
12-23 14:20:17.996 I/chromium( 3941): [INFO:CONSOLE(36)] "[KMSplit:kmtvgame:28626] [OpenJS] recv resp: {"cmdid":"cb_keepAlive","sessionid":1000,"errorcode":"0","errormessage":"success","data":{}}", source: http://192.168.96.40:81/KMGame/public/split/dist/bundle.js?a4f58a91a09970ad7268 (36)
12-23 14:20:18.043 V/RoomStatusQueryService( 4137): getServerRoomStatus,ret0
12-23 14:20:18.043 V/RoomStatusQueryService( 4137): getServerRoomStatus,htState.bInUse:true
12-23 14:20:18.652 I/EvLog   ( 3829): [NetLiveData.java::handleMessage::384]update netlive list
12-23 14:20:18.655 D/FROM_JNI( 3659): [2021/12/23 14:20:18.655][Debug][Cbb][km_xml_message.cpp:SetBody:141] <message>
12-23 14:20:18.655 D/FROM_JNI( 3659): <head packtype="21" fromip="192.168.96.77" version="10.5.0.b10" sessionid="11935" toip="192.168.96.72" roomname="1004" roomid="1004" stbip="192.168.96.77" roomopentime="20211220150817" stbproductid="54f6c5e31aa3" />
12-23 14:20:18.655 D/FROM_JNI( 3659): <body cmdid="B200" urltype="18" />
12-23 14:20:18.655 D/FROM_JNI( 3659): </message>
12-23 14:20:18.655 D/FROM_JNI( 3659): 
12-23 14:20:18.655 I/FROM_JNI( 3659): [2021/12/23 14:20:18.655][Info][Cbb][km_server_manage.cpp:GetUdpDestPort:310] GetUdpDestPort:9911
12-23 14:20:19.108 D/FROM_JNI( 3659): [2021/12/23 14:20:19.108][Debug][Cbb][km_message_commu_p.cpp:GetRcvPackid:54] rcv a pack ,sessidid:11935
12-23 14:20:19.108 D/FROM_JNI( 3659): [2021/12/23 14:20:19.108][Debug][Cbb][km_message_commu_p.cpp:GetRcvPackid:61] <message>
12-23 14:20:19.108 D/FROM_JNI( 3659):   <head packtype="12" sessionid="11935"/>
12-23 14:20:19.108 D/FROM_JNI( 3659): <body cmdid="B201" errormessage="" urltype="18" url="http://192.168.96.72:9266/stb/networklive/liveconfig.xml" timestamp="2112151611" errorcode="0" filename="/evideoktv/download/stb/networklive/liveconfig.xml"/>
12-23 14:20:19.108 D/FROM_JNI( 3659): </message>
12-23 14:20:19.109 D/FROM_JNI( 3659): [2021/12/23 14:20:19.108][Debug][Cbb][km_xml_message.cpp:IsNeedDecry:668] head char8:0
12-23 14:20:19.112 D/FROM_JNI( 3659): [2021/12/23 14:20:19.112][Debug][Cbb][hot_move_file.cpp:HotMoveDownload:655] REMOTE(http://192.168.96.72:9266/stb/networklive/liveconfig.xml),LOCAL(/sdcard/kdroid/tmp/networklive.xml)
12-23 14:20:19.193 D/ROOMDATE_DATAMODULE( 4365): checkForInternet
12-23 14:20:19.195 D/ROOMDATE_EventHandler( 4365): analysisNet onSuccess 
12-23 14:20:19.263 D/IJKMEDIA( 3677): FFP_MSG_BUFFERING_START:
12-23 14:20:19.482 D/IJKMEDIA( 3677): ijkmp_get_msg: FFP_MSG_SEEK_COMPLETE
12-23 14:20:19.482 D/IJKMEDIA( 3677): FFP_MSG_SEEK_COMPLETE:
12-23 14:20:19.538 I/chromium( 3941): [INFO:CONSOLE(36)] "[KMSplit:kmtvgame:28626] [OpenJS] recv data: {"cmdid":"keepAlive","sessionid":1000,"tvgameid":"dicegame"}", source: http://192.168.96.40:81/KMGame/public/split/dist/bundle.js?a4f58a91a09970ad7268 (36)
12-23 14:20:19.538 I/chromium( 3941): [INFO:CONSOLE(36)] "[KMSplit:kmtvgame:28626] [OpenJS] recv resp: {"cmdid":"cb_keepAlive","sessionid":1000,"errorcode":"0","errormessage":"success","data":{}}", source: http://192.168.96.40:81/KMGame/public/split/dist/bundle.js?a4f58a91a09970ad7268 (36)
12-23 14:20:19.581 D/IJKMEDIA( 3677): SDL_AMediaCodecJava_flush
12-23 14:20:19.581 I/RTK_OMX_DEC_VIDEO( 2494): In[decoder_flush_video][5414]  pVpu->bWaitOutputFlushDone:0
12-23 14:20:19.582 I/RTK_OMX_DEC_VIDEO( 2494): In[decoder_flush_video][5429]  pVpu->bWaitInputFlushDone:1, int_reason:0
12-23 14:20:19.583 W/RTK_OMX_DEC_VIDEO( 2494): In[decoder_flush_video][5453] WAIT pThreadDec 
12-23 14:20:19.583 I/RTK_OMX_DEC_VIDEO( 2494): In[decoder_flush_video][5594]  video output flush done, timeout_cnt:5000
12-23 14:20:19.583 I/RTK_OMX_DEC_VIDEO( 2494): In[decoder_flush_video][5425]  video input flush done, timeout_cnt:4998
12-23 14:20:19.605 D/RTK_OMX_DEC_VIDEO( 2494): [OMX_VDEC] search I....,indexFrameDecoded: 9, picType: 5(6)
12-23 14:20:19.605 D/RTK_OMX_DEC_VIDEO( 2494): [OMX_VDEC] got I frame!! 5
12-23 14:20:19.642 D/RTK_OMX_DEC_VIDEO( 2494): [OMX_VDEC] DropAndWaitDispIFrm, got I, idx:9!!
12-23 14:20:19.644 I/chromium( 3941): [INFO:CONSOLE(22)] "--------trigger request keepAlive--------", source: http://192.168.96.40:81/Vod/public/Vod/common/js/toVodApi.js?ver=14 (22)
12-23 14:20:19.647 I/chromium( 3941): [INFO:CONSOLE(36)] "[KMSplit:kmtvgame:28626] [OpenJS] recv data: {"cmdid":"keepAlive","sessionid":1000,"data":{},"tvgameid":"smartscreen"}", source: http://192.168.96.40:81/KMGame/public/split/dist/bundle.js?a4f58a91a09970ad7268 (36)
12-23 14:20:19.649 I/chromium( 3941): [INFO:CONSOLE(36)] "[KMSplit:kmtvgame:28626] [OpenJS] recv resp: {"cmdid":"cb_keepAlive","sessionid":1000,"errorcode":"0","errormessage":"success","data":{}}", source: http://192.168.96.40:81/KMGame/public/split/dist/bundle.js?a4f58a91a09970ad7268 (36)
12-23 14:20:19.652 I/chromium( 3941): [INFO:CONSOLE(45)] "[object Object]", source: http://192.168.96.40:81/Vod/public/Vod/common/js/toVodApi.js?ver=14 (45)
12-23 14:20:19.652 I/chromium( 3941): [INFO:CONSOLE(49)] "--------recv:cb_keepAlive--------", source: http://192.168.96.40:81/Vod/public/Vod/common/js/toVodApi.js?ver=14 (49)
12-23 14:20:19.693 D/IJKMEDIA( 3677): FFP_MSG_BUFFERING_END:
12-23 14:20:19.701 D/IJKMEDIA( 3677): FFP_MSG_VIDEO_SEEK_RENDERING_START:
12-23 14:20:19.777 I/chromium( 3941): [INFO:CONSOLE(22)] "--------trigger request keepAlive--------", source: http://192.168.96.40:81/Vod/public/Vod/common/js/toVodApi.js?ver=14 (22)
12-23 14:20:19.778 I/chromium( 3941): [INFO:CONSOLE(36)] "[KMSplit:kmtvgame:28626] [OpenJS] recv data: {"cmdid":"keepAlive","sessionid":1000,"data":{},"tvgameid":"smartscreen"}", source: http://192.168.96.40:81/KMGame/public/split/dist/bundle.js?a4f58a91a09970ad7268 (36)
12-23 14:20:19.779 I/chromium( 3941): [INFO:CONSOLE(36)] "[KMSplit:kmtvgame:28626] [OpenJS] recv resp: {"cmdid":"cb_keepAlive","sessionid":1000,"errorcode":"0","errormessage":"success","data":{}}", source: http://192.168.96.40:81/KMGame/public/split/dist/bundle.js?a4f58a91a09970ad7268 (36)
12-23 14:20:19.781 I/chromium( 3941): [INFO:CONSOLE(45)] "[object Object]", source: http://192.168.96.40:81/Vod/public/Vod/common/js/toVodApi.js?ver=14 (45)
12-23 14:20:19.781 I/chromium( 3941): [INFO:CONSOLE(49)] "--------recv:cb_keepAlive--------", source: http://192.168.96.40:81/Vod/public/Vod/common/js/toVodApi.js?ver=14 (49)
12-23 14:20:19.806 I/chromium( 3941): [INFO:CONSOLE(36)] "[KMSplit:kmtvgame:28626] [OpenJS] recv data: {"cmdid":"keepAlive","sessionid":1000,"tvgameid":"dicegame"}", source: http://192.168.96.40:81/KMGame/public/split/dist/bundle.js?a4f58a91a09970ad7268 (36)
12-23 14:20:19.806 I/chromium( 3941): [INFO:CONSOLE(36)] "[KMSplit:kmtvgame:28626] [OpenJS] recv resp: {"cmdid":"cb_keepAlive","sessionid":1000,"errorcode":"0","errormessage":"success","data":{}}", source: http://192.168.96.40:81/KMGame/public/split/dist/bundle.js?a4f58a91a09970ad7268 (36)
12-23 14:20:20.236 I/chromium( 3941): [INFO:CONSOLE(36)] "[KMSplit:kmtvgame:28626] [OpenJS] recv data: {"cmdid":"keepAlive","sessionid":1000,"tvgameid":"dicegame"}", source: http://192.168.96.40:81/KMGame/public/split/dist/bundle.js?a4f58a91a09970ad7268 (36)
12-23 14:20:20.236 I/chromium( 3941): [INFO:CONSOLE(36)] "[KMSplit:kmtvgame:28626] [OpenJS] recv resp: {"cmdid":"cb_keepAlive","sessionid":1000,"errorcode":"0","errormessage":"success","data":{}}", source: http://192.168.96.40:81/KMGame/public/split/dist/bundle.js?a4f58a91a09970ad7268 (36)
12-23 14:20:20.360 I/chromium( 3941): [INFO:CONSOLE(36)] "[KMSplit:kmtvgame:28626] [OpenJS] recv data: {"cmdid":"keepAlive","sessionid":1000,"tvgameid":"dicegame"}", source: http://192.168.96.40:81/KMGame/public/split/dist/bundle.js?a4f58a91a09970ad7268 (36)
12-23 14:20:20.360 I/chromium( 3941): [INFO:CONSOLE(36)] "[KMSplit:kmtvgame:28626] [OpenJS] recv resp: {"cmdid":"cb_keepAlive","sessionid":1000,"errorcode":"0","errormessage":"success","data":{}}", source: http://192.168.96.40:81/KMGame/public/split/dist/bundle.js?a4f58a91a09970ad7268 (36)
12-23 14:20:21.319 D/WSServer( 3771): [WSServer.java onMessage (68)] onMessage()ç½‘é¡µç«¯æ¥çš„æ¶ˆæ¯->ã€/127.0.0.1:52199ã€‘{"cmd":"heartbeat","connid":"homeplugin_1640160854070","body":{}}
12-23 14:20:21.319 I/KmTrigger( 3771): [WSServer.java updateHeartbeat (183)] update heartbeat,connid=homeplugin_1640160854070
12-23 14:20:21.596 I/chromium( 3941): [INFO:CONSOLE(36)] "[KMSplit:kmtvgame:28626] [OpenJS] recv data: {"cmdid":"keepAlive","sessionid":1000,"tvgameid":"dicegame"}", source: http://192.168.96.40:81/KMGame/public/split/dist/bundle.js?a4f58a91a09970ad7268 (36)
12-23 14:20:21.596 I/chromium( 3941): [INFO:CONSOLE(36)] "[KMSplit:kmtvgame:28626] [OpenJS] recv resp: {"cmdid":"cb_keepAlive","sessionid":1000,"errorcode":"0","errormessage":"success","data":{}}", source: http://192.168.96.40:81/KMGame/public/split/dist/bundle.js?a4f58a91a09970ad7268 (36)
12-23 14:20:21.978 D/MiniKMaxManager( 3677): scheduleNextScene show next
12-23 14:20:21.978 D/TVManager( 3677): showAsyncWithBundle:Bundle[{first=false, force=true}]
12-23 14:20:21.978 D/TVManager( 3677): switch to scene:MINI_KMAX, first:false
12-23 14:20:21.978 D/MiniKMaxManager( 3677): set enable by code true
12-23 14:20:21.978 D/MiniKMaxManager( 3677): getNextMiniKMaxScene 
12-23 14:20:21.978 I/MiniKMaxManager( 3677): set random time=12,songtype=0
12-23 14:20:21.978 I/MiniKMaxManager( 3677): scheduleNextScene delay time =12(s)
12-23 14:20:21.979 D/MiniKMaxManager( 3677): onStageEnter DemandPublicBroadcastStage StageCursor 1
12-23 14:20:21.979 D/MiniKMaxManager( 3677): songType 0
12-23 14:20:21.979 D/MiniKMaxManager( 3677): scene id = 11 scene name = é›ªèŠ±æ£®æž—
12-23 14:20:21.979 D/IJKMEDIA( 3677): ijkmp_stop()
12-23 14:20:21.979 D/IJKMEDIA( 3677): ijkmp_stop()=0
12-23 14:20:21.979 I/IJKMEDIA( 3677): message_loop exit
12-23 14:20:21.979 D/IJKMEDIA( 3677): IjkMediaPlayer_reset
12-23 14:20:21.979 D/IJKMEDIA( 3677): IjkMediaPlayer_release
12-23 14:20:21.979 I/IJKMEDIA( 3677): SDL_JNI_DetachThreadEnv: [25644]
12-23 14:20:21.979 D/IJKMEDIA( 3677): ijkmp_set_android_surface(surface=0x0)
12-23 14:20:21.979 D/IJKMEDIA( 3677): ffpipeline_set_surface()
12-23 14:20:21.979 D/IJKMEDIA( 3677): SDL_AMediaCodec_decreaseReference(): ref=1
12-23 14:20:21.979 D/IJKMEDIA( 3677): ijkmp_set_android_surface(surface=0x0)=void
12-23 14:20:21.979 D/IJKMEDIA( 3677): ijkmp_shutdown_l()
12-23 14:20:21.981 I/IJKMEDIA( 3677): SDL_JNI_DetachThreadEnv: [25645]
12-23 14:20:22.007 I/IJKMEDIA( 3677): SDL_JNI_DetachThreadEnv: [25646]
12-23 14:20:22.054 I/IJKMEDIA( 3677): MediaCodec: enqueue_thread_func: exit: 0
12-23 14:20:22.054 I/IJKMEDIA( 3677): SDL_JNI_DetachThreadEnv: [25660]
12-23 14:20:22.057 D/IJKMEDIA( 3677): SDL_AMediaCodecJava_stop
12-23 14:20:22.057 I/RTK_OMX_VDecoder( 2494): ASYNC: has cmd!!! break the decoded while loop!!in 7043 datalen:67317 EOS:0 
12-23 14:20:22.059 D/RTK_OMX_DEC_VIDEO( 2494): [0;36mBUFFERCMD_RESET_BUF, pVpu->nRegCount : 12, phyAddress : 0x09e36000, bDttachMemory : 1[m
12-23 14:20:22.060 I/VPUAPI  ( 2494): [VDI] vdi_dettach_dma_memory, physaddr=0x9e36000, virtaddr=0x20, size=8, index=31
12-23 14:20:22.061 D/RTK_OMX_DEC_VIDEO( 2494): [0;36mBUFFERCMD_RESET_BUF, pVpu->nRegCount : 11, phyAddress : 0x09b93000, bDttachMemory : 1[m
12-23 14:20:22.061 I/VPUAPI  ( 2494): [VDI] vdi_dettach_dma_memory, physaddr=0x9b93000, virtaddr=0xffb94c88, size=8, index=30
12-23 14:20:22.061 D/RTK_OMX_DEC_VIDEO( 2494): [0;36mBUFFERCMD_RESET_BUF, pVpu->nRegCount : 10, phyAddress : 0x098f0000, bDttachMemory : 1[m
12-23 14:20:22.061 I/VPUAPI  ( 2494): [VDI] vdi_dettach_dma_memory, physaddr=0x98f0000, virtaddr=0x0, size=8, index=29
12-23 14:20:22.062 D/RTK_OMX_DEC_VIDEO( 2494): [0;36mBUFFERCMD_RESET_BUF, pVpu->nRegCount : 9, phyAddress : 0x0964d000, bDttachMemory : 1[m
12-23 14:20:22.062 I/VPUAPI  ( 2494): [VDI] vdi_dettach_dma_memory, physaddr=0x964d000, virtaddr=0xf653e9c4, size=8, index=28
12-23 14:20:22.062 D/RTK_OMX_DEC_VIDEO( 2494): [0;36mBUFFERCMD_RESET_BUF, pVpu->nRegCount : 8, phyAddress : 0x093aa000, bDttachMemory : 1[m
12-23 14:20:22.062 I/VPUAPI  ( 2494): [VDI] vdi_dettach_dma_memory, physaddr=0x93aa000, virtaddr=0xf29e6120, size=8, index=27
12-23 14:20:22.063 D/RTK_OMX_DEC_VIDEO( 2494): [0;36mBUFFERCMD_RESET_BUF, pVpu->nRegCount : 7, phyAddress : 0x09107000, bDttachMemory : 1[m
12-23 14:20:22.063 I/VPUAPI  ( 2494): [VDI] vdi_dettach_dma_memory, physaddr=0x9107000, virtaddr=0xffffff84, size=8, index=26
12-23 14:20:22.063 D/RTK_OMX_DEC_VIDEO( 2494): [0;36mBUFFERCMD_RESET_BUF, pVpu->nRegCount : 6, phyAddress : 0x08e64000, bDttachMemory : 1[m
12-23 14:20:22.063 I/VPUAPI  ( 2494): [VDI] vdi_dettach_dma_memory, physaddr=0x8e64000, virtaddr=0xffffff84, size=8, index=25
12-23 14:20:22.064 D/RTK_OMX_DEC_VIDEO( 2494): [0;36mBUFFERCMD_RESET_BUF, pVpu->nRegCount : 5, phyAddress : 0x08bc1000, bDttachMemory : 1[m
12-23 14:20:22.064 I/VPUAPI  ( 2494): [VDI] vdi_dettach_dma_memory, physaddr=0x8bc1000, virtaddr=0xffffff84, size=8, index=24
12-23 14:20:22.064 D/RTK_OMX_DEC_VIDEO( 2494): [0;36mBUFFERCMD_RESET_BUF, pVpu->nRegCount : 4, phyAddress : 0x0891e000, bDttachMemory : 1[m
12-23 14:20:22.064 I/VPUAPI  ( 2494): [VDI] vdi_dettach_dma_memory, physaddr=0x891e000, virtaddr=0xf20, size=8, index=23
12-23 14:20:22.064 D/RTK_OMX_DEC_VIDEO( 2494): [0;36mBUFFERCMD_RESET_BUF, pVpu->nRegCount : 3, phyAddress : 0x0867b000, bDttachMemory : 1[m
12-23 14:20:22.065 I/VPUAPI  ( 2494): [VDI] vdi_dettach_dma_memory, physaddr=0x867b000, virtaddr=0xf653e9c4, size=8, index=22
12-23 14:20:22.065 D/RTK_OMX_DEC_VIDEO( 2494): [0;36mBUFFERCMD_RESET_BUF, pVpu->nRegCount : 2, phyAddress : 0x083d8000, bDttachMemory : 1[m
12-23 14:20:22.065 I/VPUAPI  ( 2494): [VDI] vdi_dettach_dma_memory, physaddr=0x83d8000, virtaddr=0xffffff84, size=8, index=21
12-23 14:20:22.065 D/RTK_OMX_DEC_VIDEO( 2494): [0;36mBUFFERCMD_RESET_BUF, pVpu->nRegCount : 1, phyAddress : 0x07e92000, bDttachMemory : 1[m
12-23 14:20:22.065 I/VPUAPI  ( 2494): [VDI] vdi_dettach_dma_memory, physaddr=0x7e92000, virtaddr=0xffffff84, size=8, index=20
12-23 14:20:22.068 I/RTK_OMX_DEC_VIDEO( 2494): In[decoder_flush_video][5429]  pVpu->bWaitInputFlushDone:0, int_reason:0
12-23 14:20:22.070 W/RTK_OMX_DEC_VIDEO( 2494): In[decoder_flush_video][5453] WAIT pThreadDec 
12-23 14:20:22.070 I/RTK_OMX_DEC_VIDEO( 2494): In[decoder_flush_video][5594]  video output flush done, timeout_cnt:0
12-23 14:20:22.081 D/IJKMEDIA( 3677): SDL_AMediaCodec_decreaseReference(): ref=0
12-23 14:20:22.081 I/IJKMEDIA( 3677): SDL_AMediaCodecJava_delete
12-23 14:20:22.081 D/RTK_OMX_VDecoder( 2494): API: waiting for thread to finish
12-23 14:20:22.082 D/RTK_OMX_VDecoder( 2494): ASYNC: got CMD_EXIT_LOOP
12-23 14:20:22.083 V/EvLog   ( 3829): [VirtualRoomStatusPreview.java::roommemberChange::345]roommemberChange
12-23 14:20:22.092 D/RTK_OMX_VDecoder( 2494): ASYNC: Output thread: got CMD_EXIT_LOOP
12-23 14:20:22.102 I/RTK_OMX_DEC_VIDEO( 2494): ====== In[decoder_destroy_video][5612] =======
12-23 14:20:22.103 W/RTK_OMX_DEC_VIDEO( 2494): In[decoder_destroy_video][5638] WAIT pThreadDec 
12-23 14:20:22.103 I/VPUAPI  ( 2494): [VDI] vdi_dettach_dma_memory, physaddr=0x7769000, virtaddr=0xe9981000, size=4194304, index=18
12-23 14:20:22.107 I/VPUAPI  ( 2494): [VDI] vdi_free_dma_memory, physaddr=0xa72d000, virtaddr=0xe492c000, size=7077888
12-23 14:20:22.107 I/VPUAPI  ( 2494): [VDI] vdi_free_dma_memory, physaddr=0x7b69000, virtaddr=0xe9825000, size=1425408
12-23 14:20:22.109 I/VPUAPI  ( 2494): [VDI] vdi_free_dma_memory, physaddr=0xa0d9000, virtaddr=0xe4fec000, size=6635520
12-23 14:20:22.116 I/IJKMEDIA( 3677): MediaCodec: func_run_sync: exit: -1
12-23 14:20:22.116 I/IJKMEDIA( 3677): SDL_JNI_DetachThreadEnv: [25659]
12-23 14:20:22.118 I/IJKMEDIA( 3677): ext_sub_ctx_destroy 0 streams
12-23 14:20:22.120 I/IJKMEDIA( 3677): [seek filter]uninit
12-23 14:20:22.121 W/IJKMEDIA( 3677): SDL_VoutAndroid_releaseBufferProxy_l: [0] ???????? proxy 0: vout: 0 idx: -1 render: false fake: NO
12-23 14:20:22.121 W/IJKMEDIA( 3677): SDL_VoutAndroid_releaseBufferProxy_l: [0] ???????? proxy 0: vout: 0 idx: -1 render: false fake: NO
12-23 14:20:22.121 D/IJKMEDIA( 3677): ijkmp_shutdown_l()=void
12-23 14:20:22.121 D/IJKMEDIA( 3677): IjkMediaPlayer_native_setup
12-23 14:20:22.121 I/IJKMEDIA( 3677): av_version_info: 6605d0e
12-23 14:20:22.121 I/IJKMEDIA( 3677): ijk_version_info: 117
12-23 14:20:22.121 D/IJKMEDIA( 3677): ffpipeline_create_from_android()
12-23 14:20:22.121 D/IJKMEDIA( 3677): ijkmp_set_inject_opaque(0x682)
12-23 14:20:22.121 D/IJKMEDIA( 3677): ijkmp_set_inject_opaque()=void
12-23 14:20:22.121 D/IJKMEDIA( 3677): ijkmp_set_ijkio_inject_opaque(0x682)
12-23 14:20:22.122 D/IJKMEDIA( 3677): ijkmp_set_ijkio_inject_opaque()=void
12-23 14:20:22.122 D/IJKMEDIA( 3677): ijkmp_android_set_mediacodec_select_callback()
12-23 14:20:22.122 D/IJKMEDIA( 3677): ffpipeline_set_mediacodec_select_callback
12-23 14:20:22.122 D/IJKMEDIA( 3677): ijkmp_android_set_mediacodec_select_callback()=void
12-23 14:20:22.122 D/IJKMEDIA( 3677): ijkmp_dec_ref(): ref=0
12-23 14:20:22.122 D/IJKMEDIA( 3677): ijkmp_shutdown_l()
12-23 14:20:22.122 D/IJKMEDIA( 3677): ijkmp_shutdown_l()=void
12-23 14:20:22.122 I/IJKMEDIA( 3677): [fadein]destroy fadein
12-23 14:20:22.124 I/EvMediaPlayer( 3677): ensureSetting: latency=0
12-23 14:20:22.124 D/IJKMEDIA( 3677): ijkMediaPlayer_setAudioStreamType
12-23 14:20:22.124 D/IJKMEDIA( 3677): ijkmp_set_audio_stream_type
12-23 14:20:22.124 D/IJKMEDIA( 3677): ijkmp_set_audio_stream_type=0
12-23 14:20:22.124 D/IJKMEDIA( 3677): IjkMediaPlayer_setVideoSurface
12-23 14:20:22.124 D/IJKMEDIA( 3677): ijkmp_set_android_surface(surface=0x0)
12-23 14:20:22.124 D/IJKMEDIA( 3677): ffpipeline_set_surface()
12-23 14:20:22.124 D/IJKMEDIA( 3677): ijkmp_set_android_surface(surface=0x0)=void
12-23 14:20:22.124 D/PersonalTailorRender( 3677): create media player
12-23 14:20:22.124 D/PersonalTailorRender( 3677): resetPhotoMsg mMediaPlayer
12-23 14:20:22.125 D/IJKMEDIA( 3677): IjkMediaPlayer_setDataSourceAndHeaders
12-23 14:20:22.125 V/IJKMEDIA( 3677): setDataSource: path vohttp://192.168.96.73:9166/download/public/minikmaxvideo/xhsl.evb
12-23 14:20:22.125 D/IJKMEDIA( 3677): ijkmp_set_data_source(url="vohttp://192.168.96.73:9166/download/public/minikmaxvideo/xhsl.evb")
12-23 14:20:22.125 D/IJKMEDIA( 3677): ijkmp_set_data_source(url="vohttp://192.168.96.73:9166/download/public/minikmaxvideo/xhsl.evb")=0
12-23 14:20:22.125 D/IJKMEDIA( 3677): ijkMediaPlayer_setAudioStreamType
12-23 14:20:22.125 D/IJKMEDIA( 3677): ijkmp_set_audio_stream_type
12-23 14:20:22.125 D/IJKMEDIA( 3677): ijkmp_set_audio_stream_type=0
12-23 14:20:22.125 D/IJKMEDIA( 3677): IjkMediaPlayer_prepareAsync
12-23 14:20:22.125 D/IJKMEDIA( 3677): ijkmp_prepare_async()
12-23 14:20:22.125 I/IJKMEDIA( 3677): ===== versions =====
12-23 14:20:22.125 I/IJKMEDIA( 3677): flavor       : well_done
12-23 14:20:22.125 I/IJKMEDIA( 3677): ijkplayer    : 117
12-23 14:20:22.125 I/IJKMEDIA( 3677): FFmpeg       : 6605d0e
12-23 14:20:22.125 I/IJKMEDIA( 3677): libavutil    : 55.78.100
12-23 14:20:22.125 I/IJKMEDIA( 3677): libavcodec   : 57.107.100
12-23 14:20:22.125 I/IJKMEDIA( 3677): libavformat  : 57.83.100
12-23 14:20:22.125 I/IJKMEDIA( 3677): libswscale   : 4.8.100
12-23 14:20:22.125 I/IJKMEDIA( 3677): libswresample: 2.9.100
12-23 14:20:22.125 I/IJKMEDIA( 3677): ===== options =====
12-23 14:20:22.125 I/IJKMEDIA( 3677): player-opts : mediacodec                   = 1
12-23 14:20:22.125 I/IJKMEDIA( 3677): player-opts : mediacodec-hevc              = 1
12-23 14:20:22.125 I/IJKMEDIA( 3677): player-opts : mediacodec-mpeg2             = 1
12-23 14:20:22.125 I/IJKMEDIA( 3677): player-opts : mediacodec-auto-rotate       = 0
12-23 14:20:22.125 I/IJKMEDIA( 3677): player-opts : opensles                     = 0
12-23 14:20:22.125 I/IJKMEDIA( 3677): player-opts : overlay-format               = fcc-rv32
12-23 14:20:22.126 I/IJKMEDIA( 3677): player-opts : framedrop                    = 1
12-23 14:20:22.126 I/IJKMEDIA( 3677): player-opts : start-on-prepared            = 0
12-23 14:20:22.126 I/IJKMEDIA( 3677): player-opts : user-audio-latency-ms        = 0
12-23 14:20:22.126 I/IJKMEDIA( 3677): SDL_RunThread: [25694] ff_msg_loop
12-23 14:20:22.126 I/IJKMEDIA( 3677): format-opts : ijkapplication               = -734936608
12-23 14:20:22.126 I/IJKMEDIA( 3677): message_loop
12-23 14:20:22.126 I/IJKMEDIA( 3677): format-opts : ijkiomanager                 = -186077696
12-23 14:20:22.126 I/IJKMEDIA( 3677): format-opts : http-detect-range-support    = 0
12-23 14:20:22.126 I/IJKMEDIA( 3677): ===================
12-23 14:20:22.127 D/IJKMEDIA( 3677): FFP_MSG_FLUSH:
12-23 14:20:22.128 I/IJKMEDIA( 3677): [seek filter]init
12-23 14:20:22.129 D/IJKMEDIA( 3677): ijkmp_prepare_async()=0
12-23 14:20:22.129 I/IJKMEDIA( 3677): SDL_RunThread: [25695] ff_vout
12-23 14:20:22.129 I/IJKMEDIA( 3677): SDL_RunThread: [25696] ff_read
12-23 14:20:22.129 D/PersonalTailorRender( 3677): play mMediaPlayerMiniKMax
12-23 14:20:22.129 D/IJKMEDIA( 3677): IjkMediaPlayer_setVideoSurface
12-23 14:20:22.129 D/IJKMEDIA( 3677): ijkmp_set_android_surface(surface=0xef7ff340)
12-23 14:20:22.129 D/IJKMEDIA( 3677): ffpipeline_set_surface()
12-23 14:20:22.129 D/IJKMEDIA( 3677): ijkmp_set_android_surface(surface=0xef7ff340)=void
12-23 14:20:22.131 E/EvLog   ( 3726): [StationImpl.java::prepareTask::235][3677_4505]no app care about your message: Mail{from=3677, msgId=4505, uri='evideostb://api/kmax/scene/change/info', message='{"kmaxMode":"lite","sceneId":"11","sceneName":"é›ªèŠ±æ£®æž—","source":0}'}
12-23 14:20:22.131 E/EvLog   ( 3726): [StationImpl.java::post::261][3677_4505]finish post: can't create task
12-23 14:20:22.132 D/TVManager( 3677): switchScene screen name : é›ªèŠ±æ£®æž—
12-23 14:20:22.153 I/IJKMEDIA( 3677): check read(0): 32768
12-23 14:20:22.154 I/IJKMEDIA( 3677): video format IS encrpted
12-23 14:20:22.155 E/IJKMEDIA( 3677): Option ijkiomanager not found.
12-23 14:20:22.155 D/IJKMEDIA( 3677): FFP_MSG_OPEN_INPUT:
12-23 14:20:22.238 D/IJKMEDIA( 3677): FFP_MSG_FIND_STREAM_INFO:
12-23 14:20:22.238 I/IJKMEDIA( 3677): max_frame_duration: 3600.000
12-23 14:20:22.238 I/IJKMEDIA( 3677): Input #0, matroska,webm, from 'vohttp://192.168.96.73:9166/download/public/minikmaxvideo/xhsl.evb':
12-23 14:20:22.238 I/IJKMEDIA( 3677):   Metadata:
12-23 14:20:22.238 I/IJKMEDIA( 3677):     COMPATIBLE_BRANDS: 
12-23 14:20:22.238 I/IJKMEDIA( 3677): mp42mp41
12-23 14:20:22.238 I/IJKMEDIA( 3677): 
12-23 14:20:22.238 I/IJKMEDIA( 3677):     MAJOR_BRAND     : 
12-23 14:20:22.238 I/IJKMEDIA( 3677): mp42
12-23 14:20:22.238 I/IJKMEDIA( 3677): 
12-23 14:20:22.238 I/IJKMEDIA( 3677):     MINOR_VERSION   : 
12-23 14:20:22.238 I/IJKMEDIA( 3677): 0
12-23 14:20:22.238 I/IJKMEDIA( 3677): 
12-23 14:20:22.238 I/IJKMEDIA( 3677):     ENCODER         : 
12-23 14:20:22.238 I/IJKMEDIA( 3677): Lavf56.33.101
12-23 14:20:22.238 I/IJKMEDIA( 3677): 
12-23 14:20:22.238 I/IJKMEDIA( 3677):   Duration: 
12-23 14:20:22.238 I/IJKMEDIA( 3677): 00:00:19.80
12-23 14:20:22.238 I/IJKMEDIA( 3677): , start: 
12-23 14:20:22.238 I/IJKMEDIA( 3677): 0.000000
12-23 14:20:22.238 I/IJKMEDIA( 3677): , bitrate: 
12-23 14:20:22.238 I/IJKMEDIA( 3677): 1028 kb/s
12-23 14:20:22.238 I/IJKMEDIA( 3677): 
12-23 14:20:22.238 I/IJKMEDIA( 3677):     Stream #0:0
12-23 14:20:22.238 I/IJKMEDIA( 3677): (eng)
12-23 14:20:22.238 I/IJKMEDIA( 3677): : Video: h264, yuv420p(progressive), 1280x1440
12-23 14:20:22.238 I/IJKMEDIA( 3677): , SAR 1:1 DAR 8:9
12-23 14:20:22.238 I/IJKMEDIA( 3677): , 
12-23 14:20:22.238 I/IJKMEDIA( 3677): 25 fps, 
12-23 14:20:22.238 I/IJKMEDIA( 3677): 25 tbr, 
12-23 14:20:22.238 I/IJKMEDIA( 3677): 1k tbn, 
12-23 14:20:22.238 I/IJKMEDIA( 3677): 50 tbc
12-23 14:20:22.238 I/IJKMEDIA( 3677):  (default)
12-23 14:20:22.238 I/IJKMEDIA( 3677): 
12-23 14:20:22.238 I/IJKMEDIA( 3677):     Metadata:
12-23 14:20:22.238 I/IJKMEDIA( 3677):       CREATION_TIME   : 
12-23 14:20:22.238 I/IJKMEDIA( 3677): 2017-09-20 06:10:09
12-23 14:20:22.238 I/IJKMEDIA( 3677): 
12-23 14:20:22.238 I/IJKMEDIA( 3677):       LANGUAGE        : 
12-23 14:20:22.238 I/IJKMEDIA( 3677): eng
